// Validating benchmarks:
// ***** BenchmarkRunner: Start   *****
// ***** Found 8 benchmark(s) in total *****
// ***** Building 1 exe(s) in Parallel: Start   *****
// start dotnet  restore --nodeReuse:false /p:UseSharedCompilation=false /p:Deterministic=true /p:Optimize=true /p:ArtifactsPath="D:\Gourny .Net\Learn c#\training schedule\training schedule\bin\Release\net10.0\training schedule-DefaultJob-1/" /p:OutDir="D:\Gourny .Net\Learn c#\training schedule\training schedule\bin\Release\net10.0\training schedule-DefaultJob-1\bin\Release\net10.0/" /p:OutputPath="D:\Gourny .Net\Learn c#\training schedule\training schedule\bin\Release\net10.0\training schedule-DefaultJob-1\bin\Release\net10.0/" /p:PublishDir="D:\Gourny .Net\Learn c#\training schedule\training schedule\bin\Release\net10.0\training schedule-DefaultJob-1\publish/" in D:\Gourny .Net\Learn c#\training schedule\training schedule\bin\Release\net10.0\training schedule-DefaultJob-1
// command took 1.46 sec and exited with 0
// start dotnet  build -c Release --no-restore --nodeReuse:false /p:UseSharedCompilation=false /p:Deterministic=true /p:Optimize=true /p:ArtifactsPath="D:\Gourny .Net\Learn c#\training schedule\training schedule\bin\Release\net10.0\training schedule-DefaultJob-1/" /p:OutDir="D:\Gourny .Net\Learn c#\training schedule\training schedule\bin\Release\net10.0\training schedule-DefaultJob-1\bin\Release\net10.0/" /p:OutputPath="D:\Gourny .Net\Learn c#\training schedule\training schedule\bin\Release\net10.0\training schedule-DefaultJob-1\bin\Release\net10.0/" /p:PublishDir="D:\Gourny .Net\Learn c#\training schedule\training schedule\bin\Release\net10.0\training schedule-DefaultJob-1\publish/" --output "D:\Gourny .Net\Learn c#\training schedule\training schedule\bin\Release\net10.0\training schedule-DefaultJob-1\bin\Release\net10.0/" in D:\Gourny .Net\Learn c#\training schedule\training schedule\bin\Release\net10.0\training schedule-DefaultJob-1
// command took 5.65 sec and exited with 0
// ***** Done, took 00:00:07 (7.19 sec)   *****
// Found 8 benchmarks:
//   BenchmarkClass.BuildReportString: DefaultJob [iteration=100]
//   BenchmarkClass.BuildReportStringBuilder: DefaultJob [iteration=100]
//   BenchmarkClass.BuildReportString: DefaultJob [iteration=1000]
//   BenchmarkClass.BuildReportStringBuilder: DefaultJob [iteration=1000]
//   BenchmarkClass.BuildReportString: DefaultJob [iteration=10000]
//   BenchmarkClass.BuildReportStringBuilder: DefaultJob [iteration=10000]
//   BenchmarkClass.BuildReportString: DefaultJob [iteration=100000]
//   BenchmarkClass.BuildReportStringBuilder: DefaultJob [iteration=100000]

Setup power plan (GUID: 8c5e7fda-e8bf-4a96-9a85-a6e23a8c635c FriendlyName: High performance)
// **************************
// Benchmark: BenchmarkClass.BuildReportString: DefaultJob [iteration=100]
// *** Execute ***
// Launch: 1 / 1
// Execute: dotnet "training schedule-DefaultJob-1.dll" --anonymousPipes 1476 1508 --benchmarkName "training_schedule.BenchmarkClass.BuildReportString(iteration: 100)" --job Default --benchmarkId 0 in D:\Gourny .Net\Learn c#\training schedule\training schedule\bin\Release\net10.0\training schedule-DefaultJob-1\bin\Release\net10.0
// BeforeAnythingElse

// Benchmark Process Environment Information:
// BenchmarkDotNet v0.15.8
// Runtime=.NET 10.0.12 (10.0.12, 10.0.1226.42308), X64 RyuJIT x86-64-v3
// GC=Concurrent Workstation
// HardwareIntrinsics=AVX2+BMI1+BMI2+F16C+FMA+LZCNT+MOVBE,AVX,SSE3+SSSE3+SSE4.1+SSE4.2+POPCNT,X86Base+SSE+SSE2,AES+PCLMUL VectorSize=256
// Job: DefaultJob

OverheadJitting  1: 1 op, 228900.00 ns, 228.9000 us/op
WorkloadJitting  1: 1 op, 359400.00 ns, 359.4000 us/op

OverheadJitting  2: 16 op, 456600.00 ns, 28.5375 us/op
WorkloadJitting  2: 16 op, 657700.00 ns, 41.1063 us/op

WorkloadPilot    1: 16 op, 94700.00 ns, 5.9188 us/op
WorkloadPilot    2: 32 op, 256900.00 ns, 8.0281 us/op
WorkloadPilot    3: 64 op, 525500.00 ns, 8.2109 us/op
WorkloadPilot    4: 128 op, 1075400.00 ns, 8.4016 us/op
WorkloadPilot    5: 256 op, 4464400.00 ns, 17.4391 us/op
WorkloadPilot    6: 512 op, 2867100.00 ns, 5.5998 us/op
WorkloadPilot    7: 1024 op, 3979300.00 ns, 3.8860 us/op
WorkloadPilot    8: 2048 op, 11511500.00 ns, 5.6208 us/op
WorkloadPilot    9: 4096 op, 19705300.00 ns, 4.8109 us/op
WorkloadPilot   10: 8192 op, 39140500.00 ns, 4.7779 us/op
WorkloadPilot   11: 16384 op, 69542100.00 ns, 4.2445 us/op
WorkloadPilot   12: 32768 op, 99642800.00 ns, 3.0409 us/op
WorkloadPilot   13: 65536 op, 151294200.00 ns, 2.3086 us/op
WorkloadPilot   14: 131072 op, 313559800.00 ns, 2.3923 us/op
WorkloadPilot   15: 262144 op, 581931800.00 ns, 2.2199 us/op

OverheadWarmup   1: 262144 op, 568500.00 ns, 2.1687 ns/op
OverheadWarmup   2: 262144 op, 565800.00 ns, 2.1584 ns/op
OverheadWarmup   3: 262144 op, 565400.00 ns, 2.1568 ns/op
OverheadWarmup   4: 262144 op, 703700.00 ns, 2.6844 ns/op
OverheadWarmup   5: 262144 op, 674800.00 ns, 2.5742 ns/op
OverheadWarmup   6: 262144 op, 578000.00 ns, 2.2049 ns/op
OverheadWarmup   7: 262144 op, 565500.00 ns, 2.1572 ns/op
OverheadWarmup   8: 262144 op, 565500.00 ns, 2.1572 ns/op
OverheadWarmup   9: 262144 op, 569000.00 ns, 2.1706 ns/op

OverheadActual   1: 262144 op, 565400.00 ns, 2.1568 ns/op
OverheadActual   2: 262144 op, 567800.00 ns, 2.1660 ns/op
OverheadActual   3: 262144 op, 570000.00 ns, 2.1744 ns/op
OverheadActual   4: 262144 op, 565300.00 ns, 2.1564 ns/op
OverheadActual   5: 262144 op, 567900.00 ns, 2.1664 ns/op
OverheadActual   6: 262144 op, 567700.00 ns, 2.1656 ns/op
OverheadActual   7: 262144 op, 565400.00 ns, 2.1568 ns/op
OverheadActual   8: 262144 op, 597300.00 ns, 2.2785 ns/op
OverheadActual   9: 262144 op, 794000.00 ns, 3.0289 ns/op
OverheadActual  10: 262144 op, 572300.00 ns, 2.1832 ns/op
OverheadActual  11: 262144 op, 566100.00 ns, 2.1595 ns/op
OverheadActual  12: 262144 op, 569200.00 ns, 2.1713 ns/op
OverheadActual  13: 262144 op, 567000.00 ns, 2.1629 ns/op
OverheadActual  14: 262144 op, 566400.00 ns, 2.1606 ns/op
OverheadActual  15: 262144 op, 570200.00 ns, 2.1751 ns/op

WorkloadWarmup   1: 262144 op, 596470300.00 ns, 2.2754 us/op
WorkloadWarmup   2: 262144 op, 571144300.00 ns, 2.1787 us/op
WorkloadWarmup   3: 262144 op, 572210800.00 ns, 2.1828 us/op
WorkloadWarmup   4: 262144 op, 568558200.00 ns, 2.1689 us/op
WorkloadWarmup   5: 262144 op, 572281500.00 ns, 2.1831 us/op
WorkloadWarmup   6: 262144 op, 564499300.00 ns, 2.1534 us/op

// BeforeActualRun
WorkloadActual   1: 262144 op, 581637700.00 ns, 2.2188 us/op
WorkloadActual   2: 262144 op, 684181700.00 ns, 2.6099 us/op
WorkloadActual   3: 262144 op, 776298600.00 ns, 2.9613 us/op
WorkloadActual   4: 262144 op, 673537200.00 ns, 2.5693 us/op
WorkloadActual   5: 262144 op, 664993500.00 ns, 2.5367 us/op
WorkloadActual   6: 262144 op, 673431600.00 ns, 2.5689 us/op
WorkloadActual   7: 262144 op, 673884900.00 ns, 2.5707 us/op
WorkloadActual   8: 262144 op, 670631800.00 ns, 2.5583 us/op
WorkloadActual   9: 262144 op, 684436000.00 ns, 2.6109 us/op
WorkloadActual  10: 262144 op, 686560900.00 ns, 2.6190 us/op
WorkloadActual  11: 262144 op, 696303200.00 ns, 2.6562 us/op
WorkloadActual  12: 262144 op, 701493400.00 ns, 2.6760 us/op
WorkloadActual  13: 262144 op, 718420400.00 ns, 2.7406 us/op
WorkloadActual  14: 262144 op, 731646400.00 ns, 2.7910 us/op
WorkloadActual  15: 262144 op, 707084800.00 ns, 2.6973 us/op
WorkloadActual  16: 262144 op, 704541500.00 ns, 2.6876 us/op
WorkloadActual  17: 262144 op, 718909300.00 ns, 2.7424 us/op
WorkloadActual  18: 262144 op, 795127400.00 ns, 3.0332 us/op
WorkloadActual  19: 262144 op, 774890100.00 ns, 2.9560 us/op
WorkloadActual  20: 262144 op, 837680900.00 ns, 3.1955 us/op
WorkloadActual  21: 262144 op, 733446400.00 ns, 2.7979 us/op
WorkloadActual  22: 262144 op, 762878600.00 ns, 2.9102 us/op
WorkloadActual  23: 262144 op, 803188900.00 ns, 3.0639 us/op
WorkloadActual  24: 262144 op, 766958300.00 ns, 2.9257 us/op
WorkloadActual  25: 262144 op, 775180200.00 ns, 2.9571 us/op
WorkloadActual  26: 262144 op, 729945500.00 ns, 2.7845 us/op
WorkloadActual  27: 262144 op, 774076300.00 ns, 2.9529 us/op
WorkloadActual  28: 262144 op, 709352900.00 ns, 2.7060 us/op
WorkloadActual  29: 262144 op, 731492200.00 ns, 2.7904 us/op
WorkloadActual  30: 262144 op, 751557900.00 ns, 2.8670 us/op
WorkloadActual  31: 262144 op, 698767000.00 ns, 2.6656 us/op
WorkloadActual  32: 262144 op, 671422600.00 ns, 2.5613 us/op
WorkloadActual  33: 262144 op, 680421200.00 ns, 2.5956 us/op
WorkloadActual  34: 262144 op, 682309800.00 ns, 2.6028 us/op
WorkloadActual  35: 262144 op, 663016600.00 ns, 2.5292 us/op
WorkloadActual  36: 262144 op, 663817200.00 ns, 2.5323 us/op
WorkloadActual  37: 262144 op, 685130400.00 ns, 2.6136 us/op
WorkloadActual  38: 262144 op, 794460700.00 ns, 3.0306 us/op
WorkloadActual  39: 262144 op, 681321000.00 ns, 2.5990 us/op
WorkloadActual  40: 262144 op, 662920100.00 ns, 2.5288 us/op
WorkloadActual  41: 262144 op, 670494100.00 ns, 2.5577 us/op
WorkloadActual  42: 262144 op, 663782600.00 ns, 2.5321 us/op
WorkloadActual  43: 262144 op, 666864500.00 ns, 2.5439 us/op
WorkloadActual  44: 262144 op, 663918900.00 ns, 2.5326 us/op
WorkloadActual  45: 262144 op, 667329700.00 ns, 2.5457 us/op
WorkloadActual  46: 262144 op, 657351700.00 ns, 2.5076 us/op
WorkloadActual  47: 262144 op, 661378400.00 ns, 2.5230 us/op
WorkloadActual  48: 262144 op, 669616700.00 ns, 2.5544 us/op
WorkloadActual  49: 262144 op, 658895800.00 ns, 2.5135 us/op
WorkloadActual  50: 262144 op, 668819500.00 ns, 2.5513 us/op
WorkloadActual  51: 262144 op, 664135600.00 ns, 2.5335 us/op
WorkloadActual  52: 262144 op, 652948200.00 ns, 2.4908 us/op
WorkloadActual  53: 262144 op, 657060300.00 ns, 2.5065 us/op
WorkloadActual  54: 262144 op, 670059700.00 ns, 2.5561 us/op
WorkloadActual  55: 262144 op, 703331800.00 ns, 2.6830 us/op
WorkloadActual  56: 262144 op, 791900700.00 ns, 3.0209 us/op
WorkloadActual  57: 262144 op, 721578000.00 ns, 2.7526 us/op
WorkloadActual  58: 262144 op, 780235500.00 ns, 2.9764 us/op
WorkloadActual  59: 262144 op, 718754500.00 ns, 2.7418 us/op
WorkloadActual  60: 262144 op, 829431200.00 ns, 3.1640 us/op
WorkloadActual  61: 262144 op, 902730800.00 ns, 3.4436 us/op
WorkloadActual  62: 262144 op, 714749600.00 ns, 2.7266 us/op
WorkloadActual  63: 262144 op, 700585100.00 ns, 2.6725 us/op
WorkloadActual  64: 262144 op, 692833300.00 ns, 2.6429 us/op
WorkloadActual  65: 262144 op, 668138000.00 ns, 2.5487 us/op
WorkloadActual  66: 262144 op, 661207800.00 ns, 2.5223 us/op
WorkloadActual  67: 262144 op, 662709100.00 ns, 2.5280 us/op
WorkloadActual  68: 262144 op, 655662500.00 ns, 2.5012 us/op
WorkloadActual  69: 262144 op, 668788900.00 ns, 2.5512 us/op
WorkloadActual  70: 262144 op, 665863100.00 ns, 2.5401 us/op
WorkloadActual  71: 262144 op, 654423000.00 ns, 2.4964 us/op
WorkloadActual  72: 262144 op, 667199300.00 ns, 2.5452 us/op
WorkloadActual  73: 262144 op, 704314400.00 ns, 2.6867 us/op
WorkloadActual  74: 262144 op, 659984900.00 ns, 2.5176 us/op
WorkloadActual  75: 262144 op, 672906800.00 ns, 2.5669 us/op
WorkloadActual  76: 262144 op, 671205500.00 ns, 2.5604 us/op
WorkloadActual  77: 262144 op, 656926400.00 ns, 2.5060 us/op
WorkloadActual  78: 262144 op, 720929800.00 ns, 2.7501 us/op
WorkloadActual  79: 262144 op, 689073500.00 ns, 2.6286 us/op
WorkloadActual  80: 262144 op, 726861200.00 ns, 2.7728 us/op
WorkloadActual  81: 262144 op, 710725300.00 ns, 2.7112 us/op
WorkloadActual  82: 262144 op, 742224700.00 ns, 2.8314 us/op
WorkloadActual  83: 262144 op, 683464800.00 ns, 2.6072 us/op
WorkloadActual  84: 262144 op, 700240500.00 ns, 2.6712 us/op
WorkloadActual  85: 262144 op, 707603800.00 ns, 2.6993 us/op
WorkloadActual  86: 262144 op, 708623200.00 ns, 2.7032 us/op
WorkloadActual  87: 262144 op, 694116200.00 ns, 2.6478 us/op
WorkloadActual  88: 262144 op, 753537900.00 ns, 2.8745 us/op
WorkloadActual  89: 262144 op, 764086600.00 ns, 2.9148 us/op
WorkloadActual  90: 262144 op, 721621900.00 ns, 2.7528 us/op
WorkloadActual  91: 262144 op, 716397900.00 ns, 2.7328 us/op
WorkloadActual  92: 262144 op, 727313000.00 ns, 2.7745 us/op
WorkloadActual  93: 262144 op, 738489400.00 ns, 2.8171 us/op
WorkloadActual  94: 262144 op, 703717500.00 ns, 2.6845 us/op
WorkloadActual  95: 262144 op, 729495500.00 ns, 2.7828 us/op
WorkloadActual  96: 262144 op, 756672900.00 ns, 2.8865 us/op
WorkloadActual  97: 262144 op, 704758000.00 ns, 2.6884 us/op
WorkloadActual  98: 262144 op, 698636400.00 ns, 2.6651 us/op
WorkloadActual  99: 262144 op, 747132700.00 ns, 2.8501 us/op
WorkloadActual  100: 262144 op, 692772200.00 ns, 2.6427 us/op

// AfterActualRun
WorkloadResult   1: 262144 op, 581069900.00 ns, 2.2166 us/op
WorkloadResult   2: 262144 op, 683613900.00 ns, 2.6078 us/op
WorkloadResult   3: 262144 op, 775730800.00 ns, 2.9592 us/op
WorkloadResult   4: 262144 op, 672969400.00 ns, 2.5672 us/op
WorkloadResult   5: 262144 op, 664425700.00 ns, 2.5346 us/op
WorkloadResult   6: 262144 op, 672863800.00 ns, 2.5668 us/op
WorkloadResult   7: 262144 op, 673317100.00 ns, 2.5685 us/op
WorkloadResult   8: 262144 op, 670064000.00 ns, 2.5561 us/op
WorkloadResult   9: 262144 op, 683868200.00 ns, 2.6088 us/op
WorkloadResult  10: 262144 op, 685993100.00 ns, 2.6169 us/op
WorkloadResult  11: 262144 op, 695735400.00 ns, 2.6540 us/op
WorkloadResult  12: 262144 op, 700925600.00 ns, 2.6738 us/op
WorkloadResult  13: 262144 op, 717852600.00 ns, 2.7384 us/op
WorkloadResult  14: 262144 op, 731078600.00 ns, 2.7888 us/op
WorkloadResult  15: 262144 op, 706517000.00 ns, 2.6951 us/op
WorkloadResult  16: 262144 op, 703973700.00 ns, 2.6854 us/op
WorkloadResult  17: 262144 op, 718341500.00 ns, 2.7403 us/op
WorkloadResult  18: 262144 op, 794559600.00 ns, 3.0310 us/op
WorkloadResult  19: 262144 op, 774322300.00 ns, 2.9538 us/op
WorkloadResult  20: 262144 op, 732878600.00 ns, 2.7957 us/op
WorkloadResult  21: 262144 op, 762310800.00 ns, 2.9080 us/op
WorkloadResult  22: 262144 op, 802621100.00 ns, 3.0618 us/op
WorkloadResult  23: 262144 op, 766390500.00 ns, 2.9235 us/op
WorkloadResult  24: 262144 op, 774612400.00 ns, 2.9549 us/op
WorkloadResult  25: 262144 op, 729377700.00 ns, 2.7824 us/op
WorkloadResult  26: 262144 op, 773508500.00 ns, 2.9507 us/op
WorkloadResult  27: 262144 op, 708785100.00 ns, 2.7038 us/op
WorkloadResult  28: 262144 op, 730924400.00 ns, 2.7883 us/op
WorkloadResult  29: 262144 op, 750990100.00 ns, 2.8648 us/op
WorkloadResult  30: 262144 op, 698199200.00 ns, 2.6634 us/op
WorkloadResult  31: 262144 op, 670854800.00 ns, 2.5591 us/op
WorkloadResult  32: 262144 op, 679853400.00 ns, 2.5934 us/op
WorkloadResult  33: 262144 op, 681742000.00 ns, 2.6006 us/op
WorkloadResult  34: 262144 op, 662448800.00 ns, 2.5270 us/op
WorkloadResult  35: 262144 op, 663249400.00 ns, 2.5301 us/op
WorkloadResult  36: 262144 op, 684562600.00 ns, 2.6114 us/op
WorkloadResult  37: 262144 op, 793892900.00 ns, 3.0285 us/op
WorkloadResult  38: 262144 op, 680753200.00 ns, 2.5969 us/op
WorkloadResult  39: 262144 op, 662352300.00 ns, 2.5267 us/op
WorkloadResult  40: 262144 op, 669926300.00 ns, 2.5556 us/op
WorkloadResult  41: 262144 op, 663214800.00 ns, 2.5300 us/op
WorkloadResult  42: 262144 op, 666296700.00 ns, 2.5417 us/op
WorkloadResult  43: 262144 op, 663351100.00 ns, 2.5305 us/op
WorkloadResult  44: 262144 op, 666761900.00 ns, 2.5435 us/op
WorkloadResult  45: 262144 op, 656783900.00 ns, 2.5054 us/op
WorkloadResult  46: 262144 op, 660810600.00 ns, 2.5208 us/op
WorkloadResult  47: 262144 op, 669048900.00 ns, 2.5522 us/op
WorkloadResult  48: 262144 op, 658328000.00 ns, 2.5113 us/op
WorkloadResult  49: 262144 op, 668251700.00 ns, 2.5492 us/op
WorkloadResult  50: 262144 op, 663567800.00 ns, 2.5313 us/op
WorkloadResult  51: 262144 op, 652380400.00 ns, 2.4886 us/op
WorkloadResult  52: 262144 op, 656492500.00 ns, 2.5043 us/op
WorkloadResult  53: 262144 op, 669491900.00 ns, 2.5539 us/op
WorkloadResult  54: 262144 op, 702764000.00 ns, 2.6808 us/op
WorkloadResult  55: 262144 op, 791332900.00 ns, 3.0187 us/op
WorkloadResult  56: 262144 op, 721010200.00 ns, 2.7504 us/op
WorkloadResult  57: 262144 op, 779667700.00 ns, 2.9742 us/op
WorkloadResult  58: 262144 op, 718186700.00 ns, 2.7397 us/op
WorkloadResult  59: 262144 op, 714181800.00 ns, 2.7244 us/op
WorkloadResult  60: 262144 op, 700017300.00 ns, 2.6704 us/op
WorkloadResult  61: 262144 op, 692265500.00 ns, 2.6408 us/op
WorkloadResult  62: 262144 op, 667570200.00 ns, 2.5466 us/op
WorkloadResult  63: 262144 op, 660640000.00 ns, 2.5201 us/op
WorkloadResult  64: 262144 op, 662141300.00 ns, 2.5259 us/op
WorkloadResult  65: 262144 op, 655094700.00 ns, 2.4990 us/op
WorkloadResult  66: 262144 op, 668221100.00 ns, 2.5491 us/op
WorkloadResult  67: 262144 op, 665295300.00 ns, 2.5379 us/op
WorkloadResult  68: 262144 op, 653855200.00 ns, 2.4943 us/op
WorkloadResult  69: 262144 op, 666631500.00 ns, 2.5430 us/op
WorkloadResult  70: 262144 op, 703746600.00 ns, 2.6846 us/op
WorkloadResult  71: 262144 op, 659417100.00 ns, 2.5155 us/op
WorkloadResult  72: 262144 op, 672339000.00 ns, 2.5648 us/op
WorkloadResult  73: 262144 op, 670637700.00 ns, 2.5583 us/op
WorkloadResult  74: 262144 op, 656358600.00 ns, 2.5038 us/op
WorkloadResult  75: 262144 op, 720362000.00 ns, 2.7480 us/op
WorkloadResult  76: 262144 op, 688505700.00 ns, 2.6264 us/op
WorkloadResult  77: 262144 op, 726293400.00 ns, 2.7706 us/op
WorkloadResult  78: 262144 op, 710157500.00 ns, 2.7090 us/op
WorkloadResult  79: 262144 op, 741656900.00 ns, 2.8292 us/op
WorkloadResult  80: 262144 op, 682897000.00 ns, 2.6050 us/op
WorkloadResult  81: 262144 op, 699672700.00 ns, 2.6690 us/op
WorkloadResult  82: 262144 op, 707036000.00 ns, 2.6971 us/op
WorkloadResult  83: 262144 op, 708055400.00 ns, 2.7010 us/op
WorkloadResult  84: 262144 op, 693548400.00 ns, 2.6457 us/op
WorkloadResult  85: 262144 op, 752970100.00 ns, 2.8724 us/op
WorkloadResult  86: 262144 op, 763518800.00 ns, 2.9126 us/op
WorkloadResult  87: 262144 op, 721054100.00 ns, 2.7506 us/op
WorkloadResult  88: 262144 op, 715830100.00 ns, 2.7307 us/op
WorkloadResult  89: 262144 op, 726745200.00 ns, 2.7723 us/op
WorkloadResult  90: 262144 op, 737921600.00 ns, 2.8149 us/op
WorkloadResult  91: 262144 op, 703149700.00 ns, 2.6823 us/op
WorkloadResult  92: 262144 op, 728927700.00 ns, 2.7806 us/op
WorkloadResult  93: 262144 op, 756105100.00 ns, 2.8843 us/op
WorkloadResult  94: 262144 op, 704190200.00 ns, 2.6863 us/op
WorkloadResult  95: 262144 op, 698068600.00 ns, 2.6629 us/op
WorkloadResult  96: 262144 op, 746564900.00 ns, 2.8479 us/op
WorkloadResult  97: 262144 op, 692204400.00 ns, 2.6406 us/op
// GC:  1162 1 0 5467275264 262144
// Threading:  0 0 262144

// AfterAll
// Benchmark Process 24120 has exited with code 0.

Mean = 2.675 μs, StdErr = 0.016 μs (0.60%), N = 97, StdDev = 0.157 μs
Min = 2.217 μs, Q1 = 2.549 μs, Median = 2.654 μs, Q3 = 2.771 μs, Max = 3.062 μs
IQR = 0.222 μs, LowerFence = 2.217 μs, UpperFence = 3.103 μs
ConfidenceInterval = [2.620 μs; 2.729 μs] (CI 99.9%), Margin = 0.054 μs (2.02% of Mean)
Skewness = 0.5, Kurtosis = 3.02, MValue = 2.4

// ** Remained 7 (87.5%) benchmark(s) to run. Estimated finish 2026-09-10 18:23 (0h 9m from now) **
Setup power plan (GUID: 8c5e7fda-e8bf-4a96-9a85-a6e23a8c635c FriendlyName: High performance)
// **************************
// Benchmark: BenchmarkClass.BuildReportStringBuilder: DefaultJob [iteration=100]
// *** Execute ***
// Launch: 1 / 1
// Execute: dotnet "training schedule-DefaultJob-1.dll" --anonymousPipes 1532 1412 --benchmarkName "training_schedule.BenchmarkClass.BuildReportStringBuilder(iteration: 100)" --job Default --benchmarkId 1 in D:\Gourny .Net\Learn c#\training schedule\training schedule\bin\Release\net10.0\training schedule-DefaultJob-1\bin\Release\net10.0
// BeforeAnythingElse

// Benchmark Process Environment Information:
// BenchmarkDotNet v0.15.8
// Runtime=.NET 10.0.12 (10.0.12, 10.0.1226.42308), X64 RyuJIT x86-64-v3
// GC=Concurrent Workstation
// HardwareIntrinsics=AVX2+BMI1+BMI2+F16C+FMA+LZCNT+MOVBE,AVX,SSE3+SSSE3+SSE4.1+SSE4.2+POPCNT,X86Base+SSE+SSE2,AES+PCLMUL VectorSize=256
// Job: DefaultJob

OverheadJitting  1: 1 op, 177200.00 ns, 177.2000 us/op
WorkloadJitting  1: 1 op, 452900.00 ns, 452.9000 us/op

OverheadJitting  2: 16 op, 239000.00 ns, 14.9375 us/op
WorkloadJitting  2: 16 op, 239800.00 ns, 14.9875 us/op

WorkloadPilot    1: 16 op, 43000.00 ns, 2.6875 us/op
WorkloadPilot    2: 32 op, 71100.00 ns, 2.2219 us/op
WorkloadPilot    3: 64 op, 151000.00 ns, 2.3594 us/op
WorkloadPilot    4: 128 op, 290600.00 ns, 2.2703 us/op
WorkloadPilot    5: 256 op, 587600.00 ns, 2.2953 us/op
WorkloadPilot    6: 512 op, 1084300.00 ns, 2.1178 us/op
WorkloadPilot    7: 1024 op, 1946800.00 ns, 1.9012 us/op
WorkloadPilot    8: 2048 op, 4078500.00 ns, 1.9915 us/op
WorkloadPilot    9: 4096 op, 7751900.00 ns, 1.8926 us/op
WorkloadPilot   10: 8192 op, 16510300.00 ns, 2.0154 us/op
WorkloadPilot   11: 16384 op, 28436500.00 ns, 1.7356 us/op
WorkloadPilot   12: 32768 op, 56225900.00 ns, 1.7159 us/op
WorkloadPilot   13: 65536 op, 74442200.00 ns, 1.1359 us/op
WorkloadPilot   14: 131072 op, 61925500.00 ns, 472.4541 ns/op
WorkloadPilot   15: 262144 op, 122126100.00 ns, 465.8741 ns/op
WorkloadPilot   16: 524288 op, 239088800.00 ns, 456.0257 ns/op
WorkloadPilot   17: 1048576 op, 479710300.00 ns, 457.4874 ns/op
WorkloadPilot   18: 2097152 op, 945301300.00 ns, 450.7548 ns/op

OverheadWarmup   1: 2097152 op, 4582800.00 ns, 2.1852 ns/op
OverheadWarmup   2: 2097152 op, 4385300.00 ns, 2.0911 ns/op
OverheadWarmup   3: 2097152 op, 4653800.00 ns, 2.2191 ns/op
OverheadWarmup   4: 2097152 op, 4578200.00 ns, 2.1831 ns/op
OverheadWarmup   5: 2097152 op, 4426600.00 ns, 2.1108 ns/op
OverheadWarmup   6: 2097152 op, 4586900.00 ns, 2.1872 ns/op
OverheadWarmup   7: 2097152 op, 4505200.00 ns, 2.1482 ns/op

OverheadActual   1: 2097152 op, 4511100.00 ns, 2.1511 ns/op
OverheadActual   2: 2097152 op, 4504700.00 ns, 2.1480 ns/op
OverheadActual   3: 2097152 op, 4508700.00 ns, 2.1499 ns/op
OverheadActual   4: 2097152 op, 4489100.00 ns, 2.1406 ns/op
OverheadActual   5: 2097152 op, 4500400.00 ns, 2.1460 ns/op
OverheadActual   6: 2097152 op, 4569500.00 ns, 2.1789 ns/op
OverheadActual   7: 2097152 op, 4494100.00 ns, 2.1430 ns/op
OverheadActual   8: 2097152 op, 4627300.00 ns, 2.2065 ns/op
OverheadActual   9: 2097152 op, 4489400.00 ns, 2.1407 ns/op
OverheadActual  10: 2097152 op, 4488200.00 ns, 2.1401 ns/op
OverheadActual  11: 2097152 op, 4512500.00 ns, 2.1517 ns/op
OverheadActual  12: 2097152 op, 4570700.00 ns, 2.1795 ns/op
OverheadActual  13: 2097152 op, 4636200.00 ns, 2.2107 ns/op
OverheadActual  14: 2097152 op, 4502600.00 ns, 2.1470 ns/op
OverheadActual  15: 2097152 op, 4488400.00 ns, 2.1402 ns/op

WorkloadWarmup   1: 2097152 op, 997194300.00 ns, 475.4993 ns/op
WorkloadWarmup   2: 2097152 op, 1024450800.00 ns, 488.4962 ns/op
WorkloadWarmup   3: 2097152 op, 984044100.00 ns, 469.2288 ns/op
WorkloadWarmup   4: 2097152 op, 1000605800.00 ns, 477.1260 ns/op
WorkloadWarmup   5: 2097152 op, 1011439500.00 ns, 482.2919 ns/op
WorkloadWarmup   6: 2097152 op, 988526200.00 ns, 471.3660 ns/op

// BeforeActualRun
WorkloadActual   1: 2097152 op, 1042061500.00 ns, 496.8936 ns/op
WorkloadActual   2: 2097152 op, 1036935800.00 ns, 494.4495 ns/op
WorkloadActual   3: 2097152 op, 986560300.00 ns, 470.4286 ns/op
WorkloadActual   4: 2097152 op, 1023571900.00 ns, 488.0771 ns/op
WorkloadActual   5: 2097152 op, 1014859900.00 ns, 483.9229 ns/op
WorkloadActual   6: 2097152 op, 987067700.00 ns, 470.6706 ns/op
WorkloadActual   7: 2097152 op, 1143362900.00 ns, 545.1979 ns/op
WorkloadActual   8: 2097152 op, 1122875700.00 ns, 535.4289 ns/op
WorkloadActual   9: 2097152 op, 1004743800.00 ns, 479.0992 ns/op
WorkloadActual  10: 2097152 op, 1034367100.00 ns, 493.2247 ns/op
WorkloadActual  11: 2097152 op, 969678800.00 ns, 462.3789 ns/op
WorkloadActual  12: 2097152 op, 943379800.00 ns, 449.8385 ns/op
WorkloadActual  13: 2097152 op, 949108100.00 ns, 452.5700 ns/op
WorkloadActual  14: 2097152 op, 952223900.00 ns, 454.0557 ns/op
WorkloadActual  15: 2097152 op, 949274300.00 ns, 452.6493 ns/op
WorkloadActual  16: 2097152 op, 948582500.00 ns, 452.3194 ns/op
WorkloadActual  17: 2097152 op, 946479700.00 ns, 451.3167 ns/op
WorkloadActual  18: 2097152 op, 945840700.00 ns, 451.0120 ns/op
WorkloadActual  19: 2097152 op, 945636800.00 ns, 450.9148 ns/op
WorkloadActual  20: 2097152 op, 954049700.00 ns, 454.9263 ns/op
WorkloadActual  21: 2097152 op, 945417700.00 ns, 450.8103 ns/op
WorkloadActual  22: 2097152 op, 945592900.00 ns, 450.8938 ns/op
WorkloadActual  23: 2097152 op, 958094600.00 ns, 456.8551 ns/op
WorkloadActual  24: 2097152 op, 961492200.00 ns, 458.4752 ns/op
WorkloadActual  25: 2097152 op, 944063300.00 ns, 450.1645 ns/op
WorkloadActual  26: 2097152 op, 944986700.00 ns, 450.6048 ns/op
WorkloadActual  27: 2097152 op, 953589500.00 ns, 454.7069 ns/op
WorkloadActual  28: 2097152 op, 943319000.00 ns, 449.8096 ns/op
WorkloadActual  29: 2097152 op, 945560100.00 ns, 450.8782 ns/op
WorkloadActual  30: 2097152 op, 947491100.00 ns, 451.7990 ns/op
WorkloadActual  31: 2097152 op, 943946600.00 ns, 450.1088 ns/op
WorkloadActual  32: 2097152 op, 942220300.00 ns, 449.2857 ns/op
WorkloadActual  33: 2097152 op, 958768300.00 ns, 457.1764 ns/op
WorkloadActual  34: 2097152 op, 946688600.00 ns, 451.4163 ns/op
WorkloadActual  35: 2097152 op, 954537200.00 ns, 455.1588 ns/op
WorkloadActual  36: 2097152 op, 951845000.00 ns, 453.8751 ns/op

// AfterActualRun
WorkloadResult   1: 2097152 op, 1037556800.00 ns, 494.7456 ns/op
WorkloadResult   2: 2097152 op, 1032431100.00 ns, 492.3015 ns/op
WorkloadResult   3: 2097152 op, 982055600.00 ns, 468.2806 ns/op
WorkloadResult   4: 2097152 op, 1019067200.00 ns, 485.9291 ns/op
WorkloadResult   5: 2097152 op, 1010355200.00 ns, 481.7749 ns/op
WorkloadResult   6: 2097152 op, 982563000.00 ns, 468.5225 ns/op
WorkloadResult   7: 2097152 op, 1000239100.00 ns, 476.9512 ns/op
WorkloadResult   8: 2097152 op, 1029862400.00 ns, 491.0767 ns/op
WorkloadResult   9: 2097152 op, 965174100.00 ns, 460.2309 ns/op
WorkloadResult  10: 2097152 op, 938875100.00 ns, 447.6905 ns/op
WorkloadResult  11: 2097152 op, 944603400.00 ns, 450.4220 ns/op
WorkloadResult  12: 2097152 op, 947719200.00 ns, 451.9077 ns/op
WorkloadResult  13: 2097152 op, 944769600.00 ns, 450.5013 ns/op
WorkloadResult  14: 2097152 op, 944077800.00 ns, 450.1714 ns/op
WorkloadResult  15: 2097152 op, 941975000.00 ns, 449.1687 ns/op
WorkloadResult  16: 2097152 op, 941336000.00 ns, 448.8640 ns/op
WorkloadResult  17: 2097152 op, 941132100.00 ns, 448.7668 ns/op
WorkloadResult  18: 2097152 op, 949545000.00 ns, 452.7783 ns/op
WorkloadResult  19: 2097152 op, 940913000.00 ns, 448.6623 ns/op
WorkloadResult  20: 2097152 op, 941088200.00 ns, 448.7458 ns/op
WorkloadResult  21: 2097152 op, 953589900.00 ns, 454.7071 ns/op
WorkloadResult  22: 2097152 op, 956987500.00 ns, 456.3272 ns/op
WorkloadResult  23: 2097152 op, 939558600.00 ns, 448.0165 ns/op
WorkloadResult  24: 2097152 op, 940482000.00 ns, 448.4568 ns/op
WorkloadResult  25: 2097152 op, 949084800.00 ns, 452.5589 ns/op
WorkloadResult  26: 2097152 op, 938814300.00 ns, 447.6615 ns/op
WorkloadResult  27: 2097152 op, 941055400.00 ns, 448.7302 ns/op
WorkloadResult  28: 2097152 op, 942986400.00 ns, 449.6510 ns/op
WorkloadResult  29: 2097152 op, 939441900.00 ns, 447.9608 ns/op
WorkloadResult  30: 2097152 op, 937715600.00 ns, 447.1376 ns/op
WorkloadResult  31: 2097152 op, 954263600.00 ns, 455.0283 ns/op
WorkloadResult  32: 2097152 op, 942183900.00 ns, 449.2683 ns/op
WorkloadResult  33: 2097152 op, 950032500.00 ns, 453.0108 ns/op
WorkloadResult  34: 2097152 op, 947340300.00 ns, 451.7271 ns/op
// GC:  367 1 0 1728053248 2097152
// Threading:  0 0 2097152

// AfterAll
// Benchmark Process 29056 has exited with code 0.

Mean = 458.169 ns, StdErr = 2.529 ns (0.55%), N = 34, StdDev = 14.746 ns
Min = 447.138 ns, Q1 = 448.751 ns, Median = 451.114 ns, Q3 = 459.255 ns, Max = 494.746 ns
IQR = 10.504 ns, LowerFence = 432.995 ns, UpperFence = 475.011 ns
ConfidenceInterval = [449.037 ns; 467.300 ns] (CI 99.9%), Margin = 9.132 ns (1.99% of Mean)
Skewness = 1.4, Kurtosis = 3.43, MValue = 2

// ** Remained 6 (75.0%) benchmark(s) to run. Estimated finish 2026-09-10 18:21 (0h 6m from now) **
Setup power plan (GUID: 8c5e7fda-e8bf-4a96-9a85-a6e23a8c635c FriendlyName: High performance)
// **************************
// Benchmark: BenchmarkClass.BuildReportString: DefaultJob [iteration=1000]
// *** Execute ***
// Launch: 1 / 1
// Execute: dotnet "training schedule-DefaultJob-1.dll" --anonymousPipes 1568 1468 --benchmarkName "training_schedule.BenchmarkClass.BuildReportString(iteration: 1000)" --job Default --benchmarkId 2 in D:\Gourny .Net\Learn c#\training schedule\training schedule\bin\Release\net10.0\training schedule-DefaultJob-1\bin\Release\net10.0
// BeforeAnythingElse

// Benchmark Process Environment Information:
// BenchmarkDotNet v0.15.8
// Runtime=.NET 10.0.12 (10.0.12, 10.0.1226.42308), X64 RyuJIT x86-64-v3
// GC=Concurrent Workstation
// HardwareIntrinsics=AVX2+BMI1+BMI2+F16C+FMA+LZCNT+MOVBE,AVX,SSE3+SSSE3+SSE4.1+SSE4.2+POPCNT,X86Base+SSE+SSE2,AES+PCLMUL VectorSize=256
// Job: DefaultJob

OverheadJitting  1: 1 op, 171100.00 ns, 171.1000 us/op
WorkloadJitting  1: 1 op, 1926900.00 ns, 1.9269 ms/op

OverheadJitting  2: 16 op, 370300.00 ns, 23.1438 us/op
WorkloadJitting  2: 16 op, 8957900.00 ns, 559.8688 us/op

WorkloadPilot    1: 16 op, 5774400.00 ns, 360.9000 us/op
WorkloadPilot    2: 32 op, 9295600.00 ns, 290.4875 us/op
WorkloadPilot    3: 64 op, 12904000.00 ns, 201.6250 us/op
WorkloadPilot    4: 128 op, 30084200.00 ns, 235.0328 us/op
WorkloadPilot    5: 256 op, 55811000.00 ns, 218.0117 us/op
WorkloadPilot    6: 512 op, 107632400.00 ns, 210.2195 us/op
WorkloadPilot    7: 1024 op, 252275000.00 ns, 246.3623 us/op
WorkloadPilot    8: 2048 op, 452154800.00 ns, 220.7787 us/op
WorkloadPilot    9: 4096 op, 898641800.00 ns, 219.3950 us/op

OverheadWarmup   1: 4096 op, 11100.00 ns, 2.7100 ns/op
OverheadWarmup   2: 4096 op, 9300.00 ns, 2.2705 ns/op
OverheadWarmup   3: 4096 op, 9200.00 ns, 2.2461 ns/op
OverheadWarmup   4: 4096 op, 9100.00 ns, 2.2217 ns/op
OverheadWarmup   5: 4096 op, 9100.00 ns, 2.2217 ns/op
OverheadWarmup   6: 4096 op, 9100.00 ns, 2.2217 ns/op
OverheadWarmup   7: 4096 op, 9100.00 ns, 2.2217 ns/op
OverheadWarmup   8: 4096 op, 9200.00 ns, 2.2461 ns/op

OverheadActual   1: 4096 op, 9200.00 ns, 2.2461 ns/op
OverheadActual   2: 4096 op, 9500.00 ns, 2.3193 ns/op
OverheadActual   3: 4096 op, 9400.00 ns, 2.2949 ns/op
OverheadActual   4: 4096 op, 9200.00 ns, 2.2461 ns/op
OverheadActual   5: 4096 op, 9100.00 ns, 2.2217 ns/op
OverheadActual   6: 4096 op, 9200.00 ns, 2.2461 ns/op
OverheadActual   7: 4096 op, 9200.00 ns, 2.2461 ns/op
OverheadActual   8: 4096 op, 9100.00 ns, 2.2217 ns/op
OverheadActual   9: 4096 op, 9600.00 ns, 2.3438 ns/op
OverheadActual  10: 4096 op, 9100.00 ns, 2.2217 ns/op
OverheadActual  11: 4096 op, 9200.00 ns, 2.2461 ns/op
OverheadActual  12: 4096 op, 9200.00 ns, 2.2461 ns/op
OverheadActual  13: 4096 op, 9200.00 ns, 2.2461 ns/op
OverheadActual  14: 4096 op, 9100.00 ns, 2.2217 ns/op
OverheadActual  15: 4096 op, 9100.00 ns, 2.2217 ns/op

WorkloadWarmup   1: 4096 op, 717954300.00 ns, 175.2818 us/op
WorkloadWarmup   2: 4096 op, 739409100.00 ns, 180.5198 us/op
WorkloadWarmup   3: 4096 op, 716923300.00 ns, 175.0301 us/op
WorkloadWarmup   4: 4096 op, 755948500.00 ns, 184.5577 us/op
WorkloadWarmup   5: 4096 op, 718788500.00 ns, 175.4855 us/op
WorkloadWarmup   6: 4096 op, 726468100.00 ns, 177.3604 us/op

// BeforeActualRun
WorkloadActual   1: 4096 op, 716482900.00 ns, 174.9226 us/op
WorkloadActual   2: 4096 op, 722169700.00 ns, 176.3110 us/op
WorkloadActual   3: 4096 op, 729133200.00 ns, 178.0110 us/op
WorkloadActual   4: 4096 op, 716965500.00 ns, 175.0404 us/op
WorkloadActual   5: 4096 op, 717087300.00 ns, 175.0701 us/op
WorkloadActual   6: 4096 op, 718466100.00 ns, 175.4068 us/op
WorkloadActual   7: 4096 op, 725342500.00 ns, 177.0856 us/op
WorkloadActual   8: 4096 op, 713506600.00 ns, 174.1959 us/op
WorkloadActual   9: 4096 op, 731754300.00 ns, 178.6510 us/op
WorkloadActual  10: 4096 op, 726912600.00 ns, 177.4689 us/op
WorkloadActual  11: 4096 op, 724416200.00 ns, 176.8594 us/op
WorkloadActual  12: 4096 op, 734552400.00 ns, 179.3341 us/op
WorkloadActual  13: 4096 op, 720133600.00 ns, 175.8139 us/op
WorkloadActual  14: 4096 op, 729695000.00 ns, 178.1482 us/op
WorkloadActual  15: 4096 op, 716837400.00 ns, 175.0091 us/op

// AfterActualRun
WorkloadResult   1: 4096 op, 716473700.00 ns, 174.9203 us/op
WorkloadResult   2: 4096 op, 722160500.00 ns, 176.3087 us/op
WorkloadResult   3: 4096 op, 729124000.00 ns, 178.0088 us/op
WorkloadResult   4: 4096 op, 716956300.00 ns, 175.0382 us/op
WorkloadResult   5: 4096 op, 717078100.00 ns, 175.0679 us/op
WorkloadResult   6: 4096 op, 718456900.00 ns, 175.4045 us/op
WorkloadResult   7: 4096 op, 725333300.00 ns, 177.0833 us/op
WorkloadResult   8: 4096 op, 713497400.00 ns, 174.1937 us/op
WorkloadResult   9: 4096 op, 731745100.00 ns, 178.6487 us/op
WorkloadResult  10: 4096 op, 726903400.00 ns, 177.4667 us/op
WorkloadResult  11: 4096 op, 724407000.00 ns, 176.8572 us/op
WorkloadResult  12: 4096 op, 734543200.00 ns, 179.3318 us/op
WorkloadResult  13: 4096 op, 720124400.00 ns, 175.8116 us/op
WorkloadResult  14: 4096 op, 729685800.00 ns, 178.1459 us/op
WorkloadResult  15: 4096 op, 716828200.00 ns, 175.0069 us/op
// GC:  2473 35 0 11634507776 4096
// Threading:  0 0 4096

// AfterAll
// Benchmark Process 29456 has exited with code 0.

Mean = 176.486 μs, StdErr = 0.408 μs (0.23%), N = 15, StdDev = 1.580 μs
Min = 174.194 μs, Q1 = 175.053 μs, Median = 176.309 μs, Q3 = 177.738 μs, Max = 179.332 μs
IQR = 2.685 μs, LowerFence = 171.026 μs, UpperFence = 181.765 μs
ConfidenceInterval = [174.797 μs; 178.176 μs] (CI 99.9%), Margin = 1.689 μs (0.96% of Mean)
Skewness = 0.27, Kurtosis = 1.6, MValue = 2

// ** Remained 5 (62.5%) benchmark(s) to run. Estimated finish 2026-09-10 18:19 (0h 3m from now) **
Setup power plan (GUID: 8c5e7fda-e8bf-4a96-9a85-a6e23a8c635c FriendlyName: High performance)
// **************************
// Benchmark: BenchmarkClass.BuildReportStringBuilder: DefaultJob [iteration=1000]
// *** Execute ***
// Launch: 1 / 1
// Execute: dotnet "training schedule-DefaultJob-1.dll" --anonymousPipes 1624 1544 --benchmarkName "training_schedule.BenchmarkClass.BuildReportStringBuilder(iteration: 1000)" --job Default --benchmarkId 3 in D:\Gourny .Net\Learn c#\training schedule\training schedule\bin\Release\net10.0\training schedule-DefaultJob-1\bin\Release\net10.0
// BeforeAnythingElse

// Benchmark Process Environment Information:
// BenchmarkDotNet v0.15.8
// Runtime=.NET 10.0.12 (10.0.12, 10.0.1226.42308), X64 RyuJIT x86-64-v3
// GC=Concurrent Workstation
// HardwareIntrinsics=AVX2+BMI1+BMI2+F16C+FMA+LZCNT+MOVBE,AVX,SSE3+SSSE3+SSE4.1+SSE4.2+POPCNT,X86Base+SSE+SSE2,AES+PCLMUL VectorSize=256
// Job: DefaultJob

OverheadJitting  1: 1 op, 163300.00 ns, 163.3000 us/op
WorkloadJitting  1: 1 op, 507000.00 ns, 507.0000 us/op

OverheadJitting  2: 16 op, 225200.00 ns, 14.0750 us/op
WorkloadJitting  2: 16 op, 4575900.00 ns, 285.9938 us/op

WorkloadPilot    1: 16 op, 503800.00 ns, 31.4875 us/op
WorkloadPilot    2: 32 op, 963800.00 ns, 30.1188 us/op
WorkloadPilot    3: 64 op, 1861400.00 ns, 29.0844 us/op
WorkloadPilot    4: 128 op, 3968300.00 ns, 31.0023 us/op
WorkloadPilot    5: 256 op, 6445200.00 ns, 25.1766 us/op
WorkloadPilot    6: 512 op, 14046000.00 ns, 27.4336 us/op
WorkloadPilot    7: 1024 op, 23433300.00 ns, 22.8841 us/op
WorkloadPilot    8: 2048 op, 45398400.00 ns, 22.1672 us/op
WorkloadPilot    9: 4096 op, 92869500.00 ns, 22.6732 us/op
WorkloadPilot   10: 8192 op, 127594300.00 ns, 15.5755 us/op
WorkloadPilot   11: 16384 op, 176901800.00 ns, 10.7972 us/op
WorkloadPilot   12: 32768 op, 349581500.00 ns, 10.6684 us/op
WorkloadPilot   13: 65536 op, 703308400.00 ns, 10.7316 us/op

OverheadWarmup   1: 65536 op, 138000.00 ns, 2.1057 ns/op
OverheadWarmup   2: 65536 op, 138000.00 ns, 2.1057 ns/op
OverheadWarmup   3: 65536 op, 137400.00 ns, 2.0966 ns/op
OverheadWarmup   4: 65536 op, 137300.00 ns, 2.0950 ns/op
OverheadWarmup   5: 65536 op, 137200.00 ns, 2.0935 ns/op
OverheadWarmup   6: 65536 op, 137200.00 ns, 2.0935 ns/op
OverheadWarmup   7: 65536 op, 137100.00 ns, 2.0920 ns/op

OverheadActual   1: 65536 op, 139900.00 ns, 2.1347 ns/op
OverheadActual   2: 65536 op, 137300.00 ns, 2.0950 ns/op
OverheadActual   3: 65536 op, 141000.00 ns, 2.1515 ns/op
OverheadActual   4: 65536 op, 137400.00 ns, 2.0966 ns/op
OverheadActual   5: 65536 op, 137200.00 ns, 2.0935 ns/op
OverheadActual   6: 65536 op, 137200.00 ns, 2.0935 ns/op
OverheadActual   7: 65536 op, 140100.00 ns, 2.1378 ns/op
OverheadActual   8: 65536 op, 137100.00 ns, 2.0920 ns/op
OverheadActual   9: 65536 op, 137100.00 ns, 2.0920 ns/op
OverheadActual  10: 65536 op, 137200.00 ns, 2.0935 ns/op
OverheadActual  11: 65536 op, 137100.00 ns, 2.0920 ns/op
OverheadActual  12: 65536 op, 177600.00 ns, 2.7100 ns/op
OverheadActual  13: 65536 op, 137300.00 ns, 2.0950 ns/op
OverheadActual  14: 65536 op, 137100.00 ns, 2.0920 ns/op
OverheadActual  15: 65536 op, 137100.00 ns, 2.0920 ns/op

WorkloadWarmup   1: 65536 op, 658592300.00 ns, 10.0493 us/op
WorkloadWarmup   2: 65536 op, 657617100.00 ns, 10.0344 us/op
WorkloadWarmup   3: 65536 op, 652397700.00 ns, 9.9548 us/op
WorkloadWarmup   4: 65536 op, 660321100.00 ns, 10.0757 us/op
WorkloadWarmup   5: 65536 op, 653051900.00 ns, 9.9648 us/op
WorkloadWarmup   6: 65536 op, 668212500.00 ns, 10.1961 us/op
WorkloadWarmup   7: 65536 op, 655408000.00 ns, 10.0007 us/op

// BeforeActualRun
WorkloadActual   1: 65536 op, 671003900.00 ns, 10.2387 us/op
WorkloadActual   2: 65536 op, 668996200.00 ns, 10.2081 us/op
WorkloadActual   3: 65536 op, 662554000.00 ns, 10.1098 us/op
WorkloadActual   4: 65536 op, 666324600.00 ns, 10.1673 us/op
WorkloadActual   5: 65536 op, 677664100.00 ns, 10.3403 us/op
WorkloadActual   6: 65536 op, 691801800.00 ns, 10.5561 us/op
WorkloadActual   7: 65536 op, 676152900.00 ns, 10.3173 us/op
WorkloadActual   8: 65536 op, 675851100.00 ns, 10.3127 us/op
WorkloadActual   9: 65536 op, 678704000.00 ns, 10.3562 us/op
WorkloadActual  10: 65536 op, 695575000.00 ns, 10.6136 us/op
WorkloadActual  11: 65536 op, 691773900.00 ns, 10.5556 us/op
WorkloadActual  12: 65536 op, 665029500.00 ns, 10.1475 us/op
WorkloadActual  13: 65536 op, 655278300.00 ns, 9.9988 us/op
WorkloadActual  14: 65536 op, 654386300.00 ns, 9.9851 us/op
WorkloadActual  15: 65536 op, 664938900.00 ns, 10.1462 us/op
WorkloadActual  16: 65536 op, 654283000.00 ns, 9.9836 us/op

// AfterActualRun
WorkloadResult   1: 65536 op, 670866700.00 ns, 10.2366 us/op
WorkloadResult   2: 65536 op, 668859000.00 ns, 10.2060 us/op
WorkloadResult   3: 65536 op, 662416800.00 ns, 10.1077 us/op
WorkloadResult   4: 65536 op, 666187400.00 ns, 10.1652 us/op
WorkloadResult   5: 65536 op, 677526900.00 ns, 10.3382 us/op
WorkloadResult   6: 65536 op, 691664600.00 ns, 10.5540 us/op
WorkloadResult   7: 65536 op, 676015700.00 ns, 10.3152 us/op
WorkloadResult   8: 65536 op, 675713900.00 ns, 10.3106 us/op
WorkloadResult   9: 65536 op, 678566800.00 ns, 10.3541 us/op
WorkloadResult  10: 65536 op, 695437800.00 ns, 10.6115 us/op
WorkloadResult  11: 65536 op, 691636700.00 ns, 10.5535 us/op
WorkloadResult  12: 65536 op, 664892300.00 ns, 10.1455 us/op
WorkloadResult  13: 65536 op, 655141100.00 ns, 9.9967 us/op
WorkloadResult  14: 65536 op, 654249100.00 ns, 9.9830 us/op
WorkloadResult  15: 65536 op, 664801700.00 ns, 10.1441 us/op
WorkloadResult  16: 65536 op, 654145800.00 ns, 9.9815 us/op
// GC:  434 9 0 2044198912 65536
// Threading:  0 0 65536

// AfterAll
// Benchmark Process 22288 has exited with code 0.

Mean = 10.250 μs, StdErr = 0.050 μs (0.49%), N = 16, StdDev = 0.200 μs
Min = 9.981 μs, Q1 = 10.135 μs, Median = 10.221 μs, Q3 = 10.342 μs, Max = 10.612 μs
IQR = 0.207 μs, LowerFence = 9.824 μs, UpperFence = 10.653 μs
ConfidenceInterval = [10.046 μs; 10.454 μs] (CI 99.9%), Margin = 0.204 μs (1.99% of Mean)
Skewness = 0.35, Kurtosis = 1.92, MValue = 2

// ** Remained 4 (50.0%) benchmark(s) to run. Estimated finish 2026-09-10 18:18 (0h 2m from now) **
Setup power plan (GUID: 8c5e7fda-e8bf-4a96-9a85-a6e23a8c635c FriendlyName: High performance)
// **************************
// Benchmark: BenchmarkClass.BuildReportString: DefaultJob [iteration=10000]
// *** Execute ***
// Launch: 1 / 1
// Execute: dotnet "training schedule-DefaultJob-1.dll" --anonymousPipes 1520 1508 --benchmarkName "training_schedule.BenchmarkClass.BuildReportString(iteration: 10000)" --job Default --benchmarkId 4 in D:\Gourny .Net\Learn c#\training schedule\training schedule\bin\Release\net10.0\training schedule-DefaultJob-1\bin\Release\net10.0
// BeforeAnythingElse

// Benchmark Process Environment Information:
// BenchmarkDotNet v0.15.8
// Runtime=.NET 10.0.12 (10.0.12, 10.0.1226.42308), X64 RyuJIT x86-64-v3
// GC=Concurrent Workstation
// HardwareIntrinsics=AVX2+BMI1+BMI2+F16C+FMA+LZCNT+MOVBE,AVX,SSE3+SSSE3+SSE4.1+SSE4.2+POPCNT,X86Base+SSE+SSE2,AES+PCLMUL VectorSize=256
// Job: DefaultJob

OverheadJitting  1: 1 op, 221200.00 ns, 221.2000 us/op
WorkloadJitting  1: 1 op, 37848300.00 ns, 37.8483 ms/op

WorkloadPilot    1: 2 op, 53954800.00 ns, 26.9774 ms/op
WorkloadPilot    2: 3 op, 77347500.00 ns, 25.7825 ms/op
WorkloadPilot    3: 4 op, 118452400.00 ns, 29.6131 ms/op
WorkloadPilot    4: 5 op, 150402100.00 ns, 30.0804 ms/op
WorkloadPilot    5: 6 op, 175745600.00 ns, 29.2909 ms/op
WorkloadPilot    6: 7 op, 177230800.00 ns, 25.3187 ms/op
WorkloadPilot    7: 8 op, 234336300.00 ns, 29.2920 ms/op
WorkloadPilot    8: 9 op, 266392700.00 ns, 29.5992 ms/op
WorkloadPilot    9: 10 op, 298752200.00 ns, 29.8752 ms/op
WorkloadPilot   10: 11 op, 276895400.00 ns, 25.1723 ms/op
WorkloadPilot   11: 12 op, 361066100.00 ns, 30.0888 ms/op
WorkloadPilot   12: 13 op, 372178300.00 ns, 28.6291 ms/op
WorkloadPilot   13: 14 op, 404245800.00 ns, 28.8747 ms/op
WorkloadPilot   14: 15 op, 473820000.00 ns, 31.5880 ms/op
WorkloadPilot   15: 16 op, 577124300.00 ns, 36.0703 ms/op

WorkloadWarmup   1: 16 op, 402022400.00 ns, 25.1264 ms/op
WorkloadWarmup   2: 16 op, 462021400.00 ns, 28.8763 ms/op
WorkloadWarmup   3: 16 op, 460578100.00 ns, 28.7861 ms/op
WorkloadWarmup   4: 16 op, 442289700.00 ns, 27.6431 ms/op
WorkloadWarmup   5: 16 op, 469206400.00 ns, 29.3254 ms/op
WorkloadWarmup   6: 16 op, 463037900.00 ns, 28.9399 ms/op

// BeforeActualRun
WorkloadActual   1: 16 op, 407901600.00 ns, 25.4939 ms/op
WorkloadActual   2: 16 op, 458983600.00 ns, 28.6865 ms/op
WorkloadActual   3: 16 op, 393557900.00 ns, 24.5974 ms/op
WorkloadActual   4: 16 op, 468982300.00 ns, 29.3114 ms/op
WorkloadActual   5: 16 op, 471762200.00 ns, 29.4851 ms/op
WorkloadActual   6: 16 op, 458570000.00 ns, 28.6606 ms/op
WorkloadActual   7: 16 op, 461563200.00 ns, 28.8477 ms/op
WorkloadActual   8: 16 op, 460005400.00 ns, 28.7503 ms/op
WorkloadActual   9: 16 op, 456191300.00 ns, 28.5120 ms/op
WorkloadActual  10: 16 op, 457841600.00 ns, 28.6151 ms/op
WorkloadActual  11: 16 op, 462193600.00 ns, 28.8871 ms/op
WorkloadActual  12: 16 op, 476083400.00 ns, 29.7552 ms/op
WorkloadActual  13: 16 op, 477640000.00 ns, 29.8525 ms/op
WorkloadActual  14: 16 op, 463246000.00 ns, 28.9529 ms/op
WorkloadActual  15: 16 op, 457992100.00 ns, 28.6245 ms/op
WorkloadActual  16: 16 op, 455846700.00 ns, 28.4904 ms/op
WorkloadActual  17: 16 op, 472740600.00 ns, 29.5463 ms/op
WorkloadActual  18: 16 op, 454006600.00 ns, 28.3754 ms/op
WorkloadActual  19: 16 op, 457569300.00 ns, 28.5981 ms/op
WorkloadActual  20: 16 op, 465127800.00 ns, 29.0705 ms/op
WorkloadActual  21: 16 op, 481973500.00 ns, 30.1233 ms/op
WorkloadActual  22: 16 op, 464985800.00 ns, 29.0616 ms/op
WorkloadActual  23: 16 op, 458098600.00 ns, 28.6312 ms/op
WorkloadActual  24: 16 op, 468733200.00 ns, 29.2958 ms/op
WorkloadActual  25: 16 op, 461267700.00 ns, 28.8292 ms/op
WorkloadActual  26: 16 op, 459084400.00 ns, 28.6928 ms/op
WorkloadActual  27: 16 op, 477594200.00 ns, 29.8496 ms/op
WorkloadActual  28: 16 op, 457492400.00 ns, 28.5933 ms/op
WorkloadActual  29: 16 op, 497601900.00 ns, 31.1001 ms/op
WorkloadActual  30: 16 op, 469108800.00 ns, 29.3193 ms/op
WorkloadActual  31: 16 op, 468030400.00 ns, 29.2519 ms/op
WorkloadActual  32: 16 op, 478744900.00 ns, 29.9216 ms/op
WorkloadActual  33: 16 op, 460325300.00 ns, 28.7703 ms/op
WorkloadActual  34: 16 op, 466789000.00 ns, 29.1743 ms/op
WorkloadActual  35: 16 op, 458185700.00 ns, 28.6366 ms/op
WorkloadActual  36: 16 op, 478636700.00 ns, 29.9148 ms/op
WorkloadActual  37: 16 op, 460433300.00 ns, 28.7771 ms/op
WorkloadActual  38: 16 op, 454097000.00 ns, 28.3811 ms/op
WorkloadActual  39: 16 op, 459361200.00 ns, 28.7101 ms/op
WorkloadActual  40: 16 op, 431111700.00 ns, 26.9445 ms/op
WorkloadActual  41: 16 op, 457282100.00 ns, 28.5801 ms/op
WorkloadActual  42: 16 op, 479279900.00 ns, 29.9550 ms/op
WorkloadActual  43: 16 op, 496908000.00 ns, 31.0568 ms/op
WorkloadActual  44: 16 op, 464398800.00 ns, 29.0249 ms/op

// AfterActualRun
WorkloadResult   1: 16 op, 407901600.00 ns, 25.4939 ms/op
WorkloadResult   2: 16 op, 458983600.00 ns, 28.6865 ms/op
WorkloadResult   3: 16 op, 393557900.00 ns, 24.5974 ms/op
WorkloadResult   4: 16 op, 468982300.00 ns, 29.3114 ms/op
WorkloadResult   5: 16 op, 471762200.00 ns, 29.4851 ms/op
WorkloadResult   6: 16 op, 458570000.00 ns, 28.6606 ms/op
WorkloadResult   7: 16 op, 461563200.00 ns, 28.8477 ms/op
WorkloadResult   8: 16 op, 460005400.00 ns, 28.7503 ms/op
WorkloadResult   9: 16 op, 456191300.00 ns, 28.5120 ms/op
WorkloadResult  10: 16 op, 457841600.00 ns, 28.6151 ms/op
WorkloadResult  11: 16 op, 462193600.00 ns, 28.8871 ms/op
WorkloadResult  12: 16 op, 476083400.00 ns, 29.7552 ms/op
WorkloadResult  13: 16 op, 477640000.00 ns, 29.8525 ms/op
WorkloadResult  14: 16 op, 463246000.00 ns, 28.9529 ms/op
WorkloadResult  15: 16 op, 457992100.00 ns, 28.6245 ms/op
WorkloadResult  16: 16 op, 455846700.00 ns, 28.4904 ms/op
WorkloadResult  17: 16 op, 472740600.00 ns, 29.5463 ms/op
WorkloadResult  18: 16 op, 454006600.00 ns, 28.3754 ms/op
WorkloadResult  19: 16 op, 457569300.00 ns, 28.5981 ms/op
WorkloadResult  20: 16 op, 465127800.00 ns, 29.0705 ms/op
WorkloadResult  21: 16 op, 481973500.00 ns, 30.1233 ms/op
WorkloadResult  22: 16 op, 464985800.00 ns, 29.0616 ms/op
WorkloadResult  23: 16 op, 458098600.00 ns, 28.6312 ms/op
WorkloadResult  24: 16 op, 468733200.00 ns, 29.2958 ms/op
WorkloadResult  25: 16 op, 461267700.00 ns, 28.8292 ms/op
WorkloadResult  26: 16 op, 459084400.00 ns, 28.6928 ms/op
WorkloadResult  27: 16 op, 477594200.00 ns, 29.8496 ms/op
WorkloadResult  28: 16 op, 457492400.00 ns, 28.5933 ms/op
WorkloadResult  29: 16 op, 469108800.00 ns, 29.3193 ms/op
WorkloadResult  30: 16 op, 468030400.00 ns, 29.2519 ms/op
WorkloadResult  31: 16 op, 478744900.00 ns, 29.9216 ms/op
WorkloadResult  32: 16 op, 460325300.00 ns, 28.7703 ms/op
WorkloadResult  33: 16 op, 466789000.00 ns, 29.1743 ms/op
WorkloadResult  34: 16 op, 458185700.00 ns, 28.6366 ms/op
WorkloadResult  35: 16 op, 478636700.00 ns, 29.9148 ms/op
WorkloadResult  36: 16 op, 460433300.00 ns, 28.7771 ms/op
WorkloadResult  37: 16 op, 454097000.00 ns, 28.3811 ms/op
WorkloadResult  38: 16 op, 459361200.00 ns, 28.7101 ms/op
WorkloadResult  39: 16 op, 431111700.00 ns, 26.9445 ms/op
WorkloadResult  40: 16 op, 457282100.00 ns, 28.5801 ms/op
WorkloadResult  41: 16 op, 479279900.00 ns, 29.9550 ms/op
WorkloadResult  42: 16 op, 464398800.00 ns, 29.0249 ms/op
// GC:  1283 191 0 6070983296 16
// Threading:  0 0 16

// AfterAll
// Benchmark Process 21872 has exited with code 0.

Mean = 28.799 ms, StdErr = 0.160 ms (0.55%), N = 42, StdDev = 1.035 ms
Min = 24.597 ms, Q1 = 28.617 ms, Median = 28.803 ms, Q3 = 29.308 ms, Max = 30.123 ms
IQR = 0.690 ms, LowerFence = 27.582 ms, UpperFence = 30.343 ms
ConfidenceInterval = [28.233 ms; 29.365 ms] (CI 99.9%), Margin = 0.566 ms (1.97% of Mean)
Skewness = -2.27, Kurtosis = 9.42, MValue = 2

// ** Remained 3 (37.5%) benchmark(s) to run. Estimated finish 2026-09-10 18:17 (0h 1m from now) **
Setup power plan (GUID: 8c5e7fda-e8bf-4a96-9a85-a6e23a8c635c FriendlyName: High performance)
// **************************
// Benchmark: BenchmarkClass.BuildReportStringBuilder: DefaultJob [iteration=10000]
// *** Execute ***
// Launch: 1 / 1
// Execute: dotnet "training schedule-DefaultJob-1.dll" --anonymousPipes 1388 1608 --benchmarkName "training_schedule.BenchmarkClass.BuildReportStringBuilder(iteration: 10000)" --job Default --benchmarkId 5 in D:\Gourny .Net\Learn c#\training schedule\training schedule\bin\Release\net10.0\training schedule-DefaultJob-1\bin\Release\net10.0
// BeforeAnythingElse

// Benchmark Process Environment Information:
// BenchmarkDotNet v0.15.8
// Runtime=.NET 10.0.12 (10.0.12, 10.0.1226.42308), X64 RyuJIT x86-64-v3
// GC=Concurrent Workstation
// HardwareIntrinsics=AVX2+BMI1+BMI2+F16C+FMA+LZCNT+MOVBE,AVX,SSE3+SSSE3+SSE4.1+SSE4.2+POPCNT,X86Base+SSE+SSE2,AES+PCLMUL VectorSize=256
// Job: DefaultJob

OverheadJitting  1: 1 op, 162800.00 ns, 162.8000 us/op
WorkloadJitting  1: 1 op, 3835100.00 ns, 3.8351 ms/op

OverheadJitting  2: 16 op, 404400.00 ns, 25.2750 us/op
WorkloadJitting  2: 16 op, 4369800.00 ns, 273.1125 us/op

WorkloadPilot    1: 16 op, 4502300.00 ns, 281.3938 us/op
WorkloadPilot    2: 32 op, 4467100.00 ns, 139.5969 us/op
WorkloadPilot    3: 64 op, 8653100.00 ns, 135.2047 us/op
WorkloadPilot    4: 128 op, 18177400.00 ns, 142.0109 us/op
WorkloadPilot    5: 256 op, 39081100.00 ns, 152.6605 us/op
WorkloadPilot    6: 512 op, 72821200.00 ns, 142.2289 us/op
WorkloadPilot    7: 1024 op, 149148000.00 ns, 145.6523 us/op
WorkloadPilot    8: 2048 op, 282252200.00 ns, 137.8185 us/op
WorkloadPilot    9: 4096 op, 557211600.00 ns, 136.0380 us/op

OverheadWarmup   1: 4096 op, 12500.00 ns, 3.0518 ns/op
OverheadWarmup   2: 4096 op, 9700.00 ns, 2.3682 ns/op
OverheadWarmup   3: 4096 op, 9300.00 ns, 2.2705 ns/op
OverheadWarmup   4: 4096 op, 9200.00 ns, 2.2461 ns/op
OverheadWarmup   5: 4096 op, 9200.00 ns, 2.2461 ns/op
OverheadWarmup   6: 4096 op, 9300.00 ns, 2.2705 ns/op
OverheadWarmup   7: 4096 op, 9100.00 ns, 2.2217 ns/op
OverheadWarmup   8: 4096 op, 9100.00 ns, 2.2217 ns/op

OverheadActual   1: 4096 op, 9100.00 ns, 2.2217 ns/op
OverheadActual   2: 4096 op, 9200.00 ns, 2.2461 ns/op
OverheadActual   3: 4096 op, 9200.00 ns, 2.2461 ns/op
OverheadActual   4: 4096 op, 9100.00 ns, 2.2217 ns/op
OverheadActual   5: 4096 op, 9100.00 ns, 2.2217 ns/op
OverheadActual   6: 4096 op, 9300.00 ns, 2.2705 ns/op
OverheadActual   7: 4096 op, 10600.00 ns, 2.5879 ns/op
OverheadActual   8: 4096 op, 9500.00 ns, 2.3193 ns/op
OverheadActual   9: 4096 op, 10100.00 ns, 2.4658 ns/op
OverheadActual  10: 4096 op, 9200.00 ns, 2.2461 ns/op
OverheadActual  11: 4096 op, 9300.00 ns, 2.2705 ns/op
OverheadActual  12: 4096 op, 9400.00 ns, 2.2949 ns/op
OverheadActual  13: 4096 op, 9400.00 ns, 2.2949 ns/op
OverheadActual  14: 4096 op, 9400.00 ns, 2.2949 ns/op
OverheadActual  15: 4096 op, 9500.00 ns, 2.3193 ns/op

WorkloadWarmup   1: 4096 op, 527769000.00 ns, 128.8499 us/op
WorkloadWarmup   2: 4096 op, 534024200.00 ns, 130.3770 us/op
WorkloadWarmup   3: 4096 op, 536188500.00 ns, 130.9054 us/op
WorkloadWarmup   4: 4096 op, 534245800.00 ns, 130.4311 us/op
WorkloadWarmup   5: 4096 op, 534710900.00 ns, 130.5447 us/op
WorkloadWarmup   6: 4096 op, 540018200.00 ns, 131.8404 us/op
WorkloadWarmup   7: 4096 op, 536782000.00 ns, 131.0503 us/op

// BeforeActualRun
WorkloadActual   1: 4096 op, 535272900.00 ns, 130.6819 us/op
WorkloadActual   2: 4096 op, 553881500.00 ns, 135.2250 us/op
WorkloadActual   3: 4096 op, 558899900.00 ns, 136.4502 us/op
WorkloadActual   4: 4096 op, 566279700.00 ns, 138.2519 us/op
WorkloadActual   5: 4096 op, 558573500.00 ns, 136.3705 us/op
WorkloadActual   6: 4096 op, 563156000.00 ns, 137.4893 us/op
WorkloadActual   7: 4096 op, 559855800.00 ns, 136.6835 us/op
WorkloadActual   8: 4096 op, 561066400.00 ns, 136.9791 us/op
WorkloadActual   9: 4096 op, 558240400.00 ns, 136.2892 us/op
WorkloadActual  10: 4096 op, 557577300.00 ns, 136.1273 us/op
WorkloadActual  11: 4096 op, 555795500.00 ns, 135.6923 us/op
WorkloadActual  12: 4096 op, 560889000.00 ns, 136.9358 us/op
WorkloadActual  13: 4096 op, 557981200.00 ns, 136.2259 us/op
WorkloadActual  14: 4096 op, 557485800.00 ns, 136.1049 us/op
WorkloadActual  15: 4096 op, 557828000.00 ns, 136.1885 us/op

// AfterActualRun
WorkloadResult   1: 4096 op, 535263600.00 ns, 130.6796 us/op
WorkloadResult   2: 4096 op, 553872200.00 ns, 135.2227 us/op
WorkloadResult   3: 4096 op, 558890600.00 ns, 136.4479 us/op
WorkloadResult   4: 4096 op, 558564200.00 ns, 136.3682 us/op
WorkloadResult   5: 4096 op, 563146700.00 ns, 137.4870 us/op
WorkloadResult   6: 4096 op, 559846500.00 ns, 136.6813 us/op
WorkloadResult   7: 4096 op, 561057100.00 ns, 136.9768 us/op
WorkloadResult   8: 4096 op, 558231100.00 ns, 136.2869 us/op
WorkloadResult   9: 4096 op, 557568000.00 ns, 136.1250 us/op
WorkloadResult  10: 4096 op, 555786200.00 ns, 135.6900 us/op
WorkloadResult  11: 4096 op, 560879700.00 ns, 136.9335 us/op
WorkloadResult  12: 4096 op, 557971900.00 ns, 136.2236 us/op
WorkloadResult  13: 4096 op, 557476500.00 ns, 136.1027 us/op
WorkloadResult  14: 4096 op, 557818700.00 ns, 136.1862 us/op
// GC:  341 47 0 1604583424 4096
// Threading:  0 0 4096

// AfterAll
// Benchmark Process 30388 has exited with code 0.

Mean = 135.958 μs, StdErr = 0.432 μs (0.32%), N = 14, StdDev = 1.618 μs
Min = 130.680 μs, Q1 = 136.108 μs, Median = 136.255 μs, Q3 = 136.623 μs, Max = 137.487 μs
IQR = 0.515 μs, LowerFence = 135.336 μs, UpperFence = 137.395 μs
ConfidenceInterval = [134.133 μs; 137.783 μs] (CI 99.9%), Margin = 1.825 μs (1.34% of Mean)
Skewness = -2.38, Kurtosis = 8.18, MValue = 2

// ** Remained 2 (25.0%) benchmark(s) to run. Estimated finish 2026-09-10 18:17 (0h 1m from now) **
Setup power plan (GUID: 8c5e7fda-e8bf-4a96-9a85-a6e23a8c635c FriendlyName: High performance)
// **************************
// Benchmark: BenchmarkClass.BuildReportString: DefaultJob [iteration=100000]
// *** Execute ***
// Launch: 1 / 1
// Execute: dotnet "training schedule-DefaultJob-1.dll" --anonymousPipes 1580 1468 --benchmarkName "training_schedule.BenchmarkClass.BuildReportString(iteration: 100000)" --job Default --benchmarkId 6 in D:\Gourny .Net\Learn c#\training schedule\training schedule\bin\Release\net10.0\training schedule-DefaultJob-1\bin\Release\net10.0
// BeforeAnythingElse

// Benchmark Process Environment Information:
// BenchmarkDotNet v0.15.8
// Runtime=.NET 10.0.12 (10.0.12, 10.0.1226.42308), X64 RyuJIT x86-64-v3
// GC=Concurrent Workstation
// HardwareIntrinsics=AVX2+BMI1+BMI2+F16C+FMA+LZCNT+MOVBE,AVX,SSE3+SSSE3+SSE4.1+SSE4.2+POPCNT,X86Base+SSE+SSE2,AES+PCLMUL VectorSize=256
// Job: DefaultJob

OverheadJitting  1: 1 op, 164700.00 ns, 164.7000 us/op
WorkloadJitting  1: 1 op, 6783663000.00 ns, 6.7837 s/op

OverheadJitting  2: 1 op, 1200.00 ns, 1.2000 us/op
WorkloadJitting  2: 1 op, 6840179500.00 ns, 6.8402 s/op

WorkloadWarmup   1: 1 op, 7128240500.00 ns, 7.1282 s/op
WorkloadWarmup   2: 1 op, 6847838000.00 ns, 6.8478 s/op
WorkloadWarmup   3: 1 op, 6801199400.00 ns, 6.8012 s/op
WorkloadWarmup   4: 1 op, 6808165200.00 ns, 6.8082 s/op
WorkloadWarmup   5: 1 op, 6790302400.00 ns, 6.7903 s/op
WorkloadWarmup   6: 1 op, 6725775100.00 ns, 6.7258 s/op
WorkloadWarmup   7: 1 op, 6861007100.00 ns, 6.8610 s/op
WorkloadWarmup   8: 1 op, 6865026400.00 ns, 6.8650 s/op
WorkloadWarmup   9: 1 op, 6796555500.00 ns, 6.7966 s/op

// BeforeActualRun
WorkloadActual   1: 1 op, 7023296600.00 ns, 7.0233 s/op
WorkloadActual   2: 1 op, 6846948100.00 ns, 6.8469 s/op
WorkloadActual   3: 1 op, 6835965100.00 ns, 6.8360 s/op
WorkloadActual   4: 1 op, 6915332300.00 ns, 6.9153 s/op
WorkloadActual   5: 1 op, 6922941100.00 ns, 6.9229 s/op
WorkloadActual   6: 1 op, 6904287600.00 ns, 6.9043 s/op
WorkloadActual   7: 1 op, 6831474900.00 ns, 6.8315 s/op
WorkloadActual   8: 1 op, 6857111700.00 ns, 6.8571 s/op
WorkloadActual   9: 1 op, 6857041100.00 ns, 6.8570 s/op
WorkloadActual  10: 1 op, 6766595600.00 ns, 6.7666 s/op
WorkloadActual  11: 1 op, 7021612000.00 ns, 7.0216 s/op
WorkloadActual  12: 1 op, 6802960600.00 ns, 6.8030 s/op
WorkloadActual  13: 1 op, 6845430200.00 ns, 6.8454 s/op
WorkloadActual  14: 1 op, 6813356100.00 ns, 6.8134 s/op
WorkloadActual  15: 1 op, 6806762100.00 ns, 6.8068 s/op

// AfterActualRun
WorkloadResult   1: 1 op, 7023296600.00 ns, 7.0233 s/op
WorkloadResult   2: 1 op, 6846948100.00 ns, 6.8469 s/op
WorkloadResult   3: 1 op, 6835965100.00 ns, 6.8360 s/op
WorkloadResult   4: 1 op, 6915332300.00 ns, 6.9153 s/op
WorkloadResult   5: 1 op, 6922941100.00 ns, 6.9229 s/op
WorkloadResult   6: 1 op, 6904287600.00 ns, 6.9043 s/op
WorkloadResult   7: 1 op, 6831474900.00 ns, 6.8315 s/op
WorkloadResult   8: 1 op, 6857111700.00 ns, 6.8571 s/op
WorkloadResult   9: 1 op, 6857041100.00 ns, 6.8570 s/op
WorkloadResult  10: 1 op, 6766595600.00 ns, 6.7666 s/op
WorkloadResult  11: 1 op, 7021612000.00 ns, 7.0216 s/op
WorkloadResult  12: 1 op, 6802960600.00 ns, 6.8030 s/op
WorkloadResult  13: 1 op, 6845430200.00 ns, 6.8454 s/op
WorkloadResult  14: 1 op, 6813356100.00 ns, 6.8134 s/op
WorkloadResult  15: 1 op, 6806762100.00 ns, 6.8068 s/op
// GC:  10713 10614 10600 47914736352 1
// Threading:  0 0 1

// AfterAll
// Benchmark Process 3336 has exited with code 0.

Mean = 6.870 s, StdErr = 0.019 s (0.28%), N = 15, StdDev = 0.075 s
Min = 6.767 s, Q1 = 6.822 s, Median = 6.847 s, Q3 = 6.910 s, Max = 7.023 s
IQR = 0.087 s, LowerFence = 6.691 s, UpperFence = 7.041 s
ConfidenceInterval = [6.790 s; 6.950 s] (CI 99.9%), Margin = 0.080 s (1.17% of Mean)
Skewness = 0.85, Kurtosis = 2.63, MValue = 2

// ** Remained 1 (12.5%) benchmark(s) to run. Estimated finish 2026-09-10 18:20 (0h 0m from now) **
Setup power plan (GUID: 8c5e7fda-e8bf-4a96-9a85-a6e23a8c635c FriendlyName: High performance)
// **************************
// Benchmark: BenchmarkClass.BuildReportStringBuilder: DefaultJob [iteration=100000]
// *** Execute ***
// Launch: 1 / 1
// Execute: dotnet "training schedule-DefaultJob-1.dll" --anonymousPipes 1632 1552 --benchmarkName "training_schedule.BenchmarkClass.BuildReportStringBuilder(iteration: 100000)" --job Default --benchmarkId 7 in D:\Gourny .Net\Learn c#\training schedule\training schedule\bin\Release\net10.0\training schedule-DefaultJob-1\bin\Release\net10.0
// BeforeAnythingElse

// Benchmark Process Environment Information:
// BenchmarkDotNet v0.15.8
// Runtime=.NET 10.0.12 (10.0.12, 10.0.1226.42308), X64 RyuJIT x86-64-v3
// GC=Concurrent Workstation
// HardwareIntrinsics=AVX2+BMI1+BMI2+F16C+FMA+LZCNT+MOVBE,AVX,SSE3+SSSE3+SSE4.1+SSE4.2+POPCNT,X86Base+SSE+SSE2,AES+PCLMUL VectorSize=256
// Job: DefaultJob

OverheadJitting  1: 1 op, 167600.00 ns, 167.6000 us/op
WorkloadJitting  1: 1 op, 7407800.00 ns, 7.4078 ms/op

OverheadJitting  2: 16 op, 242900.00 ns, 15.1813 us/op
WorkloadJitting  2: 16 op, 27341300.00 ns, 1.7088 ms/op

WorkloadPilot    1: 16 op, 26075600.00 ns, 1.6297 ms/op
WorkloadPilot    2: 32 op, 47160600.00 ns, 1.4738 ms/op
WorkloadPilot    3: 64 op, 97309300.00 ns, 1.5205 ms/op
WorkloadPilot    4: 128 op, 199028700.00 ns, 1.5549 ms/op
WorkloadPilot    5: 256 op, 391105500.00 ns, 1.5278 ms/op
WorkloadPilot    6: 512 op, 775507800.00 ns, 1.5147 ms/op

OverheadWarmup   1: 512 op, 3900.00 ns, 7.6172 ns/op
OverheadWarmup   2: 512 op, 2000.00 ns, 3.9063 ns/op
OverheadWarmup   3: 512 op, 1600.00 ns, 3.1250 ns/op
OverheadWarmup   4: 512 op, 1500.00 ns, 2.9297 ns/op
OverheadWarmup   5: 512 op, 1400.00 ns, 2.7344 ns/op
OverheadWarmup   6: 512 op, 1300.00 ns, 2.5391 ns/op
OverheadWarmup   7: 512 op, 1400.00 ns, 2.7344 ns/op
OverheadWarmup   8: 512 op, 1300.00 ns, 2.5391 ns/op
OverheadWarmup   9: 512 op, 1300.00 ns, 2.5391 ns/op
OverheadWarmup  10: 512 op, 1400.00 ns, 2.7344 ns/op

OverheadActual   1: 512 op, 1500.00 ns, 2.9297 ns/op
OverheadActual   2: 512 op, 1800.00 ns, 3.5156 ns/op
OverheadActual   3: 512 op, 1500.00 ns, 2.9297 ns/op
OverheadActual   4: 512 op, 1400.00 ns, 2.7344 ns/op
OverheadActual   5: 512 op, 1400.00 ns, 2.7344 ns/op
OverheadActual   6: 512 op, 1400.00 ns, 2.7344 ns/op
OverheadActual   7: 512 op, 1400.00 ns, 2.7344 ns/op
OverheadActual   8: 512 op, 1400.00 ns, 2.7344 ns/op
OverheadActual   9: 512 op, 1400.00 ns, 2.7344 ns/op
OverheadActual  10: 512 op, 1300.00 ns, 2.5391 ns/op
OverheadActual  11: 512 op, 1400.00 ns, 2.7344 ns/op
OverheadActual  12: 512 op, 1700.00 ns, 3.3203 ns/op
OverheadActual  13: 512 op, 1600.00 ns, 3.1250 ns/op
OverheadActual  14: 512 op, 1600.00 ns, 3.1250 ns/op
OverheadActual  15: 512 op, 1400.00 ns, 2.7344 ns/op
OverheadActual  16: 512 op, 1400.00 ns, 2.7344 ns/op
OverheadActual  17: 512 op, 1400.00 ns, 2.7344 ns/op
OverheadActual  18: 512 op, 1400.00 ns, 2.7344 ns/op
OverheadActual  19: 512 op, 1400.00 ns, 2.7344 ns/op
OverheadActual  20: 512 op, 1400.00 ns, 2.7344 ns/op

WorkloadWarmup   1: 512 op, 759870600.00 ns, 1.4841 ms/op
WorkloadWarmup   2: 512 op, 757684800.00 ns, 1.4799 ms/op
WorkloadWarmup   3: 512 op, 752649000.00 ns, 1.4700 ms/op
WorkloadWarmup   4: 512 op, 758796700.00 ns, 1.4820 ms/op
WorkloadWarmup   5: 512 op, 755387000.00 ns, 1.4754 ms/op
WorkloadWarmup   6: 512 op, 756547500.00 ns, 1.4776 ms/op
WorkloadWarmup   7: 512 op, 754102300.00 ns, 1.4729 ms/op

// BeforeActualRun
WorkloadActual   1: 512 op, 765197500.00 ns, 1.4945 ms/op
WorkloadActual   2: 512 op, 776263300.00 ns, 1.5161 ms/op
WorkloadActual   3: 512 op, 773493000.00 ns, 1.5107 ms/op
WorkloadActual   4: 512 op, 775991600.00 ns, 1.5156 ms/op
WorkloadActual   5: 512 op, 776884000.00 ns, 1.5174 ms/op
WorkloadActual   6: 512 op, 776953800.00 ns, 1.5175 ms/op
WorkloadActual   7: 512 op, 773647200.00 ns, 1.5110 ms/op
WorkloadActual   8: 512 op, 772585200.00 ns, 1.5090 ms/op
WorkloadActual   9: 512 op, 777202500.00 ns, 1.5180 ms/op
WorkloadActual  10: 512 op, 774867100.00 ns, 1.5134 ms/op
WorkloadActual  11: 512 op, 774428600.00 ns, 1.5126 ms/op
WorkloadActual  12: 512 op, 772981300.00 ns, 1.5097 ms/op
WorkloadActual  13: 512 op, 773858700.00 ns, 1.5114 ms/op
WorkloadActual  14: 512 op, 777537400.00 ns, 1.5186 ms/op
WorkloadActual  15: 512 op, 770872900.00 ns, 1.5056 ms/op

// AfterActualRun
WorkloadResult   1: 512 op, 765196100.00 ns, 1.4945 ms/op
WorkloadResult   2: 512 op, 776261900.00 ns, 1.5161 ms/op
WorkloadResult   3: 512 op, 773491600.00 ns, 1.5107 ms/op
WorkloadResult   4: 512 op, 775990200.00 ns, 1.5156 ms/op
WorkloadResult   5: 512 op, 776882600.00 ns, 1.5173 ms/op
WorkloadResult   6: 512 op, 776952400.00 ns, 1.5175 ms/op
WorkloadResult   7: 512 op, 773645800.00 ns, 1.5110 ms/op
WorkloadResult   8: 512 op, 772583800.00 ns, 1.5090 ms/op
WorkloadResult   9: 512 op, 777201100.00 ns, 1.5180 ms/op
WorkloadResult  10: 512 op, 774865700.00 ns, 1.5134 ms/op
WorkloadResult  11: 512 op, 774427200.00 ns, 1.5126 ms/op
WorkloadResult  12: 512 op, 772979900.00 ns, 1.5097 ms/op
WorkloadResult  13: 512 op, 773857300.00 ns, 1.5114 ms/op
WorkloadResult  14: 512 op, 777536000.00 ns, 1.5186 ms/op
WorkloadResult  15: 512 op, 770871500.00 ns, 1.5056 ms/op
// GC:  350 327 0 2144178176 512
// Threading:  0 0 512

// AfterAll
// Benchmark Process 6592 has exited with code 0.

Mean = 1.512 ms, StdErr = 0.002 ms (0.11%), N = 15, StdDev = 0.006 ms
Min = 1.495 ms, Q1 = 1.510 ms, Median = 1.513 ms, Q3 = 1.517 ms, Max = 1.519 ms
IQR = 0.007 ms, LowerFence = 1.500 ms, UpperFence = 1.527 ms
ConfidenceInterval = [1.505 ms; 1.519 ms] (CI 99.9%), Margin = 0.007 ms (0.44% of Mean)
Skewness = -1.36, Kurtosis = 4.67, MValue = 2

// ** Remained 0 (0.0%) benchmark(s) to run. Estimated finish 2026-09-10 18:19 (0h 0m from now) **
Successfully reverted power plan (GUID: 381b4222-f694-41f0-9685-ff5bb260df2e FriendlyName: Balanced)
// ***** BenchmarkRunner: Finish  *****

// * Export *
  BenchmarkDotNet.Artifacts\results\training_schedule.BenchmarkClass-report.csv
  BenchmarkDotNet.Artifacts\results\training_schedule.BenchmarkClass-report-github.md
  BenchmarkDotNet.Artifacts\results\training_schedule.BenchmarkClass-report.html

// * Detailed results *
BenchmarkClass.BuildReportString: DefaultJob [iteration=100]
Runtime = .NET 10.0.12 (10.0.12, 10.0.1226.42308), X64 RyuJIT x86-64-v3; GC = Concurrent Workstation
Mean = 2.675 μs, StdErr = 0.016 μs (0.60%), N = 97, StdDev = 0.157 μs
Min = 2.217 μs, Q1 = 2.549 μs, Median = 2.654 μs, Q3 = 2.771 μs, Max = 3.062 μs
IQR = 0.222 μs, LowerFence = 2.217 μs, UpperFence = 3.103 μs
ConfidenceInterval = [2.620 μs; 2.729 μs] (CI 99.9%), Margin = 0.054 μs (2.02% of Mean)
Skewness = 0.5, Kurtosis = 3.02, MValue = 2.4
-------------------- Histogram --------------------
[2.172 μs ; 2.261 μs) | @
[2.261 μs ; 2.351 μs) | 
[2.351 μs ; 2.441 μs) | 
[2.441 μs ; 2.573 μs) | @@@@@@@@@@@@@@@@@@@@@@@@@@@@@@@@@@@
[2.573 μs ; 2.662 μs) | @@@@@@@@@@@@@
[2.662 μs ; 2.752 μs) | @@@@@@@@@@@@@@@@@@@@@@@
[2.752 μs ; 2.854 μs) | @@@@@@@@@@
[2.854 μs ; 2.961 μs) | @@@@@@@@@@
[2.961 μs ; 3.063 μs) | @@@@@
---------------------------------------------------

BenchmarkClass.BuildReportStringBuilder: DefaultJob [iteration=100]
Runtime = .NET 10.0.12 (10.0.12, 10.0.1226.42308), X64 RyuJIT x86-64-v3; GC = Concurrent Workstation
Mean = 458.169 ns, StdErr = 2.529 ns (0.55%), N = 34, StdDev = 14.746 ns
Min = 447.138 ns, Q1 = 448.751 ns, Median = 451.114 ns, Q3 = 459.255 ns, Max = 494.746 ns
IQR = 10.504 ns, LowerFence = 432.995 ns, UpperFence = 475.011 ns
ConfidenceInterval = [449.037 ns; 467.300 ns] (CI 99.9%), Margin = 9.132 ns (1.99% of Mean)
Skewness = 1.4, Kurtosis = 3.43, MValue = 2
-------------------- Histogram --------------------
[445.758 ns ; 457.707 ns) | @@@@@@@@@@@@@@@@@@@@@@@@@
[457.707 ns ; 470.351 ns) | @@@
[470.351 ns ; 484.363 ns) | @@
[484.363 ns ; 496.312 ns) | @@@@
---------------------------------------------------

BenchmarkClass.BuildReportString: DefaultJob [iteration=1000]
Runtime = .NET 10.0.12 (10.0.12, 10.0.1226.42308), X64 RyuJIT x86-64-v3; GC = Concurrent Workstation
Mean = 176.486 μs, StdErr = 0.408 μs (0.23%), N = 15, StdDev = 1.580 μs
Min = 174.194 μs, Q1 = 175.053 μs, Median = 176.309 μs, Q3 = 177.738 μs, Max = 179.332 μs
IQR = 2.685 μs, LowerFence = 171.026 μs, UpperFence = 181.765 μs
ConfidenceInterval = [174.797 μs; 178.176 μs] (CI 99.9%), Margin = 1.689 μs (0.96% of Mean)
Skewness = 0.27, Kurtosis = 1.6, MValue = 2
-------------------- Histogram --------------------
[173.858 μs ; 180.173 μs) | @@@@@@@@@@@@@@@
---------------------------------------------------

BenchmarkClass.BuildReportStringBuilder: DefaultJob [iteration=1000]
Runtime = .NET 10.0.12 (10.0.12, 10.0.1226.42308), X64 RyuJIT x86-64-v3; GC = Concurrent Workstation
Mean = 10.250 μs, StdErr = 0.050 μs (0.49%), N = 16, StdDev = 0.200 μs
Min = 9.981 μs, Q1 = 10.135 μs, Median = 10.221 μs, Q3 = 10.342 μs, Max = 10.612 μs
IQR = 0.207 μs, LowerFence = 9.824 μs, UpperFence = 10.653 μs
ConfidenceInterval = [10.046 μs; 10.454 μs] (CI 99.9%), Margin = 0.204 μs (1.99% of Mean)
Skewness = 0.35, Kurtosis = 1.92, MValue = 2
-------------------- Histogram --------------------
[ 9.940 μs ; 10.345 μs) | @@@@@@@@@@@@
[10.345 μs ; 10.716 μs) | @@@@
---------------------------------------------------

BenchmarkClass.BuildReportString: DefaultJob [iteration=10000]
Runtime = .NET 10.0.12 (10.0.12, 10.0.1226.42308), X64 RyuJIT x86-64-v3; GC = Concurrent Workstation
Mean = 28.799 ms, StdErr = 0.160 ms (0.55%), N = 42, StdDev = 1.035 ms
Min = 24.597 ms, Q1 = 28.617 ms, Median = 28.803 ms, Q3 = 29.308 ms, Max = 30.123 ms
IQR = 0.690 ms, LowerFence = 27.582 ms, UpperFence = 30.343 ms
ConfidenceInterval = [28.233 ms; 29.365 ms] (CI 99.9%), Margin = 0.566 ms (1.97% of Mean)
Skewness = -2.27, Kurtosis = 9.42, MValue = 2
-------------------- Histogram --------------------
[24.206 ms ; 24.988 ms) | @
[24.988 ms ; 25.885 ms) | @
[25.885 ms ; 26.554 ms) | 
[26.554 ms ; 27.335 ms) | @
[27.335 ms ; 28.559 ms) | @@@@
[28.559 ms ; 29.341 ms) | @@@@@@@@@@@@@@@@@@@@@@@@@@
[29.341 ms ; 30.195 ms) | @@@@@@@@@
---------------------------------------------------

BenchmarkClass.BuildReportStringBuilder: DefaultJob [iteration=10000]
Runtime = .NET 10.0.12 (10.0.12, 10.0.1226.42308), X64 RyuJIT x86-64-v3; GC = Concurrent Workstation
Mean = 135.958 μs, StdErr = 0.432 μs (0.32%), N = 14, StdDev = 1.618 μs
Min = 130.680 μs, Q1 = 136.108 μs, Median = 136.255 μs, Q3 = 136.623 μs, Max = 137.487 μs
IQR = 0.515 μs, LowerFence = 135.336 μs, UpperFence = 137.395 μs
ConfidenceInterval = [134.133 μs; 137.783 μs] (CI 99.9%), Margin = 1.825 μs (1.34% of Mean)
Skewness = -2.38, Kurtosis = 8.18, MValue = 2
-------------------- Histogram --------------------
[129.799 μs ; 133.748 μs) | @
[133.748 μs ; 138.368 μs) | @@@@@@@@@@@@@
---------------------------------------------------

BenchmarkClass.BuildReportString: DefaultJob [iteration=100000]
Runtime = .NET 10.0.12 (10.0.12, 10.0.1226.42308), X64 RyuJIT x86-64-v3; GC = Concurrent Workstation
Mean = 6.870 s, StdErr = 0.019 s (0.28%), N = 15, StdDev = 0.075 s
Min = 6.767 s, Q1 = 6.822 s, Median = 6.847 s, Q3 = 6.910 s, Max = 7.023 s
IQR = 0.087 s, LowerFence = 6.691 s, UpperFence = 7.041 s
ConfidenceInterval = [6.790 s; 6.950 s] (CI 99.9%), Margin = 0.080 s (1.17% of Mean)
Skewness = 0.85, Kurtosis = 2.63, MValue = 2
-------------------- Histogram --------------------
[6.762 s ; 7.063 s) | @@@@@@@@@@@@@@@
---------------------------------------------------

BenchmarkClass.BuildReportStringBuilder: DefaultJob [iteration=100000]
Runtime = .NET 10.0.12 (10.0.12, 10.0.1226.42308), X64 RyuJIT x86-64-v3; GC = Concurrent Workstation
Mean = 1.512 ms, StdErr = 0.002 ms (0.11%), N = 15, StdDev = 0.006 ms
Min = 1.495 ms, Q1 = 1.510 ms, Median = 1.513 ms, Q3 = 1.517 ms, Max = 1.519 ms
IQR = 0.007 ms, LowerFence = 1.500 ms, UpperFence = 1.527 ms
ConfidenceInterval = [1.505 ms; 1.519 ms] (CI 99.9%), Margin = 0.007 ms (0.44% of Mean)
Skewness = -1.36, Kurtosis = 4.67, MValue = 2
-------------------- Histogram --------------------
[1.491 ms ; 1.522 ms) | @@@@@@@@@@@@@@@
---------------------------------------------------

// * Summary *

BenchmarkDotNet v0.15.8, Windows 11 (10.0.26200.9168/25H2/2025Update/HudsonValley2)
Intel Core i7-8750H CPU 2.20GHz (Max: 2.21GHz) (Coffee Lake), 1 CPU, 12 logical and 6 physical cores
.NET SDK 10.0.401
  [Host]     : .NET 10.0.12 (10.0.12, 10.0.1226.42308), X64 RyuJIT x86-64-v3
  DefaultJob : .NET 10.0.12 (10.0.12, 10.0.1226.42308), X64 RyuJIT x86-64-v3


| Method                   | iteration | Mean               | Error            | StdDev           | Median             | Gen0          | Gen1          | Gen2          | Allocated     |
|------------------------- |---------- |-------------------:|-----------------:|-----------------:|-------------------:|--------------:|--------------:|--------------:|--------------:|
| BuildReportString        | 100       |         2,674.6 ns |         54.15 ns |        157.09 ns |         2,654.0 ns |        4.4327 |        0.0038 |             - |       20856 B |
| BuildReportStringBuilder | 100       |           458.2 ns |          9.13 ns |         14.75 ns |           451.1 ns |        0.1750 |        0.0005 |             - |         824 B |
| BuildReportString        | 1000      |       176,486.3 ns |      1,689.45 ns |      1,580.31 ns |       176,308.7 ns |      603.7598 |        8.5449 |             - |     2840456 B |
| BuildReportStringBuilder | 1000      |        10,250.2 ns |        203.82 ns |        200.17 ns |        10,221.3 ns |        6.6223 |        0.1373 |             - |       31192 B |
| BuildReportString        | 10000     |    28,798,839.0 ns |    566,275.54 ns |  1,035,466.93 ns |    28,803,156.2 ns |    80187.5000 |    11937.5000 |             - |   379436456 B |
| BuildReportStringBuilder | 10000     |       135,958.0 ns |      1,824.66 ns |      1,617.51 ns |       136,255.2 ns |       83.2520 |       11.4746 |             - |      391744 B |
| BuildReportString        | 100000    | 6,870,074,340.0 ns | 80,319,605.56 ns | 75,131,008.91 ns | 6,846,948,100.0 ns | 10713000.0000 | 10614000.0000 | 10600000.0000 | 47914736352 B |
| BuildReportStringBuilder | 100000    |     1,512,075.9 ns |      6,603.58 ns |      6,177.00 ns |     1,512,553.1 ns |      683.5938 |      638.6719 |             - |     4187848 B |

// * Hints *
Outliers
  BenchmarkClass.BuildReportString: Default        -> 3 outliers were removed (3.16 μs..3.44 μs)
  BenchmarkClass.BuildReportStringBuilder: Default -> 2 outliers were removed (535.43 ns, 545.20 ns)
  BenchmarkClass.BuildReportString: Default        -> 2 outliers were removed, 5 outliers were detected (24.60 ms..26.94 ms, 31.06 ms, 31.10 ms)
  BenchmarkClass.BuildReportStringBuilder: Default -> 1 outlier  was  removed, 2 outliers were detected (130.68 μs, 138.25 μs)
  BenchmarkClass.BuildReportStringBuilder: Default -> 1 outlier  was  detected (1.49 ms)

// * Legends *
  iteration : Value of the 'iteration' parameter
  Mean      : Arithmetic mean of all measurements
  Error     : Half of 99.9% confidence interval
  StdDev    : Standard deviation of all measurements
  Median    : Value separating the higher half of all measurements (50th percentile)
  Gen0      : GC Generation 0 collects per 1000 operations
  Gen1      : GC Generation 1 collects per 1000 operations
  Gen2      : GC Generation 2 collects per 1000 operations
  Allocated : Allocated memory per single operation (managed only, inclusive, 1KB = 1024B)
  1 ns      : 1 Nanosecond (0.000000001 sec)

// * Diagnostic Output - MemoryDiagnoser *


// ***** BenchmarkRunner: End *****
Run time: 00:06:45 (405.93 sec), executed benchmarks: 8

Global total time: 00:06:53 (413.91 sec), executed benchmarks: 8
// * Artifacts cleanup *
Artifacts cleanup is finished
