// Validating benchmarks:
// ***** BenchmarkRunner: Start   *****
// ***** Found 8 benchmark(s) in total *****
// ***** Building 1 exe(s) in Parallel: Start   *****
// start dotnet  restore --nodeReuse:false /p:UseSharedCompilation=false /p:Deterministic=true /p:Optimize=true /p:ArtifactsPath="D:\Gourny .Net\Learn c#\training schedule\training schedule\bin\Release\net10.0\training schedule-DefaultJob-1/" /p:OutDir="D:\Gourny .Net\Learn c#\training schedule\training schedule\bin\Release\net10.0\training schedule-DefaultJob-1\bin\Release\net10.0/" /p:OutputPath="D:\Gourny .Net\Learn c#\training schedule\training schedule\bin\Release\net10.0\training schedule-DefaultJob-1\bin\Release\net10.0/" /p:PublishDir="D:\Gourny .Net\Learn c#\training schedule\training schedule\bin\Release\net10.0\training schedule-DefaultJob-1\publish/" in D:\Gourny .Net\Learn c#\training schedule\training schedule\bin\Release\net10.0\training schedule-DefaultJob-1
// command took 2.82 sec and exited with 0
// start dotnet  build -c Release --no-restore --nodeReuse:false /p:UseSharedCompilation=false /p:Deterministic=true /p:Optimize=true /p:ArtifactsPath="D:\Gourny .Net\Learn c#\training schedule\training schedule\bin\Release\net10.0\training schedule-DefaultJob-1/" /p:OutDir="D:\Gourny .Net\Learn c#\training schedule\training schedule\bin\Release\net10.0\training schedule-DefaultJob-1\bin\Release\net10.0/" /p:OutputPath="D:\Gourny .Net\Learn c#\training schedule\training schedule\bin\Release\net10.0\training schedule-DefaultJob-1\bin\Release\net10.0/" /p:PublishDir="D:\Gourny .Net\Learn c#\training schedule\training schedule\bin\Release\net10.0\training schedule-DefaultJob-1\publish/" --output "D:\Gourny .Net\Learn c#\training schedule\training schedule\bin\Release\net10.0\training schedule-DefaultJob-1\bin\Release\net10.0/" in D:\Gourny .Net\Learn c#\training schedule\training schedule\bin\Release\net10.0\training schedule-DefaultJob-1
// command took 7.3 sec and exited with 0
// ***** Done, took 00:00:10 (10.2 sec)   *****
// Found 8 benchmarks:
//   BenchmarkClass.BuildReportString: DefaultJob [iteration=100]
//   BenchmarkClass.BuildReportStringBuilder: DefaultJob [iteration=100]
//   BenchmarkClass.BuildReportString: DefaultJob [iteration=1000]
//   BenchmarkClass.BuildReportStringBuilder: DefaultJob [iteration=1000]
//   BenchmarkClass.BuildReportString: DefaultJob [iteration=10000]
//   BenchmarkClass.BuildReportStringBuilder: DefaultJob [iteration=10000]
//   BenchmarkClass.BuildReportString: DefaultJob [iteration=100000]
//   BenchmarkClass.BuildReportStringBuilder: DefaultJob [iteration=100000]

Setup power plan (GUID: 8c5e7fda-e8bf-4a96-9a85-a6e23a8c635c FriendlyName: High performance)
// **************************
// Benchmark: BenchmarkClass.BuildReportString: DefaultJob [iteration=100]
// *** Execute ***
// Launch: 1 / 1
// Execute: dotnet "training schedule-DefaultJob-1.dll" --anonymousPipes 1468 1420 --benchmarkName "training_schedule.BenchmarkClass.BuildReportString(iteration: 100)" --job Default --benchmarkId 0 in D:\Gourny .Net\Learn c#\training schedule\training schedule\bin\Release\net10.0\training schedule-DefaultJob-1\bin\Release\net10.0
// BeforeAnythingElse

// Benchmark Process Environment Information:
// BenchmarkDotNet v0.15.8
// Runtime=.NET 10.0.12 (10.0.12, 10.0.1226.42308), X64 RyuJIT x86-64-v3
// GC=Concurrent Workstation
// HardwareIntrinsics=AVX2+BMI1+BMI2+F16C+FMA+LZCNT+MOVBE,AVX,SSE3+SSSE3+SSE4.1+SSE4.2+POPCNT,X86Base+SSE+SSE2,AES+PCLMUL VectorSize=256
// Job: DefaultJob

OverheadJitting  1: 1 op, 186600.00 ns, 186.6000 us/op
WorkloadJitting  1: 1 op, 491100.00 ns, 491.1000 us/op

OverheadJitting  2: 16 op, 428900.00 ns, 26.8063 us/op
WorkloadJitting  2: 16 op, 714900.00 ns, 44.6813 us/op

WorkloadPilot    1: 16 op, 101400.00 ns, 6.3375 us/op
WorkloadPilot    2: 32 op, 271300.00 ns, 8.4781 us/op
WorkloadPilot    3: 64 op, 652000.00 ns, 10.1875 us/op
WorkloadPilot    4: 128 op, 2296600.00 ns, 17.9422 us/op
WorkloadPilot    5: 256 op, 3044200.00 ns, 11.8914 us/op
WorkloadPilot    6: 512 op, 3002900.00 ns, 5.8650 us/op
WorkloadPilot    7: 1024 op, 10580000.00 ns, 10.3320 us/op
WorkloadPilot    8: 2048 op, 15094900.00 ns, 7.3706 us/op
WorkloadPilot    9: 4096 op, 30242100.00 ns, 7.3833 us/op
WorkloadPilot   10: 8192 op, 59223400.00 ns, 7.2294 us/op
WorkloadPilot   11: 16384 op, 74910100.00 ns, 4.5721 us/op
WorkloadPilot   12: 32768 op, 132810000.00 ns, 4.0530 us/op
WorkloadPilot   13: 65536 op, 228859900.00 ns, 3.4921 us/op
WorkloadPilot   14: 131072 op, 532000300.00 ns, 4.0588 us/op

OverheadWarmup   1: 131072 op, 284100.00 ns, 2.1675 ns/op
OverheadWarmup   2: 131072 op, 391900.00 ns, 2.9900 ns/op
OverheadWarmup   3: 131072 op, 284000.00 ns, 2.1667 ns/op
OverheadWarmup   4: 131072 op, 283500.00 ns, 2.1629 ns/op
OverheadWarmup   5: 131072 op, 295800.00 ns, 2.2568 ns/op
OverheadWarmup   6: 131072 op, 285600.00 ns, 2.1790 ns/op

OverheadActual   1: 131072 op, 288100.00 ns, 2.1980 ns/op
OverheadActual   2: 131072 op, 332000.00 ns, 2.5330 ns/op
OverheadActual   3: 131072 op, 483100.00 ns, 3.6858 ns/op
OverheadActual   4: 131072 op, 375400.00 ns, 2.8641 ns/op
OverheadActual   5: 131072 op, 283600.00 ns, 2.1637 ns/op
OverheadActual   6: 131072 op, 365300.00 ns, 2.7870 ns/op
OverheadActual   7: 131072 op, 285500.00 ns, 2.1782 ns/op
OverheadActual   8: 131072 op, 283800.00 ns, 2.1652 ns/op
OverheadActual   9: 131072 op, 283000.00 ns, 2.1591 ns/op
OverheadActual  10: 131072 op, 283500.00 ns, 2.1629 ns/op
OverheadActual  11: 131072 op, 287900.00 ns, 2.1965 ns/op
OverheadActual  12: 131072 op, 291800.00 ns, 2.2263 ns/op
OverheadActual  13: 131072 op, 292000.00 ns, 2.2278 ns/op
OverheadActual  14: 131072 op, 286300.00 ns, 2.1843 ns/op
OverheadActual  15: 131072 op, 287000.00 ns, 2.1896 ns/op
OverheadActual  16: 131072 op, 379900.00 ns, 2.8984 ns/op
OverheadActual  17: 131072 op, 286900.00 ns, 2.1889 ns/op
OverheadActual  18: 131072 op, 283500.00 ns, 2.1629 ns/op
OverheadActual  19: 131072 op, 293900.00 ns, 2.2423 ns/op

WorkloadWarmup   1: 131072 op, 594485100.00 ns, 4.5356 us/op
WorkloadWarmup   2: 131072 op, 681187800.00 ns, 5.1971 us/op
WorkloadWarmup   3: 131072 op, 566191500.00 ns, 4.3197 us/op
WorkloadWarmup   4: 131072 op, 465545500.00 ns, 3.5518 us/op
WorkloadWarmup   5: 131072 op, 516605300.00 ns, 3.9414 us/op
WorkloadWarmup   6: 131072 op, 555764500.00 ns, 4.2401 us/op
WorkloadWarmup   7: 131072 op, 546511100.00 ns, 4.1695 us/op

// BeforeActualRun
WorkloadActual   1: 131072 op, 560994800.00 ns, 4.2801 us/op
WorkloadActual   2: 131072 op, 542217200.00 ns, 4.1368 us/op
WorkloadActual   3: 131072 op, 567949900.00 ns, 4.3331 us/op
WorkloadActual   4: 131072 op, 564380000.00 ns, 4.3059 us/op
WorkloadActual   5: 131072 op, 697634300.00 ns, 5.3225 us/op
WorkloadActual   6: 131072 op, 454959600.00 ns, 3.4711 us/op
WorkloadActual   7: 131072 op, 595731500.00 ns, 4.5451 us/op
WorkloadActual   8: 131072 op, 590194000.00 ns, 4.5028 us/op
WorkloadActual   9: 131072 op, 400999600.00 ns, 3.0594 us/op
WorkloadActual  10: 131072 op, 436350700.00 ns, 3.3291 us/op
WorkloadActual  11: 131072 op, 506059100.00 ns, 3.8609 us/op
WorkloadActual  12: 131072 op, 487885700.00 ns, 3.7223 us/op
WorkloadActual  13: 131072 op, 448490800.00 ns, 3.4217 us/op
WorkloadActual  14: 131072 op, 464688700.00 ns, 3.5453 us/op
WorkloadActual  15: 131072 op, 463512100.00 ns, 3.5363 us/op
WorkloadActual  16: 131072 op, 467297000.00 ns, 3.5652 us/op
WorkloadActual  17: 131072 op, 479094900.00 ns, 3.6552 us/op
WorkloadActual  18: 131072 op, 466347200.00 ns, 3.5579 us/op
WorkloadActual  19: 131072 op, 390879000.00 ns, 2.9822 us/op
WorkloadActual  20: 131072 op, 363717300.00 ns, 2.7749 us/op
WorkloadActual  21: 131072 op, 361518200.00 ns, 2.7582 us/op
WorkloadActual  22: 131072 op, 349064000.00 ns, 2.6631 us/op
WorkloadActual  23: 131072 op, 349565200.00 ns, 2.6670 us/op
WorkloadActual  24: 131072 op, 415806400.00 ns, 3.1724 us/op
WorkloadActual  25: 131072 op, 465367000.00 ns, 3.5505 us/op
WorkloadActual  26: 131072 op, 502840100.00 ns, 3.8364 us/op
WorkloadActual  27: 131072 op, 490402600.00 ns, 3.7415 us/op
WorkloadActual  28: 131072 op, 633164500.00 ns, 4.8307 us/op
WorkloadActual  29: 131072 op, 420679500.00 ns, 3.2095 us/op
WorkloadActual  30: 131072 op, 474697800.00 ns, 3.6217 us/op
WorkloadActual  31: 131072 op, 469918700.00 ns, 3.5852 us/op
WorkloadActual  32: 131072 op, 425823700.00 ns, 3.2488 us/op
WorkloadActual  33: 131072 op, 440215500.00 ns, 3.3586 us/op
WorkloadActual  34: 131072 op, 548386200.00 ns, 4.1839 us/op
WorkloadActual  35: 131072 op, 467935900.00 ns, 3.5701 us/op
WorkloadActual  36: 131072 op, 487074000.00 ns, 3.7161 us/op
WorkloadActual  37: 131072 op, 478395400.00 ns, 3.6499 us/op
WorkloadActual  38: 131072 op, 479551900.00 ns, 3.6587 us/op
WorkloadActual  39: 131072 op, 563457000.00 ns, 4.2988 us/op
WorkloadActual  40: 131072 op, 440539200.00 ns, 3.3610 us/op
WorkloadActual  41: 131072 op, 434562900.00 ns, 3.3155 us/op
WorkloadActual  42: 131072 op, 477149700.00 ns, 3.6404 us/op
WorkloadActual  43: 131072 op, 471600300.00 ns, 3.5980 us/op
WorkloadActual  44: 131072 op, 404138300.00 ns, 3.0833 us/op
WorkloadActual  45: 131072 op, 340546300.00 ns, 2.5982 us/op
WorkloadActual  46: 131072 op, 340094700.00 ns, 2.5947 us/op
WorkloadActual  47: 131072 op, 339705200.00 ns, 2.5917 us/op
WorkloadActual  48: 131072 op, 345355400.00 ns, 2.6349 us/op
WorkloadActual  49: 131072 op, 338080700.00 ns, 2.5794 us/op
WorkloadActual  50: 131072 op, 338887700.00 ns, 2.5855 us/op
WorkloadActual  51: 131072 op, 416144800.00 ns, 3.1749 us/op
WorkloadActual  52: 131072 op, 471246600.00 ns, 3.5953 us/op
WorkloadActual  53: 131072 op, 474618900.00 ns, 3.6211 us/op
WorkloadActual  54: 131072 op, 436444400.00 ns, 3.3298 us/op
WorkloadActual  55: 131072 op, 394785600.00 ns, 3.0120 us/op
WorkloadActual  56: 131072 op, 441419300.00 ns, 3.3678 us/op
WorkloadActual  57: 131072 op, 466292500.00 ns, 3.5575 us/op
WorkloadActual  58: 131072 op, 468490500.00 ns, 3.5743 us/op
WorkloadActual  59: 131072 op, 419686800.00 ns, 3.2020 us/op
WorkloadActual  60: 131072 op, 342797100.00 ns, 2.6153 us/op
WorkloadActual  61: 131072 op, 343283900.00 ns, 2.6190 us/op
WorkloadActual  62: 131072 op, 406739800.00 ns, 3.1032 us/op
WorkloadActual  63: 131072 op, 414780200.00 ns, 3.1645 us/op
WorkloadActual  64: 131072 op, 462047900.00 ns, 3.5251 us/op
WorkloadActual  65: 131072 op, 523816300.00 ns, 3.9964 us/op
WorkloadActual  66: 131072 op, 475208600.00 ns, 3.6256 us/op
WorkloadActual  67: 131072 op, 471205100.00 ns, 3.5950 us/op
WorkloadActual  68: 131072 op, 474207800.00 ns, 3.6179 us/op
WorkloadActual  69: 131072 op, 450599200.00 ns, 3.4378 us/op
WorkloadActual  70: 131072 op, 410540900.00 ns, 3.1322 us/op
WorkloadActual  71: 131072 op, 614558300.00 ns, 4.6887 us/op
WorkloadActual  72: 131072 op, 573338200.00 ns, 4.3742 us/op
WorkloadActual  73: 131072 op, 395060600.00 ns, 3.0141 us/op
WorkloadActual  74: 131072 op, 401007500.00 ns, 3.0594 us/op
WorkloadActual  75: 131072 op, 293596600.00 ns, 2.2400 us/op
WorkloadActual  76: 131072 op, 291881200.00 ns, 2.2269 us/op
WorkloadActual  77: 131072 op, 387786200.00 ns, 2.9586 us/op
WorkloadActual  78: 131072 op, 295289300.00 ns, 2.2529 us/op
WorkloadActual  79: 131072 op, 289895400.00 ns, 2.2117 us/op
WorkloadActual  80: 131072 op, 292762300.00 ns, 2.2336 us/op
WorkloadActual  81: 131072 op, 286095500.00 ns, 2.1827 us/op
WorkloadActual  82: 131072 op, 278726700.00 ns, 2.1265 us/op
WorkloadActual  83: 131072 op, 283169000.00 ns, 2.1604 us/op
WorkloadActual  84: 131072 op, 277247000.00 ns, 2.1152 us/op
WorkloadActual  85: 131072 op, 280765300.00 ns, 2.1421 us/op
WorkloadActual  86: 131072 op, 290519600.00 ns, 2.2165 us/op
WorkloadActual  87: 131072 op, 278661900.00 ns, 2.1260 us/op
WorkloadActual  88: 131072 op, 296214500.00 ns, 2.2599 us/op
WorkloadActual  89: 131072 op, 302538200.00 ns, 2.3082 us/op
WorkloadActual  90: 131072 op, 313341100.00 ns, 2.3906 us/op
WorkloadActual  91: 131072 op, 300988200.00 ns, 2.2964 us/op
WorkloadActual  92: 131072 op, 304142400.00 ns, 2.3204 us/op
WorkloadActual  93: 131072 op, 318379400.00 ns, 2.4290 us/op
WorkloadActual  94: 131072 op, 318955700.00 ns, 2.4334 us/op
WorkloadActual  95: 131072 op, 305221100.00 ns, 2.3287 us/op
WorkloadActual  96: 131072 op, 301841200.00 ns, 2.3029 us/op
WorkloadActual  97: 131072 op, 290926600.00 ns, 2.2196 us/op
WorkloadActual  98: 131072 op, 287754300.00 ns, 2.1954 us/op
WorkloadActual  99: 131072 op, 320850600.00 ns, 2.4479 us/op
WorkloadActual  100: 131072 op, 298513700.00 ns, 2.2775 us/op

// AfterActualRun
WorkloadResult   1: 131072 op, 560706900.00 ns, 4.2779 us/op
WorkloadResult   2: 131072 op, 541929300.00 ns, 4.1346 us/op
WorkloadResult   3: 131072 op, 567662000.00 ns, 4.3309 us/op
WorkloadResult   4: 131072 op, 564092100.00 ns, 4.3037 us/op
WorkloadResult   5: 131072 op, 454671700.00 ns, 3.4689 us/op
WorkloadResult   6: 131072 op, 595443600.00 ns, 4.5429 us/op
WorkloadResult   7: 131072 op, 589906100.00 ns, 4.5006 us/op
WorkloadResult   8: 131072 op, 400711700.00 ns, 3.0572 us/op
WorkloadResult   9: 131072 op, 436062800.00 ns, 3.3269 us/op
WorkloadResult  10: 131072 op, 505771200.00 ns, 3.8587 us/op
WorkloadResult  11: 131072 op, 487597800.00 ns, 3.7201 us/op
WorkloadResult  12: 131072 op, 448202900.00 ns, 3.4195 us/op
WorkloadResult  13: 131072 op, 464400800.00 ns, 3.5431 us/op
WorkloadResult  14: 131072 op, 463224200.00 ns, 3.5341 us/op
WorkloadResult  15: 131072 op, 467009100.00 ns, 3.5630 us/op
WorkloadResult  16: 131072 op, 478807000.00 ns, 3.6530 us/op
WorkloadResult  17: 131072 op, 466059300.00 ns, 3.5558 us/op
WorkloadResult  18: 131072 op, 390591100.00 ns, 2.9800 us/op
WorkloadResult  19: 131072 op, 363429400.00 ns, 2.7727 us/op
WorkloadResult  20: 131072 op, 361230300.00 ns, 2.7560 us/op
WorkloadResult  21: 131072 op, 348776100.00 ns, 2.6610 us/op
WorkloadResult  22: 131072 op, 349277300.00 ns, 2.6648 us/op
WorkloadResult  23: 131072 op, 415518500.00 ns, 3.1702 us/op
WorkloadResult  24: 131072 op, 465079100.00 ns, 3.5483 us/op
WorkloadResult  25: 131072 op, 502552200.00 ns, 3.8342 us/op
WorkloadResult  26: 131072 op, 490114700.00 ns, 3.7393 us/op
WorkloadResult  27: 131072 op, 632876600.00 ns, 4.8285 us/op
WorkloadResult  28: 131072 op, 420391600.00 ns, 3.2073 us/op
WorkloadResult  29: 131072 op, 474409900.00 ns, 3.6195 us/op
WorkloadResult  30: 131072 op, 469630800.00 ns, 3.5830 us/op
WorkloadResult  31: 131072 op, 425535800.00 ns, 3.2466 us/op
WorkloadResult  32: 131072 op, 439927600.00 ns, 3.3564 us/op
WorkloadResult  33: 131072 op, 548098300.00 ns, 4.1817 us/op
WorkloadResult  34: 131072 op, 467648000.00 ns, 3.5679 us/op
WorkloadResult  35: 131072 op, 486786100.00 ns, 3.7139 us/op
WorkloadResult  36: 131072 op, 478107500.00 ns, 3.6477 us/op
WorkloadResult  37: 131072 op, 479264000.00 ns, 3.6565 us/op
WorkloadResult  38: 131072 op, 563169100.00 ns, 4.2966 us/op
WorkloadResult  39: 131072 op, 440251300.00 ns, 3.3589 us/op
WorkloadResult  40: 131072 op, 434275000.00 ns, 3.3133 us/op
WorkloadResult  41: 131072 op, 476861800.00 ns, 3.6382 us/op
WorkloadResult  42: 131072 op, 471312400.00 ns, 3.5958 us/op
WorkloadResult  43: 131072 op, 403850400.00 ns, 3.0811 us/op
WorkloadResult  44: 131072 op, 340258400.00 ns, 2.5960 us/op
WorkloadResult  45: 131072 op, 339806800.00 ns, 2.5925 us/op
WorkloadResult  46: 131072 op, 339417300.00 ns, 2.5895 us/op
WorkloadResult  47: 131072 op, 345067500.00 ns, 2.6327 us/op
WorkloadResult  48: 131072 op, 337792800.00 ns, 2.5772 us/op
WorkloadResult  49: 131072 op, 338599800.00 ns, 2.5833 us/op
WorkloadResult  50: 131072 op, 415856900.00 ns, 3.1727 us/op
WorkloadResult  51: 131072 op, 470958700.00 ns, 3.5931 us/op
WorkloadResult  52: 131072 op, 474331000.00 ns, 3.6189 us/op
WorkloadResult  53: 131072 op, 436156500.00 ns, 3.3276 us/op
WorkloadResult  54: 131072 op, 394497700.00 ns, 3.0098 us/op
WorkloadResult  55: 131072 op, 441131400.00 ns, 3.3656 us/op
WorkloadResult  56: 131072 op, 466004600.00 ns, 3.5553 us/op
WorkloadResult  57: 131072 op, 468202600.00 ns, 3.5721 us/op
WorkloadResult  58: 131072 op, 419398900.00 ns, 3.1998 us/op
WorkloadResult  59: 131072 op, 342509200.00 ns, 2.6131 us/op
WorkloadResult  60: 131072 op, 342996000.00 ns, 2.6169 us/op
WorkloadResult  61: 131072 op, 406451900.00 ns, 3.1010 us/op
WorkloadResult  62: 131072 op, 414492300.00 ns, 3.1623 us/op
WorkloadResult  63: 131072 op, 461760000.00 ns, 3.5229 us/op
WorkloadResult  64: 131072 op, 523528400.00 ns, 3.9942 us/op
WorkloadResult  65: 131072 op, 474920700.00 ns, 3.6234 us/op
WorkloadResult  66: 131072 op, 470917200.00 ns, 3.5928 us/op
WorkloadResult  67: 131072 op, 473919900.00 ns, 3.6157 us/op
WorkloadResult  68: 131072 op, 450311300.00 ns, 3.4356 us/op
WorkloadResult  69: 131072 op, 410253000.00 ns, 3.1300 us/op
WorkloadResult  70: 131072 op, 614270400.00 ns, 4.6865 us/op
WorkloadResult  71: 131072 op, 573050300.00 ns, 4.3720 us/op
WorkloadResult  72: 131072 op, 394772700.00 ns, 3.0119 us/op
WorkloadResult  73: 131072 op, 400719600.00 ns, 3.0572 us/op
WorkloadResult  74: 131072 op, 293308700.00 ns, 2.2378 us/op
WorkloadResult  75: 131072 op, 291593300.00 ns, 2.2247 us/op
WorkloadResult  76: 131072 op, 387498300.00 ns, 2.9564 us/op
WorkloadResult  77: 131072 op, 295001400.00 ns, 2.2507 us/op
WorkloadResult  78: 131072 op, 289607500.00 ns, 2.2095 us/op
WorkloadResult  79: 131072 op, 292474400.00 ns, 2.2314 us/op
WorkloadResult  80: 131072 op, 285807600.00 ns, 2.1805 us/op
WorkloadResult  81: 131072 op, 278438800.00 ns, 2.1243 us/op
WorkloadResult  82: 131072 op, 282881100.00 ns, 2.1582 us/op
WorkloadResult  83: 131072 op, 276959100.00 ns, 2.1130 us/op
WorkloadResult  84: 131072 op, 280477400.00 ns, 2.1399 us/op
WorkloadResult  85: 131072 op, 290231700.00 ns, 2.2143 us/op
WorkloadResult  86: 131072 op, 278374000.00 ns, 2.1238 us/op
WorkloadResult  87: 131072 op, 295926600.00 ns, 2.2577 us/op
WorkloadResult  88: 131072 op, 302250300.00 ns, 2.3060 us/op
WorkloadResult  89: 131072 op, 313053200.00 ns, 2.3884 us/op
WorkloadResult  90: 131072 op, 300700300.00 ns, 2.2942 us/op
WorkloadResult  91: 131072 op, 303854500.00 ns, 2.3182 us/op
WorkloadResult  92: 131072 op, 318091500.00 ns, 2.4268 us/op
WorkloadResult  93: 131072 op, 318667800.00 ns, 2.4312 us/op
WorkloadResult  94: 131072 op, 304933200.00 ns, 2.3265 us/op
WorkloadResult  95: 131072 op, 301553300.00 ns, 2.3007 us/op
WorkloadResult  96: 131072 op, 290638700.00 ns, 2.2174 us/op
WorkloadResult  97: 131072 op, 287466400.00 ns, 2.1932 us/op
WorkloadResult  98: 131072 op, 320562700.00 ns, 2.4457 us/op
WorkloadResult  99: 131072 op, 298225800.00 ns, 2.2753 us/op
// GC:  581 0 0 2733637632 131072
// Threading:  0 0 131072

// AfterAll
// Benchmark Process 2716 has exited with code 0.

Mean = 3.148 μs, StdErr = 0.071 μs (2.25%), N = 99, StdDev = 0.704 μs
Min = 2.113 μs, Q1 = 2.511 μs, Median = 3.200 μs, Q3 = 3.606 μs, Max = 4.828 μs
IQR = 1.094 μs, LowerFence = 0.870 μs, UpperFence = 5.247 μs
ConfidenceInterval = [2.908 μs; 3.388 μs] (CI 99.9%), Margin = 0.240 μs (7.63% of Mean)
Skewness = 0.21, Kurtosis = 2.14, MValue = 3.03

// ** Remained 7 (87.5%) benchmark(s) to run. Estimated finish 2026-09-10 17:52 (0h 5m from now) **
Setup power plan (GUID: 8c5e7fda-e8bf-4a96-9a85-a6e23a8c635c FriendlyName: High performance)
// **************************
// Benchmark: BenchmarkClass.BuildReportStringBuilder: DefaultJob [iteration=100]
// *** Execute ***
// Launch: 1 / 1
// Execute: dotnet "training schedule-DefaultJob-1.dll" --anonymousPipes 1432 1428 --benchmarkName "training_schedule.BenchmarkClass.BuildReportStringBuilder(iteration: 100)" --job Default --benchmarkId 1 in D:\Gourny .Net\Learn c#\training schedule\training schedule\bin\Release\net10.0\training schedule-DefaultJob-1\bin\Release\net10.0
// BeforeAnythingElse

// Benchmark Process Environment Information:
// BenchmarkDotNet v0.15.8
// Runtime=.NET 10.0.12 (10.0.12, 10.0.1226.42308), X64 RyuJIT x86-64-v3
// GC=Concurrent Workstation
// HardwareIntrinsics=AVX2+BMI1+BMI2+F16C+FMA+LZCNT+MOVBE,AVX,SSE3+SSSE3+SSE4.1+SSE4.2+POPCNT,X86Base+SSE+SSE2,AES+PCLMUL VectorSize=256
// Job: DefaultJob

OverheadJitting  1: 1 op, 193600.00 ns, 193.6000 us/op
WorkloadJitting  1: 1 op, 413800.00 ns, 413.8000 us/op

OverheadJitting  2: 16 op, 239400.00 ns, 14.9625 us/op
WorkloadJitting  2: 16 op, 274900.00 ns, 17.1813 us/op

WorkloadPilot    1: 16 op, 43300.00 ns, 2.7063 us/op
WorkloadPilot    2: 32 op, 70000.00 ns, 2.1875 us/op
WorkloadPilot    3: 64 op, 153300.00 ns, 2.3953 us/op
WorkloadPilot    4: 128 op, 300300.00 ns, 2.3461 us/op
WorkloadPilot    5: 256 op, 569200.00 ns, 2.2234 us/op
WorkloadPilot    6: 512 op, 1099300.00 ns, 2.1471 us/op
WorkloadPilot    7: 1024 op, 2015200.00 ns, 1.9680 us/op
WorkloadPilot    8: 2048 op, 4444500.00 ns, 2.1702 us/op
WorkloadPilot    9: 4096 op, 7852800.00 ns, 1.9172 us/op
WorkloadPilot   10: 8192 op, 16708200.00 ns, 2.0396 us/op
WorkloadPilot   11: 16384 op, 29269900.00 ns, 1.7865 us/op
WorkloadPilot   12: 32768 op, 56122600.00 ns, 1.7127 us/op
WorkloadPilot   13: 65536 op, 51035300.00 ns, 778.7369 ns/op
WorkloadPilot   14: 131072 op, 68247100.00 ns, 520.6841 ns/op
WorkloadPilot   15: 262144 op, 135383300.00 ns, 516.4463 ns/op
WorkloadPilot   16: 524288 op, 273945600.00 ns, 522.5098 ns/op
WorkloadPilot   17: 1048576 op, 536489000.00 ns, 511.6358 ns/op

OverheadWarmup   1: 1048576 op, 2219900.00 ns, 2.1171 ns/op
OverheadWarmup   2: 1048576 op, 2212300.00 ns, 2.1098 ns/op
OverheadWarmup   3: 1048576 op, 2206800.00 ns, 2.1046 ns/op
OverheadWarmup   4: 1048576 op, 2191200.00 ns, 2.0897 ns/op
OverheadWarmup   5: 1048576 op, 2192900.00 ns, 2.0913 ns/op
OverheadWarmup   6: 1048576 op, 2199100.00 ns, 2.0972 ns/op
OverheadWarmup   7: 1048576 op, 2253300.00 ns, 2.1489 ns/op
OverheadWarmup   8: 1048576 op, 2547300.00 ns, 2.4293 ns/op
OverheadWarmup   9: 1048576 op, 2190100.00 ns, 2.0886 ns/op
OverheadWarmup  10: 1048576 op, 2190600.00 ns, 2.0891 ns/op

OverheadActual   1: 1048576 op, 2224600.00 ns, 2.1215 ns/op
OverheadActual   2: 1048576 op, 2244600.00 ns, 2.1406 ns/op
OverheadActual   3: 1048576 op, 2249400.00 ns, 2.1452 ns/op
OverheadActual   4: 1048576 op, 2246100.00 ns, 2.1420 ns/op
OverheadActual   5: 1048576 op, 2306800.00 ns, 2.1999 ns/op
OverheadActual   6: 1048576 op, 2269000.00 ns, 2.1639 ns/op
OverheadActual   7: 1048576 op, 2245700.00 ns, 2.1417 ns/op
OverheadActual   8: 1048576 op, 2267100.00 ns, 2.1621 ns/op
OverheadActual   9: 1048576 op, 2246800.00 ns, 2.1427 ns/op
OverheadActual  10: 1048576 op, 2298700.00 ns, 2.1922 ns/op
OverheadActual  11: 1048576 op, 2274200.00 ns, 2.1688 ns/op
OverheadActual  12: 1048576 op, 2245200.00 ns, 2.1412 ns/op
OverheadActual  13: 1048576 op, 2284700.00 ns, 2.1789 ns/op
OverheadActual  14: 1048576 op, 2245300.00 ns, 2.1413 ns/op
OverheadActual  15: 1048576 op, 2244700.00 ns, 2.1407 ns/op

WorkloadWarmup   1: 1048576 op, 546955300.00 ns, 521.6172 ns/op
WorkloadWarmup   2: 1048576 op, 533688100.00 ns, 508.9646 ns/op
WorkloadWarmup   3: 1048576 op, 535232100.00 ns, 510.4371 ns/op
WorkloadWarmup   4: 1048576 op, 547750000.00 ns, 522.3751 ns/op
WorkloadWarmup   5: 1048576 op, 550129000.00 ns, 524.6439 ns/op
WorkloadWarmup   6: 1048576 op, 542683500.00 ns, 517.5433 ns/op
WorkloadWarmup   7: 1048576 op, 577667300.00 ns, 550.9065 ns/op
WorkloadWarmup   8: 1048576 op, 551330300.00 ns, 525.7895 ns/op

// BeforeActualRun
WorkloadActual   1: 1048576 op, 542315200.00 ns, 517.1921 ns/op
WorkloadActual   2: 1048576 op, 537683500.00 ns, 512.7749 ns/op
WorkloadActual   3: 1048576 op, 532597800.00 ns, 507.9248 ns/op
WorkloadActual   4: 1048576 op, 538491600.00 ns, 513.5456 ns/op
WorkloadActual   5: 1048576 op, 534595800.00 ns, 509.8303 ns/op
WorkloadActual   6: 1048576 op, 535681000.00 ns, 510.8652 ns/op
WorkloadActual   7: 1048576 op, 531789600.00 ns, 507.1541 ns/op
WorkloadActual   8: 1048576 op, 539951700.00 ns, 514.9381 ns/op
WorkloadActual   9: 1048576 op, 536026500.00 ns, 511.1947 ns/op
WorkloadActual  10: 1048576 op, 541780500.00 ns, 516.6821 ns/op
WorkloadActual  11: 1048576 op, 536294500.00 ns, 511.4503 ns/op
WorkloadActual  12: 1048576 op, 539614000.00 ns, 514.6160 ns/op
WorkloadActual  13: 1048576 op, 537297800.00 ns, 512.4071 ns/op
WorkloadActual  14: 1048576 op, 533537200.00 ns, 508.8207 ns/op
WorkloadActual  15: 1048576 op, 539915100.00 ns, 514.9032 ns/op

// AfterActualRun
WorkloadResult   1: 1048576 op, 540068400.00 ns, 515.0494 ns/op
WorkloadResult   2: 1048576 op, 535436700.00 ns, 510.6322 ns/op
WorkloadResult   3: 1048576 op, 530351000.00 ns, 505.7821 ns/op
WorkloadResult   4: 1048576 op, 536244800.00 ns, 511.4029 ns/op
WorkloadResult   5: 1048576 op, 532349000.00 ns, 507.6876 ns/op
WorkloadResult   6: 1048576 op, 533434200.00 ns, 508.7225 ns/op
WorkloadResult   7: 1048576 op, 529542800.00 ns, 505.0114 ns/op
WorkloadResult   8: 1048576 op, 537704900.00 ns, 512.7954 ns/op
WorkloadResult   9: 1048576 op, 533779700.00 ns, 509.0520 ns/op
WorkloadResult  10: 1048576 op, 539533700.00 ns, 514.5394 ns/op
WorkloadResult  11: 1048576 op, 534047700.00 ns, 509.3076 ns/op
WorkloadResult  12: 1048576 op, 537367200.00 ns, 512.4733 ns/op
WorkloadResult  13: 1048576 op, 535051000.00 ns, 510.2644 ns/op
WorkloadResult  14: 1048576 op, 531290400.00 ns, 506.6780 ns/op
WorkloadResult  15: 1048576 op, 537668300.00 ns, 512.7604 ns/op
// GC:  183 0 0 864026624 1048576
// Threading:  0 0 1048576

// AfterAll
// Benchmark Process 25944 has exited with code 0.

Mean = 510.144 ns, StdErr = 0.792 ns (0.16%), N = 15, StdDev = 3.069 ns
Min = 505.011 ns, Q1 = 508.205 ns, Median = 510.264 ns, Q3 = 512.617 ns, Max = 515.049 ns
IQR = 4.412 ns, LowerFence = 501.587 ns, UpperFence = 519.235 ns
ConfidenceInterval = [506.863 ns; 513.425 ns] (CI 99.9%), Margin = 3.281 ns (0.64% of Mean)
Skewness = -0.06, Kurtosis = 1.75, MValue = 2

// ** Remained 6 (75.0%) benchmark(s) to run. Estimated finish 2026-09-10 17:49 (0h 3m from now) **
Setup power plan (GUID: 8c5e7fda-e8bf-4a96-9a85-a6e23a8c635c FriendlyName: High performance)
// **************************
// Benchmark: BenchmarkClass.BuildReportString: DefaultJob [iteration=1000]
// *** Execute ***
// Launch: 1 / 1
// Execute: dotnet "training schedule-DefaultJob-1.dll" --anonymousPipes 1572 1436 --benchmarkName "training_schedule.BenchmarkClass.BuildReportString(iteration: 1000)" --job Default --benchmarkId 2 in D:\Gourny .Net\Learn c#\training schedule\training schedule\bin\Release\net10.0\training schedule-DefaultJob-1\bin\Release\net10.0
// BeforeAnythingElse

// Benchmark Process Environment Information:
// BenchmarkDotNet v0.15.8
// Runtime=.NET 10.0.12 (10.0.12, 10.0.1226.42308), X64 RyuJIT x86-64-v3
// GC=Concurrent Workstation
// HardwareIntrinsics=AVX2+BMI1+BMI2+F16C+FMA+LZCNT+MOVBE,AVX,SSE3+SSSE3+SSE4.1+SSE4.2+POPCNT,X86Base+SSE+SSE2,AES+PCLMUL VectorSize=256
// Job: DefaultJob

OverheadJitting  1: 1 op, 171300.00 ns, 171.3000 us/op
WorkloadJitting  1: 1 op, 1835400.00 ns, 1.8354 ms/op

OverheadJitting  2: 16 op, 230900.00 ns, 14.4313 us/op
WorkloadJitting  2: 16 op, 10788000.00 ns, 674.2500 us/op

WorkloadPilot    1: 16 op, 7306100.00 ns, 456.6313 us/op
WorkloadPilot    2: 32 op, 15483000.00 ns, 483.8438 us/op
WorkloadPilot    3: 64 op, 21612400.00 ns, 337.6938 us/op
WorkloadPilot    4: 128 op, 38100800.00 ns, 297.6625 us/op
WorkloadPilot    5: 256 op, 54715700.00 ns, 213.7332 us/op
WorkloadPilot    6: 512 op, 115574000.00 ns, 225.7305 us/op
WorkloadPilot    7: 1024 op, 235870700.00 ns, 230.3425 us/op
WorkloadPilot    8: 2048 op, 453613300.00 ns, 221.4909 us/op
WorkloadPilot    9: 4096 op, 890601900.00 ns, 217.4321 us/op

OverheadWarmup   1: 4096 op, 11800.00 ns, 2.8809 ns/op
OverheadWarmup   2: 4096 op, 9200.00 ns, 2.2461 ns/op
OverheadWarmup   3: 4096 op, 32300.00 ns, 7.8857 ns/op
OverheadWarmup   4: 4096 op, 9100.00 ns, 2.2217 ns/op
OverheadWarmup   5: 4096 op, 9000.00 ns, 2.1973 ns/op
OverheadWarmup   6: 4096 op, 8900.00 ns, 2.1729 ns/op
OverheadWarmup   7: 4096 op, 9100.00 ns, 2.2217 ns/op
OverheadWarmup   8: 4096 op, 8900.00 ns, 2.1729 ns/op

OverheadActual   1: 4096 op, 8900.00 ns, 2.1729 ns/op
OverheadActual   2: 4096 op, 9000.00 ns, 2.1973 ns/op
OverheadActual   3: 4096 op, 29000.00 ns, 7.0801 ns/op
OverheadActual   4: 4096 op, 9500.00 ns, 2.3193 ns/op
OverheadActual   5: 4096 op, 9200.00 ns, 2.2461 ns/op
OverheadActual   6: 4096 op, 9200.00 ns, 2.2461 ns/op
OverheadActual   7: 4096 op, 9000.00 ns, 2.1973 ns/op
OverheadActual   8: 4096 op, 8900.00 ns, 2.1729 ns/op
OverheadActual   9: 4096 op, 29300.00 ns, 7.1533 ns/op
OverheadActual  10: 4096 op, 9200.00 ns, 2.2461 ns/op
OverheadActual  11: 4096 op, 9100.00 ns, 2.2217 ns/op
OverheadActual  12: 4096 op, 8900.00 ns, 2.1729 ns/op
OverheadActual  13: 4096 op, 9200.00 ns, 2.2461 ns/op
OverheadActual  14: 4096 op, 9000.00 ns, 2.1973 ns/op
OverheadActual  15: 4096 op, 9100.00 ns, 2.2217 ns/op

WorkloadWarmup   1: 4096 op, 724864800.00 ns, 176.9689 us/op
WorkloadWarmup   2: 4096 op, 747651400.00 ns, 182.5321 us/op
WorkloadWarmup   3: 4096 op, 745300100.00 ns, 181.9580 us/op
WorkloadWarmup   4: 4096 op, 734068800.00 ns, 179.2160 us/op
WorkloadWarmup   5: 4096 op, 731337000.00 ns, 178.5491 us/op
WorkloadWarmup   6: 4096 op, 730033500.00 ns, 178.2308 us/op
WorkloadWarmup   7: 4096 op, 723864800.00 ns, 176.7248 us/op
WorkloadWarmup   8: 4096 op, 726032200.00 ns, 177.2540 us/op
WorkloadWarmup   9: 4096 op, 724628100.00 ns, 176.9112 us/op

// BeforeActualRun
WorkloadActual   1: 4096 op, 735963700.00 ns, 179.6786 us/op
WorkloadActual   2: 4096 op, 888365000.00 ns, 216.8860 us/op
WorkloadActual   3: 4096 op, 888176100.00 ns, 216.8399 us/op
WorkloadActual   4: 4096 op, 874915000.00 ns, 213.6023 us/op
WorkloadActual   5: 4096 op, 887218900.00 ns, 216.6062 us/op
WorkloadActual   6: 4096 op, 886633600.00 ns, 216.4633 us/op
WorkloadActual   7: 4096 op, 895745600.00 ns, 218.6879 us/op
WorkloadActual   8: 4096 op, 904591400.00 ns, 220.8475 us/op
WorkloadActual   9: 4096 op, 883318300.00 ns, 215.6539 us/op
WorkloadActual  10: 4096 op, 878952400.00 ns, 214.5880 us/op
WorkloadActual  11: 4096 op, 899777000.00 ns, 219.6721 us/op
WorkloadActual  12: 4096 op, 879892000.00 ns, 214.8174 us/op
WorkloadActual  13: 4096 op, 910789600.00 ns, 222.3607 us/op
WorkloadActual  14: 4096 op, 895745000.00 ns, 218.6877 us/op
WorkloadActual  15: 4096 op, 891283800.00 ns, 217.5986 us/op
WorkloadActual  16: 4096 op, 898813500.00 ns, 219.4369 us/op
WorkloadActual  17: 4096 op, 895821700.00 ns, 218.7065 us/op
WorkloadActual  18: 4096 op, 899324500.00 ns, 219.5616 us/op
WorkloadActual  19: 4096 op, 881049900.00 ns, 215.1001 us/op
WorkloadActual  20: 4096 op, 874165800.00 ns, 213.4194 us/op
WorkloadActual  21: 4096 op, 897084100.00 ns, 219.0147 us/op
WorkloadActual  22: 4096 op, 903451700.00 ns, 220.5693 us/op
WorkloadActual  23: 4096 op, 885755000.00 ns, 216.2488 us/op
WorkloadActual  24: 4096 op, 879319900.00 ns, 214.6777 us/op
WorkloadActual  25: 4096 op, 897691700.00 ns, 219.1630 us/op
WorkloadActual  26: 4096 op, 896483200.00 ns, 218.8680 us/op
WorkloadActual  27: 4096 op, 910928500.00 ns, 222.3947 us/op
WorkloadActual  28: 4096 op, 883269200.00 ns, 215.6419 us/op
WorkloadActual  29: 4096 op, 909966600.00 ns, 222.1598 us/op
WorkloadActual  30: 4096 op, 903653700.00 ns, 220.6186 us/op
WorkloadActual  31: 4096 op, 915929300.00 ns, 223.6156 us/op
WorkloadActual  32: 4096 op, 906916100.00 ns, 221.4151 us/op
WorkloadActual  33: 4096 op, 894519700.00 ns, 218.3886 us/op
WorkloadActual  34: 4096 op, 1036763500.00 ns, 253.1161 us/op
WorkloadActual  35: 4096 op, 986455700.00 ns, 240.8339 us/op
WorkloadActual  36: 4096 op, 886885400.00 ns, 216.5248 us/op
WorkloadActual  37: 4096 op, 884720200.00 ns, 215.9961 us/op

// AfterActualRun
WorkloadResult   1: 4096 op, 735954600.00 ns, 179.6764 us/op
WorkloadResult   2: 4096 op, 888355900.00 ns, 216.8838 us/op
WorkloadResult   3: 4096 op, 888167000.00 ns, 216.8376 us/op
WorkloadResult   4: 4096 op, 874905900.00 ns, 213.6001 us/op
WorkloadResult   5: 4096 op, 887209800.00 ns, 216.6040 us/op
WorkloadResult   6: 4096 op, 886624500.00 ns, 216.4611 us/op
WorkloadResult   7: 4096 op, 895736500.00 ns, 218.6857 us/op
WorkloadResult   8: 4096 op, 904582300.00 ns, 220.8453 us/op
WorkloadResult   9: 4096 op, 883309200.00 ns, 215.6517 us/op
WorkloadResult  10: 4096 op, 878943300.00 ns, 214.5858 us/op
WorkloadResult  11: 4096 op, 899767900.00 ns, 219.6699 us/op
WorkloadResult  12: 4096 op, 879882900.00 ns, 214.8152 us/op
WorkloadResult  13: 4096 op, 910780500.00 ns, 222.3585 us/op
WorkloadResult  14: 4096 op, 895735900.00 ns, 218.6855 us/op
WorkloadResult  15: 4096 op, 891274700.00 ns, 217.5964 us/op
WorkloadResult  16: 4096 op, 898804400.00 ns, 219.4347 us/op
WorkloadResult  17: 4096 op, 895812600.00 ns, 218.7042 us/op
WorkloadResult  18: 4096 op, 899315400.00 ns, 219.5594 us/op
WorkloadResult  19: 4096 op, 881040800.00 ns, 215.0979 us/op
WorkloadResult  20: 4096 op, 874156700.00 ns, 213.4172 us/op
WorkloadResult  21: 4096 op, 897075000.00 ns, 219.0125 us/op
WorkloadResult  22: 4096 op, 903442600.00 ns, 220.5670 us/op
WorkloadResult  23: 4096 op, 885745900.00 ns, 216.2466 us/op
WorkloadResult  24: 4096 op, 879310800.00 ns, 214.6755 us/op
WorkloadResult  25: 4096 op, 897682600.00 ns, 219.1608 us/op
WorkloadResult  26: 4096 op, 896474100.00 ns, 218.8657 us/op
WorkloadResult  27: 4096 op, 910919400.00 ns, 222.3924 us/op
WorkloadResult  28: 4096 op, 883260100.00 ns, 215.6397 us/op
WorkloadResult  29: 4096 op, 909957500.00 ns, 222.1576 us/op
WorkloadResult  30: 4096 op, 903644600.00 ns, 220.6164 us/op
WorkloadResult  31: 4096 op, 915920200.00 ns, 223.6133 us/op
WorkloadResult  32: 4096 op, 906907000.00 ns, 221.4128 us/op
WorkloadResult  33: 4096 op, 894510600.00 ns, 218.3864 us/op
WorkloadResult  34: 4096 op, 886876300.00 ns, 216.5225 us/op
WorkloadResult  35: 4096 op, 884711100.00 ns, 215.9939 us/op
// GC:  2473 35 0 11634507776 4096
// Threading:  0 0 4096

// AfterAll
// Benchmark Process 29824 has exited with code 0.

Mean = 216.984 μs, StdErr = 1.186 μs (0.55%), N = 35, StdDev = 7.017 μs
Min = 179.676 μs, Q1 = 215.823 μs, Median = 218.386 μs, Q3 = 219.615 μs, Max = 223.613 μs
IQR = 3.792 μs, LowerFence = 210.135 μs, UpperFence = 225.302 μs
ConfidenceInterval = [212.713 μs; 221.254 μs] (CI 99.9%), Margin = 4.270 μs (1.97% of Mean)
Skewness = -4.22, Kurtosis = 22.91, MValue = 2

// ** Remained 5 (62.5%) benchmark(s) to run. Estimated finish 2026-09-10 17:50 (0h 2m from now) **
Setup power plan (GUID: 8c5e7fda-e8bf-4a96-9a85-a6e23a8c635c FriendlyName: High performance)
// **************************
// Benchmark: BenchmarkClass.BuildReportStringBuilder: DefaultJob [iteration=1000]
// *** Execute ***
// Launch: 1 / 1
// Execute: dotnet "training schedule-DefaultJob-1.dll" --anonymousPipes 1560 1556 --benchmarkName "training_schedule.BenchmarkClass.BuildReportStringBuilder(iteration: 1000)" --job Default --benchmarkId 3 in D:\Gourny .Net\Learn c#\training schedule\training schedule\bin\Release\net10.0\training schedule-DefaultJob-1\bin\Release\net10.0
// BeforeAnythingElse

// Benchmark Process Environment Information:
// BenchmarkDotNet v0.15.8
// Runtime=.NET 10.0.12 (10.0.12, 10.0.1226.42308), X64 RyuJIT x86-64-v3
// GC=Concurrent Workstation
// HardwareIntrinsics=AVX2+BMI1+BMI2+F16C+FMA+LZCNT+MOVBE,AVX,SSE3+SSSE3+SSE4.1+SSE4.2+POPCNT,X86Base+SSE+SSE2,AES+PCLMUL VectorSize=256
// Job: DefaultJob

OverheadJitting  1: 1 op, 189700.00 ns, 189.7000 us/op
WorkloadJitting  1: 1 op, 686300.00 ns, 686.3000 us/op

OverheadJitting  2: 16 op, 241000.00 ns, 15.0625 us/op
WorkloadJitting  2: 16 op, 6046500.00 ns, 377.9063 us/op

WorkloadPilot    1: 16 op, 538700.00 ns, 33.6688 us/op
WorkloadPilot    2: 32 op, 1058100.00 ns, 33.0656 us/op
WorkloadPilot    3: 64 op, 1966900.00 ns, 30.7328 us/op
WorkloadPilot    4: 128 op, 6030900.00 ns, 47.1164 us/op
WorkloadPilot    5: 256 op, 6082200.00 ns, 23.7586 us/op
WorkloadPilot    6: 512 op, 21435400.00 ns, 41.8660 us/op
WorkloadPilot    7: 1024 op, 24488300.00 ns, 23.9144 us/op
WorkloadPilot    8: 2048 op, 48097500.00 ns, 23.4851 us/op
WorkloadPilot    9: 4096 op, 108766900.00 ns, 26.5544 us/op
WorkloadPilot   10: 8192 op, 103148100.00 ns, 12.5913 us/op
WorkloadPilot   11: 16384 op, 187227700.00 ns, 11.4275 us/op
WorkloadPilot   12: 32768 op, 372595200.00 ns, 11.3707 us/op
WorkloadPilot   13: 65536 op, 742033200.00 ns, 11.3225 us/op

OverheadWarmup   1: 65536 op, 139700.00 ns, 2.1317 ns/op
OverheadWarmup   2: 65536 op, 138000.00 ns, 2.1057 ns/op
OverheadWarmup   3: 65536 op, 137300.00 ns, 2.0950 ns/op
OverheadWarmup   4: 65536 op, 137300.00 ns, 2.0950 ns/op
OverheadWarmup   5: 65536 op, 137100.00 ns, 2.0920 ns/op
OverheadWarmup   6: 65536 op, 137100.00 ns, 2.0920 ns/op
OverheadWarmup   7: 65536 op, 141600.00 ns, 2.1606 ns/op

OverheadActual   1: 65536 op, 139200.00 ns, 2.1240 ns/op
OverheadActual   2: 65536 op, 149300.00 ns, 2.2781 ns/op
OverheadActual   3: 65536 op, 141200.00 ns, 2.1545 ns/op
OverheadActual   4: 65536 op, 144400.00 ns, 2.2034 ns/op
OverheadActual   5: 65536 op, 140700.00 ns, 2.1469 ns/op
OverheadActual   6: 65536 op, 140700.00 ns, 2.1469 ns/op
OverheadActual   7: 65536 op, 143900.00 ns, 2.1957 ns/op
OverheadActual   8: 65536 op, 140700.00 ns, 2.1469 ns/op
OverheadActual   9: 65536 op, 140600.00 ns, 2.1454 ns/op
OverheadActual  10: 65536 op, 143400.00 ns, 2.1881 ns/op
OverheadActual  11: 65536 op, 141000.00 ns, 2.1515 ns/op
OverheadActual  12: 65536 op, 143400.00 ns, 2.1881 ns/op
OverheadActual  13: 65536 op, 143100.00 ns, 2.1835 ns/op
OverheadActual  14: 65536 op, 140900.00 ns, 2.1500 ns/op
OverheadActual  15: 65536 op, 141900.00 ns, 2.1652 ns/op

WorkloadWarmup   1: 65536 op, 706099500.00 ns, 10.7742 us/op
WorkloadWarmup   2: 65536 op, 698629200.00 ns, 10.6602 us/op
WorkloadWarmup   3: 65536 op, 704840500.00 ns, 10.7550 us/op
WorkloadWarmup   4: 65536 op, 723161700.00 ns, 11.0346 us/op
WorkloadWarmup   5: 65536 op, 720158400.00 ns, 10.9887 us/op
WorkloadWarmup   6: 65536 op, 710769200.00 ns, 10.8455 us/op
WorkloadWarmup   7: 65536 op, 718912700.00 ns, 10.9697 us/op
WorkloadWarmup   8: 65536 op, 714907300.00 ns, 10.9086 us/op

// BeforeActualRun
WorkloadActual   1: 65536 op, 728207800.00 ns, 11.1116 us/op
WorkloadActual   2: 65536 op, 763220600.00 ns, 11.6458 us/op
WorkloadActual   3: 65536 op, 744701100.00 ns, 11.3632 us/op
WorkloadActual   4: 65536 op, 736373000.00 ns, 11.2362 us/op
WorkloadActual   5: 65536 op, 739151700.00 ns, 11.2786 us/op
WorkloadActual   6: 65536 op, 735360800.00 ns, 11.2207 us/op
WorkloadActual   7: 65536 op, 734537100.00 ns, 11.2081 us/op
WorkloadActual   8: 65536 op, 737751800.00 ns, 11.2572 us/op
WorkloadActual   9: 65536 op, 733065000.00 ns, 11.1857 us/op
WorkloadActual  10: 65536 op, 731023300.00 ns, 11.1545 us/op
WorkloadActual  11: 65536 op, 735844800.00 ns, 11.2281 us/op
WorkloadActual  12: 65536 op, 736020100.00 ns, 11.2308 us/op
WorkloadActual  13: 65536 op, 738157400.00 ns, 11.2634 us/op
WorkloadActual  14: 65536 op, 731947500.00 ns, 11.1686 us/op
WorkloadActual  15: 65536 op, 739137500.00 ns, 11.2783 us/op

// AfterActualRun
WorkloadResult   1: 65536 op, 728066600.00 ns, 11.1094 us/op
WorkloadResult   2: 65536 op, 744559900.00 ns, 11.3611 us/op
WorkloadResult   3: 65536 op, 736231800.00 ns, 11.2340 us/op
WorkloadResult   4: 65536 op, 739010500.00 ns, 11.2764 us/op
WorkloadResult   5: 65536 op, 735219600.00 ns, 11.2186 us/op
WorkloadResult   6: 65536 op, 734395900.00 ns, 11.2060 us/op
WorkloadResult   7: 65536 op, 737610600.00 ns, 11.2550 us/op
WorkloadResult   8: 65536 op, 732923800.00 ns, 11.1835 us/op
WorkloadResult   9: 65536 op, 730882100.00 ns, 11.1524 us/op
WorkloadResult  10: 65536 op, 735703600.00 ns, 11.2259 us/op
WorkloadResult  11: 65536 op, 735878900.00 ns, 11.2286 us/op
WorkloadResult  12: 65536 op, 738016200.00 ns, 11.2612 us/op
WorkloadResult  13: 65536 op, 731806300.00 ns, 11.1665 us/op
WorkloadResult  14: 65536 op, 738996300.00 ns, 11.2762 us/op
// GC:  434 9 0 2044198912 65536
// Threading:  0 0 65536

// AfterAll
// Benchmark Process 27392 has exited with code 0.

Mean = 11.225 μs, StdErr = 0.017 μs (0.15%), N = 14, StdDev = 0.062 μs
Min = 11.109 μs, Q1 = 11.189 μs, Median = 11.227 μs, Q3 = 11.260 μs, Max = 11.361 μs
IQR = 0.071 μs, LowerFence = 11.083 μs, UpperFence = 11.365 μs
ConfidenceInterval = [11.155 μs; 11.295 μs] (CI 99.9%), Margin = 0.070 μs (0.62% of Mean)
Skewness = 0.18, Kurtosis = 2.77, MValue = 2

// ** Remained 4 (50.0%) benchmark(s) to run. Estimated finish 2026-09-10 17:49 (0h 2m from now) **
Setup power plan (GUID: 8c5e7fda-e8bf-4a96-9a85-a6e23a8c635c FriendlyName: High performance)
// **************************
// Benchmark: BenchmarkClass.BuildReportString: DefaultJob [iteration=10000]
// *** Execute ***
// Launch: 1 / 1
// Execute: dotnet "training schedule-DefaultJob-1.dll" --anonymousPipes 1560 1556 --benchmarkName "training_schedule.BenchmarkClass.BuildReportString(iteration: 10000)" --job Default --benchmarkId 4 in D:\Gourny .Net\Learn c#\training schedule\training schedule\bin\Release\net10.0\training schedule-DefaultJob-1\bin\Release\net10.0
// BeforeAnythingElse

// Benchmark Process Environment Information:
// BenchmarkDotNet v0.15.8
// Runtime=.NET 10.0.12 (10.0.12, 10.0.1226.42308), X64 RyuJIT x86-64-v3
// GC=Concurrent Workstation
// HardwareIntrinsics=AVX2+BMI1+BMI2+F16C+FMA+LZCNT+MOVBE,AVX,SSE3+SSSE3+SSE4.1+SSE4.2+POPCNT,X86Base+SSE+SSE2,AES+PCLMUL VectorSize=256
// Job: DefaultJob

OverheadJitting  1: 1 op, 175900.00 ns, 175.9000 us/op
WorkloadJitting  1: 1 op, 37051300.00 ns, 37.0513 ms/op

WorkloadPilot    1: 2 op, 66008000.00 ns, 33.0040 ms/op
WorkloadPilot    2: 3 op, 84778900.00 ns, 28.2596 ms/op
WorkloadPilot    3: 4 op, 122380500.00 ns, 30.5951 ms/op
WorkloadPilot    4: 5 op, 161290900.00 ns, 32.2582 ms/op
WorkloadPilot    5: 6 op, 176851800.00 ns, 29.4753 ms/op
WorkloadPilot    6: 7 op, 180579800.00 ns, 25.7971 ms/op
WorkloadPilot    7: 8 op, 240758900.00 ns, 30.0949 ms/op
WorkloadPilot    8: 9 op, 276005600.00 ns, 30.6673 ms/op
WorkloadPilot    9: 10 op, 305615400.00 ns, 30.5615 ms/op
WorkloadPilot   10: 11 op, 278567700.00 ns, 25.3243 ms/op
WorkloadPilot   11: 12 op, 354901700.00 ns, 29.5751 ms/op
WorkloadPilot   12: 13 op, 384648100.00 ns, 29.5883 ms/op
WorkloadPilot   13: 14 op, 408005600.00 ns, 29.1433 ms/op
WorkloadPilot   14: 15 op, 445015400.00 ns, 29.6677 ms/op
WorkloadPilot   15: 16 op, 468849500.00 ns, 29.3031 ms/op
WorkloadPilot   16: 32 op, 912307000.00 ns, 28.5096 ms/op

WorkloadWarmup   1: 32 op, 788718700.00 ns, 24.6475 ms/op
WorkloadWarmup   2: 32 op, 861348900.00 ns, 26.9172 ms/op
WorkloadWarmup   3: 32 op, 910549000.00 ns, 28.4547 ms/op
WorkloadWarmup   4: 32 op, 936270300.00 ns, 29.2584 ms/op
WorkloadWarmup   5: 32 op, 921314300.00 ns, 28.7911 ms/op
WorkloadWarmup   6: 32 op, 920236200.00 ns, 28.7574 ms/op
WorkloadWarmup   7: 32 op, 932020900.00 ns, 29.1257 ms/op
WorkloadWarmup   8: 32 op, 924937100.00 ns, 28.9043 ms/op

// BeforeActualRun
WorkloadActual   1: 32 op, 813683100.00 ns, 25.4276 ms/op
WorkloadActual   2: 32 op, 937916100.00 ns, 29.3099 ms/op
WorkloadActual   3: 32 op, 792168300.00 ns, 24.7553 ms/op
WorkloadActual   4: 32 op, 925837500.00 ns, 28.9324 ms/op
WorkloadActual   5: 32 op, 925200300.00 ns, 28.9125 ms/op
WorkloadActual   6: 32 op, 937480800.00 ns, 29.2963 ms/op
WorkloadActual   7: 32 op, 929356400.00 ns, 29.0424 ms/op
WorkloadActual   8: 32 op, 1074026400.00 ns, 33.5633 ms/op
WorkloadActual   9: 32 op, 1006163200.00 ns, 31.4426 ms/op
WorkloadActual  10: 32 op, 932764200.00 ns, 29.1489 ms/op
WorkloadActual  11: 32 op, 1019717600.00 ns, 31.8662 ms/op
WorkloadActual  12: 32 op, 923328100.00 ns, 28.8540 ms/op
WorkloadActual  13: 32 op, 920500500.00 ns, 28.7656 ms/op
WorkloadActual  14: 32 op, 916170800.00 ns, 28.6303 ms/op
WorkloadActual  15: 32 op, 927162800.00 ns, 28.9738 ms/op
WorkloadActual  16: 32 op, 937364300.00 ns, 29.2926 ms/op
WorkloadActual  17: 32 op, 951200700.00 ns, 29.7250 ms/op
WorkloadActual  18: 32 op, 922470500.00 ns, 28.8272 ms/op
WorkloadActual  19: 32 op, 925688300.00 ns, 28.9278 ms/op
WorkloadActual  20: 32 op, 938414900.00 ns, 29.3255 ms/op
WorkloadActual  21: 32 op, 924881100.00 ns, 28.9025 ms/op
WorkloadActual  22: 32 op, 931144700.00 ns, 29.0983 ms/op
WorkloadActual  23: 32 op, 955109100.00 ns, 29.8472 ms/op
WorkloadActual  24: 32 op, 927770700.00 ns, 28.9928 ms/op
WorkloadActual  25: 32 op, 922156800.00 ns, 28.8174 ms/op
WorkloadActual  26: 32 op, 923268600.00 ns, 28.8521 ms/op
WorkloadActual  27: 32 op, 917719600.00 ns, 28.6787 ms/op
WorkloadActual  28: 32 op, 928950200.00 ns, 29.0297 ms/op
WorkloadActual  29: 32 op, 930740100.00 ns, 29.0856 ms/op
WorkloadActual  30: 32 op, 930864700.00 ns, 29.0895 ms/op
WorkloadActual  31: 32 op, 915216000.00 ns, 28.6005 ms/op
WorkloadActual  32: 32 op, 923717200.00 ns, 28.8662 ms/op
WorkloadActual  33: 32 op, 937032200.00 ns, 29.2823 ms/op
WorkloadActual  34: 32 op, 930640200.00 ns, 29.0825 ms/op
WorkloadActual  35: 32 op, 929645300.00 ns, 29.0514 ms/op
WorkloadActual  36: 32 op, 894064600.00 ns, 27.9395 ms/op
WorkloadActual  37: 32 op, 926151600.00 ns, 28.9422 ms/op
WorkloadActual  38: 32 op, 940331000.00 ns, 29.3853 ms/op
WorkloadActual  39: 32 op, 930193900.00 ns, 29.0686 ms/op
WorkloadActual  40: 32 op, 940084000.00 ns, 29.3776 ms/op

// AfterActualRun
WorkloadResult   1: 32 op, 813683100.00 ns, 25.4276 ms/op
WorkloadResult   2: 32 op, 937916100.00 ns, 29.3099 ms/op
WorkloadResult   3: 32 op, 792168300.00 ns, 24.7553 ms/op
WorkloadResult   4: 32 op, 925837500.00 ns, 28.9324 ms/op
WorkloadResult   5: 32 op, 925200300.00 ns, 28.9125 ms/op
WorkloadResult   6: 32 op, 937480800.00 ns, 29.2963 ms/op
WorkloadResult   7: 32 op, 929356400.00 ns, 29.0424 ms/op
WorkloadResult   8: 32 op, 932764200.00 ns, 29.1489 ms/op
WorkloadResult   9: 32 op, 923328100.00 ns, 28.8540 ms/op
WorkloadResult  10: 32 op, 920500500.00 ns, 28.7656 ms/op
WorkloadResult  11: 32 op, 916170800.00 ns, 28.6303 ms/op
WorkloadResult  12: 32 op, 927162800.00 ns, 28.9738 ms/op
WorkloadResult  13: 32 op, 937364300.00 ns, 29.2926 ms/op
WorkloadResult  14: 32 op, 951200700.00 ns, 29.7250 ms/op
WorkloadResult  15: 32 op, 922470500.00 ns, 28.8272 ms/op
WorkloadResult  16: 32 op, 925688300.00 ns, 28.9278 ms/op
WorkloadResult  17: 32 op, 938414900.00 ns, 29.3255 ms/op
WorkloadResult  18: 32 op, 924881100.00 ns, 28.9025 ms/op
WorkloadResult  19: 32 op, 931144700.00 ns, 29.0983 ms/op
WorkloadResult  20: 32 op, 955109100.00 ns, 29.8472 ms/op
WorkloadResult  21: 32 op, 927770700.00 ns, 28.9928 ms/op
WorkloadResult  22: 32 op, 922156800.00 ns, 28.8174 ms/op
WorkloadResult  23: 32 op, 923268600.00 ns, 28.8521 ms/op
WorkloadResult  24: 32 op, 917719600.00 ns, 28.6787 ms/op
WorkloadResult  25: 32 op, 928950200.00 ns, 29.0297 ms/op
WorkloadResult  26: 32 op, 930740100.00 ns, 29.0856 ms/op
WorkloadResult  27: 32 op, 930864700.00 ns, 29.0895 ms/op
WorkloadResult  28: 32 op, 915216000.00 ns, 28.6005 ms/op
WorkloadResult  29: 32 op, 923717200.00 ns, 28.8662 ms/op
WorkloadResult  30: 32 op, 937032200.00 ns, 29.2823 ms/op
WorkloadResult  31: 32 op, 930640200.00 ns, 29.0825 ms/op
WorkloadResult  32: 32 op, 929645300.00 ns, 29.0514 ms/op
WorkloadResult  33: 32 op, 894064600.00 ns, 27.9395 ms/op
WorkloadResult  34: 32 op, 926151600.00 ns, 28.9422 ms/op
WorkloadResult  35: 32 op, 940331000.00 ns, 29.3853 ms/op
WorkloadResult  36: 32 op, 930193900.00 ns, 29.0686 ms/op
WorkloadResult  37: 32 op, 940084000.00 ns, 29.3776 ms/op
// GC:  2567 383 0 12141966592 32
// Threading:  0 0 32

// AfterAll
// Benchmark Process 26948 has exited with code 0.

Mean = 28.815 ms, StdErr = 0.158 ms (0.55%), N = 37, StdDev = 0.962 ms
Min = 24.755 ms, Q1 = 28.852 ms, Median = 28.993 ms, Q3 = 29.149 ms, Max = 29.847 ms
IQR = 0.297 ms, LowerFence = 28.407 ms, UpperFence = 29.594 ms
ConfidenceInterval = [28.248 ms; 29.381 ms] (CI 99.9%), Margin = 0.566 ms (1.97% of Mean)
Skewness = -3.14, Kurtosis = 12.83, MValue = 2

// ** Remained 3 (37.5%) benchmark(s) to run. Estimated finish 2026-09-10 17:50 (0h 1m from now) **
Setup power plan (GUID: 8c5e7fda-e8bf-4a96-9a85-a6e23a8c635c FriendlyName: High performance)
// **************************
// Benchmark: BenchmarkClass.BuildReportStringBuilder: DefaultJob [iteration=10000]
// *** Execute ***
// Launch: 1 / 1
// Execute: dotnet "training schedule-DefaultJob-1.dll" --anonymousPipes 1520 1148 --benchmarkName "training_schedule.BenchmarkClass.BuildReportStringBuilder(iteration: 10000)" --job Default --benchmarkId 5 in D:\Gourny .Net\Learn c#\training schedule\training schedule\bin\Release\net10.0\training schedule-DefaultJob-1\bin\Release\net10.0
// BeforeAnythingElse

// Benchmark Process Environment Information:
// BenchmarkDotNet v0.15.8
// Runtime=.NET 10.0.12 (10.0.12, 10.0.1226.42308), X64 RyuJIT x86-64-v3
// GC=Concurrent Workstation
// HardwareIntrinsics=AVX2+BMI1+BMI2+F16C+FMA+LZCNT+MOVBE,AVX,SSE3+SSSE3+SSE4.1+SSE4.2+POPCNT,X86Base+SSE+SSE2,AES+PCLMUL VectorSize=256
// Job: DefaultJob

OverheadJitting  1: 1 op, 175700.00 ns, 175.7000 us/op
WorkloadJitting  1: 1 op, 3977200.00 ns, 3.9772 ms/op

OverheadJitting  2: 16 op, 333800.00 ns, 20.8625 us/op
WorkloadJitting  2: 16 op, 5121700.00 ns, 320.1063 us/op

WorkloadPilot    1: 16 op, 4460300.00 ns, 278.7688 us/op
WorkloadPilot    2: 32 op, 6155900.00 ns, 192.3719 us/op
WorkloadPilot    3: 64 op, 11200900.00 ns, 175.0141 us/op
WorkloadPilot    4: 128 op, 22512100.00 ns, 175.8758 us/op
WorkloadPilot    5: 256 op, 43549700.00 ns, 170.1160 us/op
WorkloadPilot    6: 512 op, 83587800.00 ns, 163.2574 us/op
WorkloadPilot    7: 1024 op, 145504100.00 ns, 142.0938 us/op
WorkloadPilot    8: 2048 op, 287191400.00 ns, 140.2302 us/op
WorkloadPilot    9: 4096 op, 553616900.00 ns, 135.1604 us/op

OverheadWarmup   1: 4096 op, 13600.00 ns, 3.3203 ns/op
OverheadWarmup   2: 4096 op, 9400.00 ns, 2.2949 ns/op
OverheadWarmup   3: 4096 op, 9400.00 ns, 2.2949 ns/op
OverheadWarmup   4: 4096 op, 9400.00 ns, 2.2949 ns/op
OverheadWarmup   5: 4096 op, 9300.00 ns, 2.2705 ns/op
OverheadWarmup   6: 4096 op, 9100.00 ns, 2.2217 ns/op
OverheadWarmup   7: 4096 op, 9400.00 ns, 2.2949 ns/op

OverheadActual   1: 4096 op, 9200.00 ns, 2.2461 ns/op
OverheadActual   2: 4096 op, 9200.00 ns, 2.2461 ns/op
OverheadActual   3: 4096 op, 9400.00 ns, 2.2949 ns/op
OverheadActual   4: 4096 op, 9300.00 ns, 2.2705 ns/op
OverheadActual   5: 4096 op, 17200.00 ns, 4.1992 ns/op
OverheadActual   6: 4096 op, 9100.00 ns, 2.2217 ns/op
OverheadActual   7: 4096 op, 9300.00 ns, 2.2705 ns/op
OverheadActual   8: 4096 op, 9200.00 ns, 2.2461 ns/op
OverheadActual   9: 4096 op, 9400.00 ns, 2.2949 ns/op
OverheadActual  10: 4096 op, 9800.00 ns, 2.3926 ns/op
OverheadActual  11: 4096 op, 9300.00 ns, 2.2705 ns/op
OverheadActual  12: 4096 op, 9300.00 ns, 2.2705 ns/op
OverheadActual  13: 4096 op, 9400.00 ns, 2.2949 ns/op
OverheadActual  14: 4096 op, 13600.00 ns, 3.3203 ns/op
OverheadActual  15: 4096 op, 9400.00 ns, 2.2949 ns/op

WorkloadWarmup   1: 4096 op, 550290900.00 ns, 134.3484 us/op
WorkloadWarmup   2: 4096 op, 617042200.00 ns, 150.6451 us/op
WorkloadWarmup   3: 4096 op, 552148900.00 ns, 134.8020 us/op
WorkloadWarmup   4: 4096 op, 555907500.00 ns, 135.7196 us/op
WorkloadWarmup   5: 4096 op, 558080100.00 ns, 136.2500 us/op
WorkloadWarmup   6: 4096 op, 552875600.00 ns, 134.9794 us/op

// BeforeActualRun
WorkloadActual   1: 4096 op, 583599900.00 ns, 142.4804 us/op
WorkloadActual   2: 4096 op, 537115700.00 ns, 131.1318 us/op
WorkloadActual   3: 4096 op, 559969900.00 ns, 136.7114 us/op
WorkloadActual   4: 4096 op, 1003390900.00 ns, 244.9685 us/op
WorkloadActual   5: 4096 op, 560343600.00 ns, 136.8026 us/op
WorkloadActual   6: 4096 op, 560725300.00 ns, 136.8958 us/op
WorkloadActual   7: 4096 op, 542466900.00 ns, 132.4382 us/op
WorkloadActual   8: 4096 op, 571871700.00 ns, 139.6171 us/op
WorkloadActual   9: 4096 op, 545832900.00 ns, 133.2600 us/op
WorkloadActual  10: 4096 op, 555501100.00 ns, 135.6204 us/op
WorkloadActual  11: 4096 op, 555541400.00 ns, 135.6302 us/op
WorkloadActual  12: 4096 op, 536719700.00 ns, 131.0351 us/op
WorkloadActual  13: 4096 op, 549713200.00 ns, 134.2073 us/op
WorkloadActual  14: 4096 op, 540758100.00 ns, 132.0210 us/op
WorkloadActual  15: 4096 op, 591302500.00 ns, 144.3610 us/op
WorkloadActual  16: 4096 op, 591110700.00 ns, 144.3141 us/op
WorkloadActual  17: 4096 op, 561128800.00 ns, 136.9943 us/op
WorkloadActual  18: 4096 op, 558897100.00 ns, 136.4495 us/op
WorkloadActual  19: 4096 op, 564563000.00 ns, 137.8328 us/op
WorkloadActual  20: 4096 op, 553059400.00 ns, 135.0243 us/op
WorkloadActual  21: 4096 op, 537172700.00 ns, 131.1457 us/op
WorkloadActual  22: 4096 op, 555221000.00 ns, 135.5520 us/op
WorkloadActual  23: 4096 op, 542227400.00 ns, 132.3797 us/op
WorkloadActual  24: 4096 op, 540404700.00 ns, 131.9347 us/op
WorkloadActual  25: 4096 op, 543531600.00 ns, 132.6981 us/op

// AfterActualRun
WorkloadResult   1: 4096 op, 583590600.00 ns, 142.4782 us/op
WorkloadResult   2: 4096 op, 537106400.00 ns, 131.1295 us/op
WorkloadResult   3: 4096 op, 559960600.00 ns, 136.7091 us/op
WorkloadResult   4: 4096 op, 560334300.00 ns, 136.8004 us/op
WorkloadResult   5: 4096 op, 560716000.00 ns, 136.8936 us/op
WorkloadResult   6: 4096 op, 542457600.00 ns, 132.4359 us/op
WorkloadResult   7: 4096 op, 571862400.00 ns, 139.6148 us/op
WorkloadResult   8: 4096 op, 545823600.00 ns, 133.2577 us/op
WorkloadResult   9: 4096 op, 555491800.00 ns, 135.6181 us/op
WorkloadResult  10: 4096 op, 555532100.00 ns, 135.6280 us/op
WorkloadResult  11: 4096 op, 536710400.00 ns, 131.0328 us/op
WorkloadResult  12: 4096 op, 549703900.00 ns, 134.2051 us/op
WorkloadResult  13: 4096 op, 540748800.00 ns, 132.0188 us/op
WorkloadResult  14: 4096 op, 561119500.00 ns, 136.9921 us/op
WorkloadResult  15: 4096 op, 558887800.00 ns, 136.4472 us/op
WorkloadResult  16: 4096 op, 564553700.00 ns, 137.8305 us/op
WorkloadResult  17: 4096 op, 553050100.00 ns, 135.0220 us/op
WorkloadResult  18: 4096 op, 537163400.00 ns, 131.1434 us/op
WorkloadResult  19: 4096 op, 555211700.00 ns, 135.5497 us/op
WorkloadResult  20: 4096 op, 542218100.00 ns, 132.3775 us/op
WorkloadResult  21: 4096 op, 540395400.00 ns, 131.9325 us/op
WorkloadResult  22: 4096 op, 543522300.00 ns, 132.6959 us/op
// GC:  341 47 0 1604583424 4096
// Threading:  0 0 4096

// AfterAll
// Benchmark Process 21300 has exited with code 0.

Mean = 134.901 μs, StdErr = 0.638 μs (0.47%), N = 22, StdDev = 2.994 μs
Min = 131.033 μs, Q1 = 132.392 μs, Median = 135.286 μs, Q3 = 136.778 μs, Max = 142.478 μs
IQR = 4.385 μs, LowerFence = 125.814 μs, UpperFence = 143.356 μs
ConfidenceInterval = [132.463 μs; 137.338 μs] (CI 99.9%), Margin = 2.438 μs (1.81% of Mean)
Skewness = 0.57, Kurtosis = 2.72, MValue = 2

// ** Remained 2 (25.0%) benchmark(s) to run. Estimated finish 2026-09-10 17:49 (0h 1m from now) **
Setup power plan (GUID: 8c5e7fda-e8bf-4a96-9a85-a6e23a8c635c FriendlyName: High performance)
// **************************
// Benchmark: BenchmarkClass.BuildReportString: DefaultJob [iteration=100000]
// *** Execute ***
// Launch: 1 / 1
// Execute: dotnet "training schedule-DefaultJob-1.dll" --anonymousPipes 932 1464 --benchmarkName "training_schedule.BenchmarkClass.BuildReportString(iteration: 100000)" --job Default --benchmarkId 6 in D:\Gourny .Net\Learn c#\training schedule\training schedule\bin\Release\net10.0\training schedule-DefaultJob-1\bin\Release\net10.0
// BeforeAnythingElse

// Benchmark Process Environment Information:
// BenchmarkDotNet v0.15.8
// Runtime=.NET 10.0.12 (10.0.12, 10.0.1226.42308), X64 RyuJIT x86-64-v3
// GC=Concurrent Workstation
// HardwareIntrinsics=AVX2+BMI1+BMI2+F16C+FMA+LZCNT+MOVBE,AVX,SSE3+SSSE3+SSE4.1+SSE4.2+POPCNT,X86Base+SSE+SSE2,AES+PCLMUL VectorSize=256
// Job: DefaultJob

OverheadJitting  1: 1 op, 176700.00 ns, 176.7000 us/op
WorkloadJitting  1: 1 op, 6859026800.00 ns, 6.8590 s/op

OverheadJitting  2: 1 op, 3000.00 ns, 3.0000 us/op
WorkloadJitting  2: 1 op, 6808195100.00 ns, 6.8082 s/op

WorkloadWarmup   1: 1 op, 6778476700.00 ns, 6.7785 s/op
WorkloadWarmup   2: 1 op, 6663192500.00 ns, 6.6632 s/op
WorkloadWarmup   3: 1 op, 6663492400.00 ns, 6.6635 s/op
WorkloadWarmup   4: 1 op, 6945351300.00 ns, 6.9454 s/op
WorkloadWarmup   5: 1 op, 6889087600.00 ns, 6.8891 s/op
WorkloadWarmup   6: 1 op, 6865955800.00 ns, 6.8660 s/op
WorkloadWarmup   7: 1 op, 6711188300.00 ns, 6.7112 s/op
WorkloadWarmup   8: 1 op, 7291838400.00 ns, 7.2918 s/op
WorkloadWarmup   9: 1 op, 6870415600.00 ns, 6.8704 s/op

// BeforeActualRun
WorkloadActual   1: 1 op, 6837320700.00 ns, 6.8373 s/op
WorkloadActual   2: 1 op, 6939091400.00 ns, 6.9391 s/op
WorkloadActual   3: 1 op, 6872930700.00 ns, 6.8729 s/op
WorkloadActual   4: 1 op, 7395863700.00 ns, 7.3959 s/op
WorkloadActual   5: 1 op, 7310697200.00 ns, 7.3107 s/op
WorkloadActual   6: 1 op, 7269941800.00 ns, 7.2699 s/op
WorkloadActual   7: 1 op, 6942520300.00 ns, 6.9425 s/op
WorkloadActual   8: 1 op, 6844074800.00 ns, 6.8441 s/op
WorkloadActual   9: 1 op, 6961305000.00 ns, 6.9613 s/op
WorkloadActual  10: 1 op, 7198316900.00 ns, 7.1983 s/op
WorkloadActual  11: 1 op, 6951046000.00 ns, 6.9510 s/op
WorkloadActual  12: 1 op, 7194412400.00 ns, 7.1944 s/op
WorkloadActual  13: 1 op, 6846787000.00 ns, 6.8468 s/op
WorkloadActual  14: 1 op, 6935460300.00 ns, 6.9355 s/op
WorkloadActual  15: 1 op, 7014812600.00 ns, 7.0148 s/op
WorkloadActual  16: 1 op, 6860803200.00 ns, 6.8608 s/op
WorkloadActual  17: 1 op, 6829444400.00 ns, 6.8294 s/op
WorkloadActual  18: 1 op, 7032175200.00 ns, 7.0322 s/op
WorkloadActual  19: 1 op, 6834487500.00 ns, 6.8345 s/op
WorkloadActual  20: 1 op, 6792034000.00 ns, 6.7920 s/op
WorkloadActual  21: 1 op, 6839353000.00 ns, 6.8394 s/op

// AfterActualRun
WorkloadResult   1: 1 op, 6837320700.00 ns, 6.8373 s/op
WorkloadResult   2: 1 op, 6939091400.00 ns, 6.9391 s/op
WorkloadResult   3: 1 op, 6872930700.00 ns, 6.8729 s/op
WorkloadResult   4: 1 op, 7310697200.00 ns, 7.3107 s/op
WorkloadResult   5: 1 op, 7269941800.00 ns, 7.2699 s/op
WorkloadResult   6: 1 op, 6942520300.00 ns, 6.9425 s/op
WorkloadResult   7: 1 op, 6844074800.00 ns, 6.8441 s/op
WorkloadResult   8: 1 op, 6961305000.00 ns, 6.9613 s/op
WorkloadResult   9: 1 op, 7198316900.00 ns, 7.1983 s/op
WorkloadResult  10: 1 op, 6951046000.00 ns, 6.9510 s/op
WorkloadResult  11: 1 op, 7194412400.00 ns, 7.1944 s/op
WorkloadResult  12: 1 op, 6846787000.00 ns, 6.8468 s/op
WorkloadResult  13: 1 op, 6935460300.00 ns, 6.9355 s/op
WorkloadResult  14: 1 op, 7014812600.00 ns, 7.0148 s/op
WorkloadResult  15: 1 op, 6860803200.00 ns, 6.8608 s/op
WorkloadResult  16: 1 op, 6829444400.00 ns, 6.8294 s/op
WorkloadResult  17: 1 op, 7032175200.00 ns, 7.0322 s/op
WorkloadResult  18: 1 op, 6834487500.00 ns, 6.8345 s/op
WorkloadResult  19: 1 op, 6792034000.00 ns, 6.7920 s/op
WorkloadResult  20: 1 op, 6839353000.00 ns, 6.8394 s/op
// GC:  10665 10566 10552 47914288960 1
// Threading:  0 0 1

// AfterAll
// Benchmark Process 29996 has exited with code 0.

Mean = 6.965 s, StdErr = 0.035 s (0.51%), N = 20, StdDev = 0.158 s
Min = 6.792 s, Q1 = 6.843 s, Median = 6.937 s, Q3 = 7.019 s, Max = 7.311 s
IQR = 0.176 s, LowerFence = 6.579 s, UpperFence = 7.284 s
ConfidenceInterval = [6.828 s; 7.103 s] (CI 99.9%), Margin = 0.137 s (1.97% of Mean)
Skewness = 0.95, Kurtosis = 2.51, MValue = 2

// ** Remained 1 (12.5%) benchmark(s) to run. Estimated finish 2026-09-10 17:53 (0h 1m from now) **
Setup power plan (GUID: 8c5e7fda-e8bf-4a96-9a85-a6e23a8c635c FriendlyName: High performance)
// **************************
// Benchmark: BenchmarkClass.BuildReportStringBuilder: DefaultJob [iteration=100000]
// *** Execute ***
// Launch: 1 / 1
// Execute: dotnet "training schedule-DefaultJob-1.dll" --anonymousPipes 1360 1376 --benchmarkName "training_schedule.BenchmarkClass.BuildReportStringBuilder(iteration: 100000)" --job Default --benchmarkId 7 in D:\Gourny .Net\Learn c#\training schedule\training schedule\bin\Release\net10.0\training schedule-DefaultJob-1\bin\Release\net10.0
// BeforeAnythingElse

// Benchmark Process Environment Information:
// BenchmarkDotNet v0.15.8
// Runtime=.NET 10.0.12 (10.0.12, 10.0.1226.42308), X64 RyuJIT x86-64-v3
// GC=Concurrent Workstation
// HardwareIntrinsics=AVX2+BMI1+BMI2+F16C+FMA+LZCNT+MOVBE,AVX,SSE3+SSSE3+SSE4.1+SSE4.2+POPCNT,X86Base+SSE+SSE2,AES+PCLMUL VectorSize=256
// Job: DefaultJob

OverheadJitting  1: 1 op, 176400.00 ns, 176.4000 us/op
WorkloadJitting  1: 1 op, 7926100.00 ns, 7.9261 ms/op

OverheadJitting  2: 16 op, 232700.00 ns, 14.5438 us/op
WorkloadJitting  2: 16 op, 31381000.00 ns, 1.9613 ms/op

WorkloadPilot    1: 16 op, 28661300.00 ns, 1.7913 ms/op
WorkloadPilot    2: 32 op, 50019300.00 ns, 1.5631 ms/op
WorkloadPilot    3: 64 op, 93496800.00 ns, 1.4609 ms/op
WorkloadPilot    4: 128 op, 189039800.00 ns, 1.4769 ms/op
WorkloadPilot    5: 256 op, 385208200.00 ns, 1.5047 ms/op
WorkloadPilot    6: 512 op, 754349100.00 ns, 1.4733 ms/op

OverheadWarmup   1: 512 op, 3700.00 ns, 7.2266 ns/op
OverheadWarmup   2: 512 op, 2000.00 ns, 3.9063 ns/op
OverheadWarmup   3: 512 op, 1500.00 ns, 2.9297 ns/op
OverheadWarmup   4: 512 op, 1400.00 ns, 2.7344 ns/op
OverheadWarmup   5: 512 op, 1500.00 ns, 2.9297 ns/op
OverheadWarmup   6: 512 op, 1500.00 ns, 2.9297 ns/op
OverheadWarmup   7: 512 op, 1400.00 ns, 2.7344 ns/op
OverheadWarmup   8: 512 op, 1500.00 ns, 2.9297 ns/op

OverheadActual   1: 512 op, 1500.00 ns, 2.9297 ns/op
OverheadActual   2: 512 op, 1700.00 ns, 3.3203 ns/op
OverheadActual   3: 512 op, 1400.00 ns, 2.7344 ns/op
OverheadActual   4: 512 op, 1300.00 ns, 2.5391 ns/op
OverheadActual   5: 512 op, 1400.00 ns, 2.7344 ns/op
OverheadActual   6: 512 op, 1400.00 ns, 2.7344 ns/op
OverheadActual   7: 512 op, 1400.00 ns, 2.7344 ns/op
OverheadActual   8: 512 op, 1400.00 ns, 2.7344 ns/op
OverheadActual   9: 512 op, 1400.00 ns, 2.7344 ns/op
OverheadActual  10: 512 op, 2600.00 ns, 5.0781 ns/op
OverheadActual  11: 512 op, 3800.00 ns, 7.4219 ns/op
OverheadActual  12: 512 op, 2300.00 ns, 4.4922 ns/op
OverheadActual  13: 512 op, 1600.00 ns, 3.1250 ns/op
OverheadActual  14: 512 op, 2000.00 ns, 3.9063 ns/op
OverheadActual  15: 512 op, 1600.00 ns, 3.1250 ns/op
OverheadActual  16: 512 op, 1500.00 ns, 2.9297 ns/op
OverheadActual  17: 512 op, 1700.00 ns, 3.3203 ns/op
OverheadActual  18: 512 op, 1700.00 ns, 3.3203 ns/op
OverheadActual  19: 512 op, 1600.00 ns, 3.1250 ns/op
OverheadActual  20: 512 op, 1600.00 ns, 3.1250 ns/op

WorkloadWarmup   1: 512 op, 767404400.00 ns, 1.4988 ms/op
WorkloadWarmup   2: 512 op, 740667200.00 ns, 1.4466 ms/op
WorkloadWarmup   3: 512 op, 746150600.00 ns, 1.4573 ms/op
WorkloadWarmup   4: 512 op, 739500600.00 ns, 1.4443 ms/op
WorkloadWarmup   5: 512 op, 742498500.00 ns, 1.4502 ms/op
WorkloadWarmup   6: 512 op, 741090100.00 ns, 1.4474 ms/op

// BeforeActualRun
WorkloadActual   1: 512 op, 750412900.00 ns, 1.4657 ms/op
WorkloadActual   2: 512 op, 759798700.00 ns, 1.4840 ms/op
WorkloadActual   3: 512 op, 774190700.00 ns, 1.5121 ms/op
WorkloadActual   4: 512 op, 767054600.00 ns, 1.4982 ms/op
WorkloadActual   5: 512 op, 770404900.00 ns, 1.5047 ms/op
WorkloadActual   6: 512 op, 765151800.00 ns, 1.4944 ms/op
WorkloadActual   7: 512 op, 759779100.00 ns, 1.4839 ms/op
WorkloadActual   8: 512 op, 766844300.00 ns, 1.4977 ms/op
WorkloadActual   9: 512 op, 764838300.00 ns, 1.4938 ms/op
WorkloadActual  10: 512 op, 745717700.00 ns, 1.4565 ms/op
WorkloadActual  11: 512 op, 771027200.00 ns, 1.5059 ms/op
WorkloadActual  12: 512 op, 782265100.00 ns, 1.5279 ms/op
WorkloadActual  13: 512 op, 772112100.00 ns, 1.5080 ms/op
WorkloadActual  14: 512 op, 762760300.00 ns, 1.4898 ms/op
WorkloadActual  15: 512 op, 744968100.00 ns, 1.4550 ms/op

// AfterActualRun
WorkloadResult   1: 512 op, 750411300.00 ns, 1.4656 ms/op
WorkloadResult   2: 512 op, 759797100.00 ns, 1.4840 ms/op
WorkloadResult   3: 512 op, 774189100.00 ns, 1.5121 ms/op
WorkloadResult   4: 512 op, 767053000.00 ns, 1.4982 ms/op
WorkloadResult   5: 512 op, 770403300.00 ns, 1.5047 ms/op
WorkloadResult   6: 512 op, 765150200.00 ns, 1.4944 ms/op
WorkloadResult   7: 512 op, 759777500.00 ns, 1.4839 ms/op
WorkloadResult   8: 512 op, 766842700.00 ns, 1.4977 ms/op
WorkloadResult   9: 512 op, 764836700.00 ns, 1.4938 ms/op
WorkloadResult  10: 512 op, 745716100.00 ns, 1.4565 ms/op
WorkloadResult  11: 512 op, 771025600.00 ns, 1.5059 ms/op
WorkloadResult  12: 512 op, 782263500.00 ns, 1.5279 ms/op
WorkloadResult  13: 512 op, 772110500.00 ns, 1.5080 ms/op
WorkloadResult  14: 512 op, 762758700.00 ns, 1.4898 ms/op
WorkloadResult  15: 512 op, 744966500.00 ns, 1.4550 ms/op
// GC:  348 333 0 2144178176 512
// Threading:  0 0 512

// AfterAll
// Benchmark Process 26340 has exited with code 0.

Mean = 1.492 ms, StdErr = 0.005 ms (0.35%), N = 15, StdDev = 0.020 ms
Min = 1.455 ms, Q1 = 1.484 ms, Median = 1.494 ms, Q3 = 1.505 ms, Max = 1.528 ms
IQR = 0.021 ms, LowerFence = 1.452 ms, UpperFence = 1.537 ms
ConfidenceInterval = [1.470 ms; 1.514 ms] (CI 99.9%), Margin = 0.022 ms (1.46% of Mean)
Skewness = -0.38, Kurtosis = 2.25, MValue = 2

// ** Remained 0 (0.0%) benchmark(s) to run. Estimated finish 2026-09-10 17:52 (0h 0m from now) **
Successfully reverted power plan (GUID: 381b4222-f694-41f0-9685-ff5bb260df2e FriendlyName: Balanced)
// ***** BenchmarkRunner: Finish  *****

// * Export *
  BenchmarkDotNet.Artifacts\results\training_schedule.BenchmarkClass-report.csv
  BenchmarkDotNet.Artifacts\results\training_schedule.BenchmarkClass-report-github.md
  BenchmarkDotNet.Artifacts\results\training_schedule.BenchmarkClass-report.html

// * Detailed results *
BenchmarkClass.BuildReportString: DefaultJob [iteration=100]
Runtime = .NET 10.0.12 (10.0.12, 10.0.1226.42308), X64 RyuJIT x86-64-v3; GC = Concurrent Workstation
Mean = 3.148 μs, StdErr = 0.071 μs (2.25%), N = 99, StdDev = 0.704 μs
Min = 2.113 μs, Q1 = 2.511 μs, Median = 3.200 μs, Q3 = 3.606 μs, Max = 4.828 μs
IQR = 1.094 μs, LowerFence = 0.870 μs, UpperFence = 5.247 μs
ConfidenceInterval = [2.908 μs; 3.388 μs] (CI 99.9%), Margin = 0.240 μs (7.63% of Mean)
Skewness = 0.21, Kurtosis = 2.14, MValue = 3.03
-------------------- Histogram --------------------
[2.080 μs ; 2.479 μs) | @@@@@@@@@@@@@@@@@@@@@@@@@
[2.479 μs ; 2.935 μs) | @@@@@@@@@@@@
[2.935 μs ; 3.324 μs) | @@@@@@@@@@@@@@@@
[3.324 μs ; 3.723 μs) | @@@@@@@@@@@@@@@@@@@@@@@@@@@@@@@
[3.723 μs ; 4.162 μs) | @@@@@
[4.162 μs ; 4.562 μs) | @@@@@@@@
[4.562 μs ; 5.028 μs) | @@
---------------------------------------------------

BenchmarkClass.BuildReportStringBuilder: DefaultJob [iteration=100]
Runtime = .NET 10.0.12 (10.0.12, 10.0.1226.42308), X64 RyuJIT x86-64-v3; GC = Concurrent Workstation
Mean = 510.144 ns, StdErr = 0.792 ns (0.16%), N = 15, StdDev = 3.069 ns
Min = 505.011 ns, Q1 = 508.205 ns, Median = 510.264 ns, Q3 = 512.617 ns, Max = 515.049 ns
IQR = 4.412 ns, LowerFence = 501.587 ns, UpperFence = 519.235 ns
ConfidenceInterval = [506.863 ns; 513.425 ns] (CI 99.9%), Margin = 3.281 ns (0.64% of Mean)
Skewness = -0.06, Kurtosis = 1.75, MValue = 2
-------------------- Histogram --------------------
[503.378 ns ; 516.683 ns) | @@@@@@@@@@@@@@@
---------------------------------------------------

BenchmarkClass.BuildReportString: DefaultJob [iteration=1000]
Runtime = .NET 10.0.12 (10.0.12, 10.0.1226.42308), X64 RyuJIT x86-64-v3; GC = Concurrent Workstation
Mean = 216.984 μs, StdErr = 1.186 μs (0.55%), N = 35, StdDev = 7.017 μs
Min = 179.676 μs, Q1 = 215.823 μs, Median = 218.386 μs, Q3 = 219.615 μs, Max = 223.613 μs
IQR = 3.792 μs, LowerFence = 210.135 μs, UpperFence = 225.302 μs
ConfidenceInterval = [212.713 μs; 221.254 μs] (CI 99.9%), Margin = 4.270 μs (1.97% of Mean)
Skewness = -4.22, Kurtosis = 22.91, MValue = 2
-------------------- Histogram --------------------
[176.861 μs ; 182.492 μs) | @
[182.492 μs ; 188.122 μs) | 
[188.122 μs ; 193.753 μs) | 
[193.753 μs ; 199.384 μs) | 
[199.384 μs ; 205.015 μs) | 
[205.015 μs ; 210.693 μs) | 
[210.693 μs ; 219.943 μs) | @@@@@@@@@@@@@@@@@@@@@@@@@@
[219.943 μs ; 226.429 μs) | @@@@@@@@
---------------------------------------------------

BenchmarkClass.BuildReportStringBuilder: DefaultJob [iteration=1000]
Runtime = .NET 10.0.12 (10.0.12, 10.0.1226.42308), X64 RyuJIT x86-64-v3; GC = Concurrent Workstation
Mean = 11.225 μs, StdErr = 0.017 μs (0.15%), N = 14, StdDev = 0.062 μs
Min = 11.109 μs, Q1 = 11.189 μs, Median = 11.227 μs, Q3 = 11.260 μs, Max = 11.361 μs
IQR = 0.071 μs, LowerFence = 11.083 μs, UpperFence = 11.365 μs
ConfidenceInterval = [11.155 μs; 11.295 μs] (CI 99.9%), Margin = 0.070 μs (0.62% of Mean)
Skewness = 0.18, Kurtosis = 2.77, MValue = 2
-------------------- Histogram --------------------
[11.076 μs ; 11.395 μs) | @@@@@@@@@@@@@@
---------------------------------------------------

BenchmarkClass.BuildReportString: DefaultJob [iteration=10000]
Runtime = .NET 10.0.12 (10.0.12, 10.0.1226.42308), X64 RyuJIT x86-64-v3; GC = Concurrent Workstation
Mean = 28.815 ms, StdErr = 0.158 ms (0.55%), N = 37, StdDev = 0.962 ms
Min = 24.755 ms, Q1 = 28.852 ms, Median = 28.993 ms, Q3 = 29.149 ms, Max = 29.847 ms
IQR = 0.297 ms, LowerFence = 28.407 ms, UpperFence = 29.594 ms
ConfidenceInterval = [28.248 ms; 29.381 ms] (CI 99.9%), Margin = 0.566 ms (1.97% of Mean)
Skewness = -3.14, Kurtosis = 12.83, MValue = 2
-------------------- Histogram --------------------
[24.713 ms ; 25.470 ms) | @@
[25.470 ms ; 26.228 ms) | 
[26.228 ms ; 26.985 ms) | 
[26.985 ms ; 27.891 ms) | 
[27.891 ms ; 28.629 ms) | @@
[28.629 ms ; 29.387 ms) | @@@@@@@@@@@@@@@@@@@@@@@@@@@@@@@
[29.387 ms ; 30.226 ms) | @@
---------------------------------------------------

BenchmarkClass.BuildReportStringBuilder: DefaultJob [iteration=10000]
Runtime = .NET 10.0.12 (10.0.12, 10.0.1226.42308), X64 RyuJIT x86-64-v3; GC = Concurrent Workstation
Mean = 134.901 μs, StdErr = 0.638 μs (0.47%), N = 22, StdDev = 2.994 μs
Min = 131.033 μs, Q1 = 132.392 μs, Median = 135.286 μs, Q3 = 136.778 μs, Max = 142.478 μs
IQR = 4.385 μs, LowerFence = 125.814 μs, UpperFence = 143.356 μs
ConfidenceInterval = [132.463 μs; 137.338 μs] (CI 99.9%), Margin = 2.438 μs (1.81% of Mean)
Skewness = 0.57, Kurtosis = 2.72, MValue = 2
-------------------- Histogram --------------------
[130.743 μs ; 133.548 μs) | @@@@@@@@@
[133.548 μs ; 137.001 μs) | @@@@@@@@@@
[137.001 μs ; 140.125 μs) | @@
[140.125 μs ; 143.881 μs) | @
---------------------------------------------------

BenchmarkClass.BuildReportString: DefaultJob [iteration=100000]
Runtime = .NET 10.0.12 (10.0.12, 10.0.1226.42308), X64 RyuJIT x86-64-v3; GC = Concurrent Workstation
Mean = 6.965 s, StdErr = 0.035 s (0.51%), N = 20, StdDev = 0.158 s
Min = 6.792 s, Q1 = 6.843 s, Median = 6.937 s, Q3 = 7.019 s, Max = 7.311 s
IQR = 0.176 s, LowerFence = 6.579 s, UpperFence = 7.284 s
ConfidenceInterval = [6.828 s; 7.103 s] (CI 99.9%), Margin = 0.137 s (1.97% of Mean)
Skewness = 0.95, Kurtosis = 2.51, MValue = 2
-------------------- Histogram --------------------
[6.716 s ; 6.972 s) | @@@@@@@@@@@@@@
[6.972 s ; 7.176 s) | @@
[7.176 s ; 7.329 s) | @@@@
---------------------------------------------------

BenchmarkClass.BuildReportStringBuilder: DefaultJob [iteration=100000]
Runtime = .NET 10.0.12 (10.0.12, 10.0.1226.42308), X64 RyuJIT x86-64-v3; GC = Concurrent Workstation
Mean = 1.492 ms, StdErr = 0.005 ms (0.35%), N = 15, StdDev = 0.020 ms
Min = 1.455 ms, Q1 = 1.484 ms, Median = 1.494 ms, Q3 = 1.505 ms, Max = 1.528 ms
IQR = 0.021 ms, LowerFence = 1.452 ms, UpperFence = 1.537 ms
ConfidenceInterval = [1.470 ms; 1.514 ms] (CI 99.9%), Margin = 0.022 ms (1.46% of Mean)
Skewness = -0.38, Kurtosis = 2.25, MValue = 2
-------------------- Histogram --------------------
[1.444 ms ; 1.475 ms) | @@@
[1.475 ms ; 1.539 ms) | @@@@@@@@@@@@
---------------------------------------------------

// * Summary *

BenchmarkDotNet v0.15.8, Windows 11 (10.0.26200.9168/25H2/2025Update/HudsonValley2)
Intel Core i7-8750H CPU 2.20GHz (Max: 2.21GHz) (Coffee Lake), 1 CPU, 12 logical and 6 physical cores
.NET SDK 10.0.401
  [Host]     : .NET 10.0.12 (10.0.12, 10.0.1226.42308), X64 RyuJIT x86-64-v3
  DefaultJob : .NET 10.0.12 (10.0.12, 10.0.1226.42308), X64 RyuJIT x86-64-v3


| Method                   | iteration | Mean               | Error             | StdDev            | Gen0          | Gen1          | Gen2          | Allocated     |
|------------------------- |---------- |-------------------:|------------------:|------------------:|--------------:|--------------:|--------------:|--------------:|
| BuildReportString        | 100       |         3,148.3 ns |         240.12 ns |         704.24 ns |        4.4327 |             - |             - |       20856 B |
| BuildReportStringBuilder | 100       |           510.1 ns |           3.28 ns |           3.07 ns |        0.1745 |             - |             - |         824 B |
| BuildReportString        | 1000      |       216,983.8 ns |       4,270.50 ns |       7,016.55 ns |      603.7598 |        8.5449 |             - |     2840456 B |
| BuildReportStringBuilder | 1000      |        11,225.3 ns |          70.15 ns |          62.19 ns |        6.6223 |        0.1373 |             - |       31192 B |
| BuildReportString        | 10000     |    28,814,517.9 ns |     566,342.70 ns |     961,692.97 ns |    80218.7500 |    11968.7500 |             - |   379436456 B |
| BuildReportStringBuilder | 10000     |       134,900.6 ns |       2,437.79 ns |       2,993.83 ns |       83.2520 |       11.4746 |             - |      391744 B |
| BuildReportString        | 100000    | 6,965,350,720.0 ns | 137,177,381.28 ns | 157,973,676.33 ns | 10665000.0000 | 10566000.0000 | 10552000.0000 | 47914288960 B |
| BuildReportStringBuilder | 100000    |     1,491,836.2 ns |      21,833.12 ns |      20,422.71 ns |      679.6875 |      650.3906 |             - |     4187848 B |

// * Warnings *
MultimodalDistribution
  BenchmarkClass.BuildReportString: Default -> It seems that the distribution can have several modes (mValue = 3.03)

// * Hints *
Outliers
  BenchmarkClass.BuildReportString: Default        -> 1 outlier  was  removed (5.32 μs)
  BenchmarkClass.BuildReportString: Default        -> 2 outliers were removed, 3 outliers were detected (179.68 μs, 240.83 μs, 253.12 μs)
  BenchmarkClass.BuildReportStringBuilder: Default -> 1 outlier  was  removed (11.65 μs)
  BenchmarkClass.BuildReportString: Default        -> 3 outliers were removed, 6 outliers were detected (24.76 ms..27.94 ms, 31.44 ms..33.56 ms)
  BenchmarkClass.BuildReportStringBuilder: Default -> 3 outliers were removed (144.31 μs..244.97 μs)
  BenchmarkClass.BuildReportString: Default        -> 1 outlier  was  removed (7.40 s)

// * Legends *
  iteration : Value of the 'iteration' parameter
  Mean      : Arithmetic mean of all measurements
  Error     : Half of 99.9% confidence interval
  StdDev    : Standard deviation of all measurements
  Gen0      : GC Generation 0 collects per 1000 operations
  Gen1      : GC Generation 1 collects per 1000 operations
  Gen2      : GC Generation 2 collects per 1000 operations
  Allocated : Allocated memory per single operation (managed only, inclusive, 1KB = 1024B)
  1 ns      : 1 Nanosecond (0.000000001 sec)

// * Diagnostic Output - MemoryDiagnoser *


// ***** BenchmarkRunner: End *****
Run time: 00:07:24 (444.47 sec), executed benchmarks: 8

Global total time: 00:07:36 (456.36 sec), executed benchmarks: 8
// * Artifacts cleanup *
Artifacts cleanup is finished
